Archive member included to satisfy reference by file (symbol)

C:/ST/STM32CubeIDE_1.17.0/STM32CubeIDE/plugins/com.st.stm32cube.ide.mcu.externaltools.gnu-tools-for-stm32.12.3.rel1.win32_1.1.0.202410251130/tools/bin/../lib/gcc/arm-none-eabi/12.3.1/../../../../arm-none-eabi/lib/thumb/v7e-m+dp/hard\libc_nano.a(libc_a-exit.o)
                              C:/ST/STM32CubeIDE_1.17.0/STM32CubeIDE/plugins/com.st.stm32cube.ide.mcu.externaltools.gnu-tools-for-stm32.12.3.rel1.win32_1.1.0.202410251130/tools/bin/../lib/gcc/arm-none-eabi/12.3.1/../../../../arm-none-eabi/lib/thumb/v7e-m+dp/hard/crt0.o (exit)
C:/ST/STM32CubeIDE_1.17.0/STM32CubeIDE/plugins/com.st.stm32cube.ide.mcu.externaltools.gnu-tools-for-stm32.12.3.rel1.win32_1.1.0.202410251130/tools/bin/../lib/gcc/arm-none-eabi/12.3.1/../../../../arm-none-eabi/lib/thumb/v7e-m+dp/hard\libc_nano.a(libc_a-findfp.o)
                              C:/ST/STM32CubeIDE_1.17.0/STM32CubeIDE/plugins/com.st.stm32cube.ide.mcu.externaltools.gnu-tools-for-stm32.12.3.rel1.win32_1.1.0.202410251130/tools/bin/../lib/gcc/arm-none-eabi/12.3.1/../../../../arm-none-eabi/lib/thumb/v7e-m+dp/hard\libc_nano.a(libc_a-exit.o) (__stdio_exit_handler)
C:/ST/STM32CubeIDE_1.17.0/STM32CubeIDE/plugins/com.st.stm32cube.ide.mcu.externaltools.gnu-tools-for-stm32.12.3.rel1.win32_1.1.0.202410251130/tools/bin/../lib/gcc/arm-none-eabi/12.3.1/../../../../arm-none-eabi/lib/thumb/v7e-m+dp/hard\libc_nano.a(libc_a-fwalk.o)
                              C:/ST/STM32CubeIDE_1.17.0/STM32CubeIDE/plugins/com.st.stm32cube.ide.mcu.externaltools.gnu-tools-for-stm32.12.3.rel1.win32_1.1.0.202410251130/tools/bin/../lib/gcc/arm-none-eabi/12.3.1/../../../../arm-none-eabi/lib/thumb/v7e-m+dp/hard\libc_nano.a(libc_a-findfp.o) (_fwalk_sglue)
C:/ST/STM32CubeIDE_1.17.0/STM32CubeIDE/plugins/com.st.stm32cube.ide.mcu.externaltools.gnu-tools-for-stm32.12.3.rel1.win32_1.1.0.202410251130/tools/bin/../lib/gcc/arm-none-eabi/12.3.1/../../../../arm-none-eabi/lib/thumb/v7e-m+dp/hard\libc_nano.a(libc_a-stdio.o)
                              C:/ST/STM32CubeIDE_1.17.0/STM32CubeIDE/plugins/com.st.stm32cube.ide.mcu.externaltools.gnu-tools-for-stm32.12.3.rel1.win32_1.1.0.202410251130/tools/bin/../lib/gcc/arm-none-eabi/12.3.1/../../../../arm-none-eabi/lib/thumb/v7e-m+dp/hard\libc_nano.a(libc_a-findfp.o) (__sread)
C:/ST/STM32CubeIDE_1.17.0/STM32CubeIDE/plugins/com.st.stm32cube.ide.mcu.externaltools.gnu-tools-for-stm32.12.3.rel1.win32_1.1.0.202410251130/tools/bin/../lib/gcc/arm-none-eabi/12.3.1/../../../../arm-none-eabi/lib/thumb/v7e-m+dp/hard\libc_nano.a(libc_a-memset.o)
                              C:/ST/STM32CubeIDE_1.17.0/STM32CubeIDE/plugins/com.st.stm32cube.ide.mcu.externaltools.gnu-tools-for-stm32.12.3.rel1.win32_1.1.0.202410251130/tools/bin/../lib/gcc/arm-none-eabi/12.3.1/../../../../arm-none-eabi/lib/thumb/v7e-m+dp/hard/crt0.o (memset)
C:/ST/STM32CubeIDE_1.17.0/STM32CubeIDE/plugins/com.st.stm32cube.ide.mcu.externaltools.gnu-tools-for-stm32.12.3.rel1.win32_1.1.0.202410251130/tools/bin/../lib/gcc/arm-none-eabi/12.3.1/../../../../arm-none-eabi/lib/thumb/v7e-m+dp/hard\libc_nano.a(libc_a-closer.o)
                              C:/ST/STM32CubeIDE_1.17.0/STM32CubeIDE/plugins/com.st.stm32cube.ide.mcu.externaltools.gnu-tools-for-stm32.12.3.rel1.win32_1.1.0.202410251130/tools/bin/../lib/gcc/arm-none-eabi/12.3.1/../../../../arm-none-eabi/lib/thumb/v7e-m+dp/hard\libc_nano.a(libc_a-stdio.o) (_close_r)
C:/ST/STM32CubeIDE_1.17.0/STM32CubeIDE/plugins/com.st.stm32cube.ide.mcu.externaltools.gnu-tools-for-stm32.12.3.rel1.win32_1.1.0.202410251130/tools/bin/../lib/gcc/arm-none-eabi/12.3.1/../../../../arm-none-eabi/lib/thumb/v7e-m+dp/hard\libc_nano.a(libc_a-reent.o)
                              C:/ST/STM32CubeIDE_1.17.0/STM32CubeIDE/plugins/com.st.stm32cube.ide.mcu.externaltools.gnu-tools-for-stm32.12.3.rel1.win32_1.1.0.202410251130/tools/bin/../lib/gcc/arm-none-eabi/12.3.1/../../../../arm-none-eabi/lib/thumb/v7e-m+dp/hard\libc_nano.a(libc_a-closer.o) (errno)
C:/ST/STM32CubeIDE_1.17.0/STM32CubeIDE/plugins/com.st.stm32cube.ide.mcu.externaltools.gnu-tools-for-stm32.12.3.rel1.win32_1.1.0.202410251130/tools/bin/../lib/gcc/arm-none-eabi/12.3.1/../../../../arm-none-eabi/lib/thumb/v7e-m+dp/hard\libc_nano.a(libc_a-impure.o)
                              C:/ST/STM32CubeIDE_1.17.0/STM32CubeIDE/plugins/com.st.stm32cube.ide.mcu.externaltools.gnu-tools-for-stm32.12.3.rel1.win32_1.1.0.202410251130/tools/bin/../lib/gcc/arm-none-eabi/12.3.1/../../../../arm-none-eabi/lib/thumb/v7e-m+dp/hard\libc_nano.a(libc_a-reent.o) (_impure_ptr)
C:/ST/STM32CubeIDE_1.17.0/STM32CubeIDE/plugins/com.st.stm32cube.ide.mcu.externaltools.gnu-tools-for-stm32.12.3.rel1.win32_1.1.0.202410251130/tools/bin/../lib/gcc/arm-none-eabi/12.3.1/../../../../arm-none-eabi/lib/thumb/v7e-m+dp/hard\libc_nano.a(libc_a-lseekr.o)
[...]
Memory Configuration

Name             Origin             Length             Attributes
FLASH            0x08000000         0x00200000         xr
DTCMRAM          0x20000000         0x00020000         xrw
RAM_D1           0x24000000         0x00080000         xrw
RAM_D2           0x30000000         0x00048000         xrw
RAM_D3           0x38000000         0x00010000         xrw
ITCMRAM          0x00000000         0x00010000         xrw
*default*        0x00000000         0xffffffff

Linker script and memory map

LOAD C:/ST/STM32CubeIDE_1.17.0/STM32CubeIDE/plugins/com.st.stm32cube.ide.mcu.externaltools.gnu-tools-for-stm32.12.3.rel1.win32_1.1.0.202410251130/tools/bin/../lib/gcc/arm-none-eabi/12.3.1/thumb/v7e-m+dp/hard/crti.o
LOAD C:/ST/STM32CubeIDE_1.17.0/STM32CubeIDE/plugins/com.st.stm32cube.ide.mcu.externaltools.gnu-tools-for-stm32.12.3.rel1.win32_1.1.0.202410251130/tools/bin/../lib/gcc/arm-none-eabi/12.3.1/thumb/v7e-m+dp/hard/crtbegin.o
LOAD C:/ST/STM32CubeIDE_1.17.0/STM32CubeIDE/plugins/com.st.stm32cube.ide.mcu.externaltools.gnu-tools-for-stm32.12.3.rel1.win32_1.1.0.202410251130/tools/bin/../lib/gcc/arm-none-eabi/12.3.1/../../../../arm-none-eabi/lib/thumb/v7e-m+dp/hard/crt0.o
LOAD ./Core/Src/crc.o
LOAD ./Core/Src/eth.o
LOAD ./Core/Src/gpio.o
LOAD ./Core/Src/main.o
LOAD ./Core/Src/rtc.o
LOAD ./Core/Src/spi.o
LOAD ./Core/Src/stm32h7xx_hal_msp.o
LOAD ./Core/Src/stm32h7xx_it.o
LOAD ./Core/Src/syscalls.o
LOAD ./Core/Src/sysmem.o
LOAD ./Core/Src/system_stm32h7xx.o
LOAD ./Core/Src/tim.o
LOAD ./Core/Src/usart.o
LOAD ./Core/Src/usb_otg.o
LOAD ./Core/Startup/startup_stm32h743zitx.o
LOAD ./Drivers/STM32H7xx_HAL_Driver/Src/stm32h7xx_hal.o
LOAD ./Drivers/STM32H7xx_HAL_Driver/Src/stm32h7xx_hal_cortex.o
LOAD ./Drivers/STM32H7xx_HAL_Driver/Src/stm32h7xx_hal_crc.o
LOAD ./Drivers/STM32H7xx_HAL_Driver/Src/stm32h7xx_hal_crc_ex.o
LOAD ./Drivers/STM32H7xx_HAL_Driver/Src/stm32h7xx_hal_dma.o
LOAD ./Drivers/STM32H7xx_HAL_Driver/Src/stm32h7xx_hal_dma_ex.o
LOAD ./Drivers/STM32H7xx_HAL_Driver/Src/stm32h7xx_hal_eth.o
LOAD ./Drivers/STM32H7xx_HAL_Driver/Src/stm32h7xx_hal_eth_ex.o
LOAD ./Drivers/STM32H7xx_HAL_Driver/Src/stm32h7xx_hal_exti.o
LOAD ./Drivers/STM32H7xx_HAL_Driver/Src/stm32h7xx_hal_flash.o
LOAD ./Drivers/STM32H7xx_HAL_Driver/Src/stm32h7xx_hal_flash_ex.o
LOAD ./Drivers/STM32H7xx_HAL_Driver/Src/stm32h7xx_hal_gpio.o
LOAD ./Drivers/STM32H7xx_HAL_Driver/Src/stm32h7xx_hal_hsem.o
LOAD ./Drivers/STM32H7xx_HAL_Driver/Src/stm32h7xx_hal_i2c.o
LOAD ./Drivers/STM32H7xx_HAL_Driver/Src/stm32h7xx_hal_i2c_ex.o
LOAD ./Drivers/STM32H7xx_HAL_Driver/Src/stm32h7xx_hal_mdma.o
LOAD ./Drivers/STM32H7xx_HAL_Driver/Src/stm32h7xx_hal_pcd.o
LOAD ./Drivers/STM32H7xx_HAL_Driver/Src/stm32h7xx_hal_pcd_ex.o
LOAD ./Drivers/STM32H7xx_HAL_Driver/Src/stm32h7xx_hal_pwr.o
LOAD ./Drivers/STM32H7xx_HAL_Driver/Src/stm32h7xx_hal_pwr_ex.o
LOAD ./Drivers/STM32H7xx_HAL_Driver/Src/stm32h7xx_hal_rcc.o
LOAD ./Drivers/STM32H7xx_HAL_Driver/Src/stm32h7xx_hal_rcc_ex.o
LOAD ./Drivers/STM32H7xx_HAL_Driver/Src/stm32h7xx_hal_rtc.o
LOAD ./Drivers/STM32H7xx_HAL_Driver/Src/stm32h7xx_hal_rtc_ex.o
LOAD ./Drivers/STM32H7xx_HAL_Driver/Src/stm32h7xx_hal_spi.o
LOAD ./Drivers/STM32H7xx_HAL_Driver/Src/stm32h7xx_hal_spi_ex.o
LOAD ./Drivers/STM32H7xx_HAL_Driver/Src/stm32h7xx_hal_tim.o
LOAD ./Drivers/STM32H7xx_HAL_Driver/Src/stm32h7xx_hal_tim_ex.o
LOAD ./Drivers/STM32H7xx_HAL_Driver/Src/stm32h7xx_hal_uart.o
LOAD ./Drivers/STM32H7xx_HAL_Driver/Src/stm32h7xx_hal_uart_ex.o
LOAD ./Drivers/STM32H7xx_HAL_Driver/Src/stm32h7xx_ll_usb.o
LOAD ./System/User_Init.o
LOAD ./System/User_Interrupt.o
LOAD ./System/User_MSP2404.o
LOAD ./System/User_RTC.o
LOAD ./System/User_SuperLoop.o
LOAD ./System/User_TM1638.o
START GROUP
LOAD C:/ST/STM32CubeIDE_1.17.0/STM32CubeIDE/plugins/com.st.stm32cube.ide.mcu.externaltools.gnu-tools-for-stm32.12.3.rel1.win32_1.1.0.202410251130/tools/bin/../lib/gcc/arm-none-eabi/12.3.1/../../../../arm-none-eabi/lib/thumb/v7e-m+dp/hard\libc_nano.a
LOAD C:/ST/STM32CubeIDE_1.17.0/STM32CubeIDE/plugins/com.st.stm32cube.ide.mcu.externaltools.gnu-tools-for-stm32.12.3.rel1.win32_1.1.0.202410251130/tools/bin/../lib/gcc/arm-none-eabi/12.3.1/../../../../arm-none-eabi/lib/thumb/v7e-m+dp/hard\libm.a
END GROUP
START GROUP
LOAD C:/ST/STM32CubeIDE_1.17.0/STM32CubeIDE/plugins/com.st.stm32cube.ide.mcu.externaltools.gnu-tools-for-stm32.12.3.rel1.win32_1.1.0.202410251130/tools/bin/../lib/gcc/arm-none-eabi/12.3.1/thumb/v7e-m+dp/hard\libgcc.a
LOAD C:/ST/STM32CubeIDE_1.17.0/STM32CubeIDE/plugins/com.st.stm32cube.ide.mcu.externaltools.gnu-tools-for-stm32.12.3.rel1.win32_1.1.0.202410251130/tools/bin/../lib/gcc/arm-none-eabi/12.3.1/../../../../arm-none-eabi/lib/thumb/v7e-m+dp/hard\libc_nano.a
END GROUP
START GROUP
LOAD C:/ST/STM32CubeIDE_1.17.0/STM32CubeIDE/plugins/com.st.stm32cube.ide.mcu.externaltools.gnu-tools-for-stm32.12.3.rel1.win32_1.1.0.202410251130/tools/bin/../lib/gcc/arm-none-eabi/12.3.1/thumb/v7e-m+dp/hard\libgcc.a
LOAD C:/ST/STM32CubeIDE_1.17.0/STM32CubeIDE/plugins/com.st.stm32cube.ide.mcu.externaltools.gnu-tools-for-stm32.12.3.rel1.win32_1.1.0.202410251130/tools/bin/../lib/gcc/arm-none-eabi/12.3.1/../../../../arm-none-eabi/lib/thumb/v7e-m+dp/hard\libc_nano.a
LOAD C:/ST/STM32CubeIDE_1.17.0/STM32CubeIDE/plugins/com.st.stm32cube.ide.mcu.externaltools.gnu-tools-for-stm32.12.3.rel1.win32_1.1.0.202410251130/tools/bin/../lib/gcc/arm-none-eabi/12.3.1/../../../../arm-none-eabi/lib/thumb/v7e-m+dp/hard\libnosys.a
END GROUP
START GROUP
LOAD C:/ST/STM32CubeIDE_1.17.0/STM32CubeIDE/plugins/com.st.stm32cube.ide.mcu.externaltools.gnu-tools-for-stm32.12.3.rel1.win32_1.1.0.202410251130/tools/bin/../lib/gcc/arm-none-eabi/12.3.1/thumb/v7e-m+dp/hard\libgcc.a
LOAD C:/ST/STM32CubeIDE_1.17.0/STM32CubeIDE/plugins/com.st.stm32cube.ide.mcu.externaltools.gnu-tools-for-stm32.12.3.rel1.win32_1.1.0.202410251130/tools/bin/../lib/gcc/arm-none-eabi/12.3.1/../../../../arm-none-eabi/lib/thumb/v7e-m+dp/hard\libc_nano.a
LOAD C:/ST/STM32CubeIDE_1.17.0/STM32CubeIDE/plugins/com.st.stm32cube.ide.mcu.externaltools.gnu-tools-for-stm32.12.3.rel1.win32_1.1.0.202410251130/tools/bin/../lib/gcc/arm-none-eabi/12.3.1/../../../../arm-none-eabi/lib/thumb/v7e-m+dp/hard\libnosys.a
END GROUP
LOAD C:/ST/STM32CubeIDE_1.17.0/STM32CubeIDE/plugins/com.st.stm32cube.ide.mcu.externaltools.gnu-tools-for-stm32.12.3.rel1.win32_1.1.0.202410251130/tools/bin/../lib/gcc/arm-none-eabi/12.3.1/thumb/v7e-m+dp/hard/crtend.o
LOAD C:/ST/STM32CubeIDE_1.17.0/STM32CubeIDE/plugins/com.st.stm32cube.ide.mcu.externaltools.gnu-tools-for-stm32.12.3.rel1.win32_1.1.0.202410251130/tools/bin/../lib/gcc/arm-none-eabi/12.3.1/thumb/v7e-m+dp/hard/crtn.o
                0x24080000                        _estack = (ORIGIN (RAM_D1) + LENGTH (RAM_D1))
                0x00000200                        _Min_Heap_Size = 0x200
                0x00000400                        _Min_Stack_Size = 0x400

.isr_vector     0x08000000      0x298
                0x08000000                        . = ALIGN (0x4)
 *(.isr_vector)
 .isr_vector    0x08000000      0x298 ./Core/Startup/startup_stm32h743zitx.o
                0x08000000                g_pfnVectors
                0x08000298                        . = ALIGN (0x4)

.text           0x08000298     0x8fd4
                0x08000298                        . = ALIGN (0x4)
 *(.text)
 .text          0x08000298       0x40 C:/ST/STM32CubeIDE_1.17.0/STM32CubeIDE/plugins/com.st.stm32cube.ide.mcu.externaltools.gnu-tools-for-stm32.12.3.rel1.win32_1.1.0.202410251130/tools/bin/../lib/gcc/arm-none-eabi/12.3.1/thumb/v7e-m+dp/hard/crtbegin.o
 .text          0x080002d8       0x30 C:/ST/STM32CubeIDE_1.17.0/STM32CubeIDE/plugins/com.st.stm32cube.ide.mcu.externaltools.gnu-tools-for-stm32.12.3.rel1.win32_1.1.0.202410251130/tools/bin/../lib/gcc/arm-none-eabi/12.3.1/thumb/v7e-m+dp/hard\libgcc.a(_aeabi_uldivmod.o)
                0x080002d8                __aeabi_uldivmod
 .text          0x08000308      0x2bc C:/ST/STM32CubeIDE_1.17.0/STM32CubeIDE/plugins/com.st.stm32cube.ide.mcu.externaltools.gnu-tools-for-stm32.12.3.rel1.win32_1.1.0.202410251130/tools/bin/../lib/gcc/arm-none-eabi/12.3.1/thumb/v7e-m+dp/hard\libgcc.a(_udivmoddi4.o)
                0x08000308                __udivmoddi4
 .text          0x080005c4        0x4 C:/ST/STM32CubeIDE_1.17.0/STM32CubeIDE/plugins/com.st.stm32cube.ide.mcu.externaltools.gnu-tools-for-stm32.12.3.rel1.win32_1.1.0.202410251130/tools/bin/../lib/gcc/arm-none-eabi/12.3.1/thumb/v7e-m+dp/hard\libgcc.a(_dvmd_tls.o)
                0x080005c4                __aeabi_idiv0
                0x080005c4                __aeabi_ldiv0
 *(.text*)
 .text.MX_CRC_Init
                0x080005c8       0x44 ./Core/Src/crc.o
                0x080005c8                MX_CRC_Init
 .text.HAL_CRC_MspInit
                0x0800060c       0x44 ./Core/Src/crc.o
                0x0800060c                HAL_CRC_MspInit
 .text.MX_ETH_Init
                0x08000650       0x98 ./Core/Src/eth.o
                0x08000650                MX_ETH_Init
 .text.HAL_ETH_MspInit
                0x080006e8      0x19c ./Core/Src/eth.o
                0x080006e8                HAL_ETH_MspInit
 .text.MX_GPIO_Init
                0x08000884      0x248 ./Core/Src/gpio.o
                0x08000884                MX_GPIO_Init
 .text.main     0x08000acc      0x10c ./Core/Src/main.o
                0x08000acc                main
 .text.SystemClock_Config
                0x08000bd8      0x174 ./Core/Src/main.o
                0x08000bd8                SystemClock_Config
 .text.PeriphCommonClock_Config
                0x08000d4c       0x5e ./Core/Src/main.o
                0x08000d4c                PeriphCommonClock_Config
 .text.Error_Handler
                0x08000daa        0xc ./Core/Src/main.o
                0x08000daa                Error_Handler
 *fill*         0x08000db6        0x2 
 .text.MX_RTC_Init
                0x08000db8       0xb8 ./Core/Src/rtc.o
                0x08000db8                MX_RTC_Init
 .text.HAL_RTC_MspInit
                0x08000e70       0x64 ./Core/Src/rtc.o
                0x08000e70                HAL_RTC_MspInit
 .text.MX_SPI4_Init
                0x08000ed4       0xac ./Core/Src/spi.o
                0x08000ed4                MX_SPI4_Init
 .text.MX_SPI5_Init
                0x08000f80       0xb0 ./Core/Src/spi.o
                0x08000f80                MX_SPI5_Init
 .text.HAL_SPI_MspInit
                0x08001030      0x104 ./Core/Src/spi.o
                0x08001030                HAL_SPI_MspInit
 .text.HAL_MspInit
                0x08001134       0x34 ./Core/Src/stm32h7xx_hal_msp.o
                0x08001134                HAL_MspInit
 .text.NMI_Handler
                0x08001168        0x8 ./Core/Src/stm32h7xx_it.o
                0x08001168                NMI_Handler
 .text.HardFault_Handler
                0x08001170        0x8 ./Core/Src/stm32h7xx_it.o
                0x08001170                HardFault_Handler
 .text.MemManage_Handler
                0x08001178        0x8 ./Core/Src/stm32h7xx_it.o
                0x08001178                MemManage_Handler
 .text.BusFault_Handler
                0x08001180        0x8 ./Core/Src/stm32h7xx_it.o
                0x08001180                BusFault_Handler
 .text.UsageFault_Handler
                0x08001188        0x8 ./Core/Src/stm32h7xx_it.o
                0x08001188                UsageFault_Handler
 .text.SVC_Handler
                0x08001190        0xe ./Core/Src/stm32h7xx_it.o
                0x08001190                SVC_Handler
 .text.DebugMon_Handler
                0x0800119e        0xe ./Core/Src/stm32h7xx_it.o
                0x0800119e                DebugMon_Handler
 .text.PendSV_Handler
                0x080011ac        0xe ./Core/Src/stm32h7xx_it.o
                0x080011ac                PendSV_Handler
 .text.SysTick_Handler
                0x080011ba        0xc ./Core/Src/stm32h7xx_it.o
                0x080011ba                SysTick_Handler
 *fill*         0x080011c6        0x2 
 .text.SystemInit
                0x080011c8      0x110 ./Core/Src/system_stm32h7xx.o
                0x080011c8                SystemInit
 .text.MX_TIM2_Init
                0x080012d8       0xf0 ./Core/Src/tim.o
                0x080012d8                MX_TIM2_Init
 .text.HAL_TIM_Base_MspInit
                0x080013c8       0x40 ./Core/Src/tim.o
                0x080013c8                HAL_TIM_Base_MspInit
 .text.HAL_TIM_MspPostInit
                0x08001408       0x70 ./Core/Src/tim.o
                0x08001408                HAL_TIM_MspPostInit
 .text.MX_USART3_UART_Init
                0x08001478       0x98 ./Core/Src/usart.o
                0x08001478                MX_USART3_UART_Init
 .text.HAL_UART_MspInit
                0x08001510       0xd4 ./Core/Src/usart.o
                0x08001510                HAL_UART_MspInit
 .text.MX_USB_OTG_FS_PCD_Init
                0x080015e4       0x64 ./Core/Src/usb_otg.o
                0x080015e4                MX_USB_OTG_FS_PCD_Init
 .text.HAL_PCD_MspInit
                0x08001648       0xf8 ./Core/Src/usb_otg.o
                0x08001648                HAL_PCD_MspInit
 .text.Reset_Handler
                0x08001740       0x50 ./Core/Startup/startup_stm32h743zitx.o
                0x08001740                Reset_Handler
 .text.Default_Handler
                0x08001790        0x2 ./Core/Startup/startup_stm32h743zitx.o
                0x08001790                RTC_Alarm_IRQHandler
                0x08001790                EXTI2_IRQHandler
                0x08001790                TIM8_CC_IRQHandler
                0x08001790                HRTIM1_Master_IRQHandler
                0x08001790                UART8_IRQHandler
                0x08001790                SPI4_IRQHandler
                0x08001790                TIM1_CC_IRQHandler
                0x08001790                BDMA_Channel6_IRQHandler
                0x08001790                DMA2_Stream5_IRQHandler
                0x08001790                HRTIM1_FLT_IRQHandler
                0x08001790                JPEG_IRQHandler
                0x08001790                DMA1_Stream5_IRQHandler
                0x08001790                BDMA_Channel1_IRQHandler
                0x08001790                HRTIM1_TIMD_IRQHandler
                0x08001790                TAMP_STAMP_IRQHandler
                0x08001790                EXTI3_IRQHandler
                0x08001790                LPTIM4_IRQHandler
                0x08001790                TIM8_TRG_COM_TIM14_IRQHandler
                0x08001790                LPTIM2_IRQHandler
                0x08001790                DFSDM1_FLT1_IRQHandler
                0x08001790                DMAMUX2_OVR_IRQHandler
                0x08001790                TIM8_UP_TIM13_IRQHandler
                0x08001790                I2C3_ER_IRQHandler
                0x08001790                DFSDM1_FLT2_IRQHandler
                0x08001790                MDMA_IRQHandler
                0x08001790                LPTIM3_IRQHandler
                0x08001790                HSEM1_IRQHandler
                0x08001790                EXTI0_IRQHandler
                0x08001790                I2C2_EV_IRQHandler
                0x08001790                DMA1_Stream2_IRQHandler
                0x08001790                FPU_IRQHandler
                0x08001790                OTG_HS_WKUP_IRQHandler
                0x08001790                FDCAN1_IT1_IRQHandler
                0x08001790                LTDC_ER_IRQHandler
                0x08001790                DMA2_Stream2_IRQHandler
                0x08001790                HRTIM1_TIME_IRQHandler
                0x08001790                SPI1_IRQHandler
                0x08001790                TIM6_DAC_IRQHandler
                0x08001790                DCMI_IRQHandler
                0x08001790                HRTIM1_TIMC_IRQHandler
                0x08001790                DMA2_Stream3_IRQHandler
                0x08001790                SAI2_IRQHandler
                0x08001790                DFSDM1_FLT3_IRQHandler
                0x08001790                USART6_IRQHandler
                0x08001790                TIM17_IRQHandler
                0x08001790                USART3_IRQHandler
                0x08001790                BDMA_Channel7_IRQHandler
                0x08001790                LPTIM5_IRQHandler
                0x08001790                UART5_IRQHandler
                0x08001790                ADC3_IRQHandler
                0x08001790                DMA2_Stream0_IRQHandler
                0x08001790                TIM4_IRQHandler
                0x08001790                BDMA_Channel2_IRQHandler
                0x08001790                QUADSPI_IRQHandler
                0x08001790                I2C1_EV_IRQHandler
                0x08001790                DMA1_Stream6_IRQHandler
                0x08001790                DMAMUX1_OVR_IRQHandler
                0x08001790                DMA1_Stream1_IRQHandler
                0x08001790                TIM16_IRQHandler
                0x08001790                UART4_IRQHandler
                0x08001790                BDMA_Channel5_IRQHandler
                0x08001790                TIM3_IRQHandler
                0x08001790                RCC_IRQHandler
                0x08001790                TIM8_BRK_TIM12_IRQHandler
                0x08001790                TIM1_TRG_COM_IRQHandler
                0x08001790                Default_Handler
                0x08001790                ECC_IRQHandler
                0x08001790                CEC_IRQHandler
                0x08001790                EXTI15_10_IRQHandler
                0x08001790                BDMA_Channel0_IRQHandler
                0x08001790                ADC_IRQHandler
                0x08001790                DMA1_Stream7_IRQHandler
                0x08001790                HRTIM1_TIMA_IRQHandler
                0x08001790                SPI5_IRQHandler
                0x08001790                TIM7_IRQHandler
                0x08001790                SDMMC1_IRQHandler
                0x08001790                TIM5_IRQHandler
                0x08001790                DMA2_Stream7_IRQHandler
                0x08001790                TIM15_IRQHandler
                0x08001790                PVD_AVD_IRQHandler
                0x08001790                I2C3_EV_IRQHandler
                0x08001790                EXTI9_5_IRQHandler
                0x08001790                RTC_WKUP_IRQHandler
                0x08001790                LTDC_IRQHandler
                0x08001790                SAI3_IRQHandler
                0x08001790                ETH_WKUP_IRQHandler
                0x08001790                SPDIF_RX_IRQHandler
                0x08001790                SPI2_IRQHandler
                0x08001790                OTG_HS_EP1_IN_IRQHandler
                0x08001790                DMA1_Stream0_IRQHandler
                0x08001790                CRS_IRQHandler
                0x08001790                EXTI4_IRQHandler
                0x08001790                RNG_IRQHandler
                0x08001790                HRTIM1_TIMB_IRQHandler
                0x08001790                FDCAN2_IT1_IRQHandler
                0x08001790                ETH_IRQHandler
                0x08001790                TIM1_UP_IRQHandler
                0x08001790                BDMA_Channel4_IRQHandler
                0x08001790                OTG_HS_EP1_OUT_IRQHandler
                0x08001790                WWDG_IRQHandler
                0x08001790                SPI6_IRQHandler
                0x08001790                MDIOS_IRQHandler
                0x08001790                I2C4_EV_IRQHandler
                0x08001790                FDCAN2_IT0_IRQHandler
                0x08001790                LPUART1_IRQHandler
                0x08001790                FDCAN1_IT0_IRQHandler
                0x08001790                TIM2_IRQHandler
                0x08001790                OTG_FS_WKUP_IRQHandler
                0x08001790                OTG_HS_IRQHandler
                0x08001790                DMA2D_IRQHandler
                0x08001790                TIM1_BRK_IRQHandler
                0x08001790                EXTI1_IRQHandler
                0x08001790                SDMMC2_IRQHandler
                0x08001790                OTG_FS_EP1_OUT_IRQHandler
                0x08001790                BDMA_Channel3_IRQHandler
                0x08001790                UART7_IRQHandler
                0x08001790                MDIOS_WKUP_IRQHandler
                0x08001790                USART2_IRQHandler
                0x08001790                DFSDM1_FLT0_IRQHandler
                0x08001790                SAI4_IRQHandler
                0x08001790                I2C2_ER_IRQHandler
                0x08001790                DMA2_Stream1_IRQHandler
                0x08001790                FLASH_IRQHandler
                0x08001790                DMA2_Stream4_IRQHandler
                0x08001790                USART1_IRQHandler
                0x08001790                OTG_FS_IRQHandler
                0x08001790                SPI3_IRQHandler
                0x08001790                WAKEUP_PIN_IRQHandler
                0x08001790                DMA1_Stream4_IRQHandler
                0x08001790                OTG_FS_EP1_IN_IRQHandler
                0x08001790                I2C1_ER_IRQHandler
                0x08001790                FMC_IRQHandler
                0x08001790                FDCAN_CAL_IRQHandler
                0x08001790                SWPMI1_IRQHandler
                0x08001790                COMP1_IRQHandler
                0x08001790                LPTIM1_IRQHandler
                0x08001790                I2C4_ER_IRQHandler
                0x08001790                DMA2_Stream6_IRQHandler
                0x08001790                SAI1_IRQHandler
                0x08001790                DMA1_Stream3_IRQHandler
 *fill*         0x08001792        0x2 
 .text.HAL_Init
                0x08001794       0x78 ./Drivers/STM32H7xx_HAL_Driver/Src/stm32h7xx_hal.o
                0x08001794                HAL_Init
 .text.HAL_InitTick
                0x0800180c       0x6c ./Drivers/STM32H7xx_HAL_Driver/Src/stm32h7xx_hal.o
                0x0800180c                HAL_InitTick
 .text.HAL_IncTick
                0x08001878       0x28 ./Drivers/STM32H7xx_HAL_Driver/Src/stm32h7xx_hal.o
                0x08001878                HAL_IncTick
 .text.HAL_GetTick
                0x080018a0       0x18 ./Drivers/STM32H7xx_HAL_Driver/Src/stm32h7xx_hal.o
                0x080018a0                HAL_GetTick
 .text.HAL_Delay
                0x080018b8       0x48 ./Drivers/STM32H7xx_HAL_Driver/Src/stm32h7xx_hal.o
                0x080018b8                HAL_Delay
 .text.HAL_GetREVID
                0x08001900       0x18 ./Drivers/STM32H7xx_HAL_Driver/Src/stm32h7xx_hal.o
                0x08001900                HAL_GetREVID
 .text.HAL_SYSCFG_ETHInterfaceSelect
                0x08001918       0x28 ./Drivers/STM32H7xx_HAL_Driver/Src/stm32h7xx_hal.o
                0x08001918                HAL_SYSCFG_ETHInterfaceSelect
 .text.__NVIC_SetPriorityGrouping
                0x08001940       0x48 ./Drivers/STM32H7xx_HAL_Driver/Src/stm32h7xx_hal_cortex.o
 .text.__NVIC_GetPriorityGrouping
                0x08001988       0x1c ./Drivers/STM32H7xx_HAL_Driver/Src/stm32h7xx_hal_cortex.o
 .text.__NVIC_SetPriority
                0x080019a4       0x54 ./Drivers/STM32H7xx_HAL_Driver/Src/stm32h7xx_hal_cortex.o
 .text.NVIC_EncodePriority
                0x080019f8       0x66 ./Drivers/STM32H7xx_HAL_Driver/Src/stm32h7xx_hal_cortex.o
 *fill*         0x08001a5e        0x2 
 .text.SysTick_Config
                0x08001a60       0x44 ./Drivers/STM32H7xx_HAL_Driver/Src/stm32h7xx_hal_cortex.o
 .text.HAL_NVIC_SetPriorityGrouping
                0x08001aa4       0x16 ./Drivers/STM32H7xx_HAL_Driver/Src/stm32h7xx_hal_cortex.o
                0x08001aa4                HAL_NVIC_SetPriorityGrouping
 .text.HAL_NVIC_SetPriority
                0x08001aba       0x34 ./Drivers/STM32H7xx_HAL_Driver/Src/stm32h7xx_hal_cortex.o
                0x08001aba                HAL_NVIC_SetPriority
 .text.HAL_SYSTICK_Config
                0x08001aee       0x18 ./Drivers/STM32H7xx_HAL_Driver/Src/stm32h7xx_hal_cortex.o
                0x08001aee                HAL_SYSTICK_Config
 *fill*         0x08001b06        0x2 
 .text.HAL_CRC_Init
                0x08001b08       0xc8 ./Drivers/STM32H7xx_HAL_Driver/Src/stm32h7xx_hal_crc.o
                0x08001b08                HAL_CRC_Init
 .text.HAL_CRCEx_Polynomial_Set
                0x08001bd0      0x11c ./Drivers/STM32H7xx_HAL_Driver/Src/stm32h7xx_hal_crc_ex.o
                0x08001bd0                HAL_CRCEx_Polynomial_Set
 .text.HAL_ETH_Init
                0x08001cec      0x1fc ./Drivers/STM32H7xx_HAL_Driver/Src/stm32h7xx_hal_eth.o
                0x08001cec                HAL_ETH_Init
 .text.HAL_ETH_SetMDIOClockRange
                0x08001ee8       0xa0 ./Drivers/STM32H7xx_HAL_Driver/Src/stm32h7xx_hal_eth.o
                0x08001ee8                HAL_ETH_SetMDIOClockRange
 .text.ETH_SetMACConfig
                0x08001f88      0x238 ./Drivers/STM32H7xx_HAL_Driver/Src/stm32h7xx_hal_eth.o
 .text.ETH_SetDMAConfig
                0x080021c0      0x10c ./Drivers/STM32H7xx_HAL_Driver/Src/stm32h7xx_hal_eth.o
 .text.ETH_MACDMAConfig
                0x080022cc      0x13a ./Drivers/STM32H7xx_HAL_Driver/Src/stm32h7xx_hal_eth.o
 .text.ETH_DMATxDescListInit
                0x08002406       0x92 ./Drivers/STM32H7xx_HAL_Driver/Src/stm32h7xx_hal_eth.o
 .text.ETH_DMARxDescListInit
                0x08002498       0xba ./Drivers/STM32H7xx_HAL_Driver/Src/stm32h7xx_hal_eth.o
 *fill*         0x08002552        0x2 
 .text.HAL_GPIO_Init
                0x08002554      0x360 ./Drivers/STM32H7xx_HAL_Driver/Src/stm32h7xx_hal_gpio.o
                0x08002554                HAL_GPIO_Init
 .text.HAL_GPIO_WritePin
                0x080028b4       0x32 ./Drivers/STM32H7xx_HAL_Driver/Src/stm32h7xx_hal_gpio.o
                0x080028b4                HAL_GPIO_WritePin
 .text.HAL_PCD_Init
                0x080028e6      0x218 ./Drivers/STM32H7xx_HAL_Driver/Src/stm32h7xx_hal_pcd.o
                0x080028e6                HAL_PCD_Init
 *fill*         0x08002afe        0x2 
 .text.HAL_PCDEx_ActivateLPM
                0x08002b00       0x48 ./Drivers/STM32H7xx_HAL_Driver/Src/stm32h7xx_hal_pcd_ex.o
                0x08002b00                HAL_PCDEx_ActivateLPM
 .text.HAL_PWR_EnableBkUpAccess
                0x08002b48       0x20 ./Drivers/STM32H7xx_HAL_Driver/Src/stm32h7xx_hal_pwr.o
                0x08002b48                HAL_PWR_EnableBkUpAccess
 .text.HAL_PWREx_ConfigSupply
                0x08002b68       0x74 ./Drivers/STM32H7xx_HAL_Driver/Src/stm32h7xx_hal_pwr_ex.o
                0x08002b68                HAL_PWREx_ConfigSupply
 .text.HAL_PWREx_EnableUSBVoltageDetector
                0x08002bdc       0x20 ./Drivers/STM32H7xx_HAL_Driver/Src/stm32h7xx_hal_pwr_ex.o
                0x08002bdc                HAL_PWREx_EnableUSBVoltageDetector
 .text.HAL_RCC_OscConfig
                0x08002bfc      0x8b4 ./Drivers/STM32H7xx_HAL_Driver/Src/stm32h7xx_hal_rcc.o
                0x08002bfc                HAL_RCC_OscConfig
 .text.HAL_RCC_ClockConfig
                0x080034b0      0x36c ./Drivers/STM32H7xx_HAL_Driver/Src/stm32h7xx_hal_rcc.o
                0x080034b0                HAL_RCC_ClockConfig
 .text.HAL_RCC_GetSysClockFreq
                0x0800381c      0x2f4 ./Drivers/STM32H7xx_HAL_Driver/Src/stm32h7xx_hal_rcc.o
                0x0800381c                HAL_RCC_GetSysClockFreq
 .text.HAL_RCC_GetHCLKFreq
                0x08003b10       0x60 ./Drivers/STM32H7xx_HAL_Driver/Src/stm32h7xx_hal_rcc.o
                0x08003b10                HAL_RCC_GetHCLKFreq
 .text.HAL_RCC_GetPCLK1Freq
                0x08003b70       0x2c ./Drivers/STM32H7xx_HAL_Driver/Src/stm32h7xx_hal_rcc.o
                0x08003b70                HAL_RCC_GetPCLK1Freq
 .text.HAL_RCC_GetPCLK2Freq
                0x08003b9c       0x2c ./Drivers/STM32H7xx_HAL_Driver/Src/stm32h7xx_hal_rcc.o
                0x08003b9c                HAL_RCC_GetPCLK2Freq
 .text.HAL_RCCEx_PeriphCLKConfig
                0x08003bc8     0x1414 ./Drivers/STM32H7xx_HAL_Driver/Src/stm32h7xx_hal_rcc_ex.o
                0x08003bc8                HAL_RCCEx_PeriphCLKConfig
 .text.HAL_RCCEx_GetD3PCLK1Freq
                0x08004fdc       0x2c ./Drivers/STM32H7xx_HAL_Driver/Src/stm32h7xx_hal_rcc_ex.o
                0x08004fdc                HAL_RCCEx_GetD3PCLK1Freq
 .text.HAL_RCCEx_GetPLL2ClockFreq
                0x08005008      0x2a8 ./Drivers/STM32H7xx_HAL_Driver/Src/stm32h7xx_hal_rcc_ex.o
                0x08005008                HAL_RCCEx_GetPLL2ClockFreq
 .text.HAL_RCCEx_GetPLL3ClockFreq
                0x080052b0      0x2a8 ./Drivers/STM32H7xx_HAL_Driver/Src/stm32h7xx_hal_rcc_ex.o
                0x080052b0                HAL_RCCEx_GetPLL3ClockFreq
 .text.RCCEx_PLL2_Config
                0x08005558      0x164 ./Drivers/STM32H7xx_HAL_Driver/Src/stm32h7xx_hal_rcc_ex.o
 .text.RCCEx_PLL3_Config
                0x080056bc      0x164 ./Drivers/STM32H7xx_HAL_Driver/Src/stm32h7xx_hal_rcc_ex.o
 .text.HAL_RTC_Init
                0x08005820      0x104 ./Drivers/STM32H7xx_HAL_Driver/Src/stm32h7xx_hal_rtc.o
                0x08005820                HAL_RTC_Init
 .text.HAL_RTC_SetTime
                0x08005924      0x13c ./Drivers/STM32H7xx_HAL_Driver/Src/stm32h7xx_hal_rtc.o
                0x08005924                HAL_RTC_SetTime
 .text.HAL_RTC_GetTime
                0x08005a60       0xb8 ./Drivers/STM32H7xx_HAL_Driver/Src/stm32h7xx_hal_rtc.o
                0x08005a60                HAL_RTC_GetTime
 .text.HAL_RTC_SetDate
                0x08005b18      0x110 ./Drivers/STM32H7xx_HAL_Driver/Src/stm32h7xx_hal_rtc.o
                0x08005b18                HAL_RTC_SetDate
 .text.HAL_RTC_GetDate
                0x08005c28       0x9c ./Drivers/STM32H7xx_HAL_Driver/Src/stm32h7xx_hal_rtc.o
                0x08005c28                HAL_RTC_GetDate
 .text.HAL_RTC_WaitForSynchro
                0x08005cc4       0x48 ./Drivers/STM32H7xx_HAL_Driver/Src/stm32h7xx_hal_rtc.o
                0x08005cc4                HAL_RTC_WaitForSynchro
 .text.RTC_EnterInitMode
                0x08005d0c       0x66 ./Drivers/STM32H7xx_HAL_Driver/Src/stm32h7xx_hal_rtc.o
                0x08005d0c                RTC_EnterInitMode
 *fill*         0x08005d72        0x2 
 .text.RTC_ExitInitMode
                0x08005d74       0x7c ./Drivers/STM32H7xx_HAL_Driver/Src/stm32h7xx_hal_rtc.o
                0x08005d74                RTC_ExitInitMode
 .text.RTC_ByteToBcd2
                0x08005df0       0x40 ./Drivers/STM32H7xx_HAL_Driver/Src/stm32h7xx_hal_rtc.o
                0x08005df0                RTC_ByteToBcd2
 .text.RTC_Bcd2ToByte
                0x08005e30       0x34 ./Drivers/STM32H7xx_HAL_Driver/Src/stm32h7xx_hal_rtc.o
                0x08005e30                RTC_Bcd2ToByte
 .text.HAL_SPI_Init
                0x08005e64      0x248 ./Drivers/STM32H7xx_HAL_Driver/Src/stm32h7xx_hal_spi.o
                0x08005e64                HAL_SPI_Init
 .text.HAL_SPI_Transmit
                0x080060ac      0x3dc ./Drivers/STM32H7xx_HAL_Driver/Src/stm32h7xx_hal_spi.o
                0x080060ac                HAL_SPI_Transmit
 .text.SPI_CloseTransfer
                0x08006488      0x140 ./Drivers/STM32H7xx_HAL_Driver/Src/stm32h7xx_hal_spi.o
 .text.SPI_WaitOnFlagUntilTimeout
                0x080065c8       0x5c ./Drivers/STM32H7xx_HAL_Driver/Src/stm32h7xx_hal_spi.o
 .text.SPI_GetPacketSize
                0x08006624       0x36 ./Drivers/STM32H7xx_HAL_Driver/Src/stm32h7xx_hal_spi.o
 .text.HAL_TIM_Base_Init
                0x0800665a       0xae ./Drivers/STM32H7xx_HAL_Driver/Src/stm32h7xx_hal_tim.o
                0x0800665a                HAL_TIM_Base_Init
 .text.HAL_TIM_PWM_Init
                0x08006708       0xae ./Drivers/STM32H7xx_HAL_Driver/Src/stm32h7xx_hal_tim.o
                0x08006708                HAL_TIM_PWM_Init
 .text.HAL_TIM_PWM_MspInit
                0x080067b6       0x14 ./Drivers/STM32H7xx_HAL_Driver/Src/stm32h7xx_hal_tim.o
                0x080067b6                HAL_TIM_PWM_MspInit
 *fill*         0x080067ca        0x2 
 .text.HAL_TIM_PWM_Start
                0x080067cc      0x21c ./Drivers/STM32H7xx_HAL_Driver/Src/stm32h7xx_hal_tim.o
                0x080067cc                HAL_TIM_PWM_Start
 .text.HAL_TIM_PWM_ConfigChannel
                0x080069e8      0x228 ./Drivers/STM32H7xx_HAL_Driver/Src/stm32h7xx_hal_tim.o
                0x080069e8                HAL_TIM_PWM_ConfigChannel
 .text.HAL_TIM_ConfigClockSource
                0x08006c10      0x1f0 ./Drivers/STM32H7xx_HAL_Driver/Src/stm32h7xx_hal_tim.o
                0x08006c10                HAL_TIM_ConfigClockSource
 .text.TIM_Base_SetConfig
                0x08006e00      0x14c ./Drivers/STM32H7xx_HAL_Driver/Src/stm32h7xx_hal_tim.o
                0x08006e00                TIM_Base_SetConfig
 .text.TIM_OC1_SetConfig
                0x08006f4c      0x120 ./Drivers/STM32H7xx_HAL_Driver/Src/stm32h7xx_hal_tim.o
 .text.TIM_OC2_SetConfig
                0x0800706c      0x114 ./Drivers/STM32H7xx_HAL_Driver/Src/stm32h7xx_hal_tim.o
                0x0800706c                TIM_OC2_SetConfig
 .text.TIM_OC3_SetConfig
                0x08007180      0x110 ./Drivers/STM32H7xx_HAL_Driver/Src/stm32h7xx_hal_tim.o
 .text.TIM_OC4_SetConfig
                0x08007290       0xd4 ./Drivers/STM32H7xx_HAL_Driver/Src/stm32h7xx_hal_tim.o
 .text.TIM_OC5_SetConfig
                0x08007364       0xc8 ./Drivers/STM32H7xx_HAL_Driver/Src/stm32h7xx_hal_tim.o
 .text.TIM_OC6_SetConfig
                0x0800742c       0xcc ./Drivers/STM32H7xx_HAL_Driver/Src/stm32h7xx_hal_tim.o
 .text.TIM_TI1_ConfigInputStage
                0x080074f8       0x5e ./Drivers/STM32H7xx_HAL_Driver/Src/stm32h7xx_hal_tim.o
 .text.TIM_TI2_ConfigInputStage
                0x08007556       0x60 ./Drivers/STM32H7xx_HAL_Driver/Src/stm32h7xx_hal_tim.o
 *fill*         0x080075b6        0x2 
 .text.TIM_ITRx_SetConfig
                0x080075b8       0x3c ./Drivers/STM32H7xx_HAL_Driver/Src/stm32h7xx_hal_tim.o
 .text.TIM_ETR_SetConfig
                0x080075f4       0x40 ./Drivers/STM32H7xx_HAL_Driver/Src/stm32h7xx_hal_tim.o
                0x080075f4                TIM_ETR_SetConfig
 .text.TIM_CCxChannelCmd
                0x08007634       0x4a ./Drivers/STM32H7xx_HAL_Driver/Src/stm32h7xx_hal_tim.o
                0x08007634                TIM_CCxChannelCmd
 *fill*         0x0800767e        0x2 
 .text.HAL_TIMEx_MasterConfigSynchronization
                0x08007680      0x11c ./Drivers/STM32H7xx_HAL_Driver/Src/stm32h7xx_hal_tim_ex.o
                0x08007680                HAL_TIMEx_MasterConfigSynchronization
 .text.HAL_UART_Init
                0x0800779c       0xa0 ./Drivers/STM32H7xx_HAL_Driver/Src/stm32h7xx_hal_uart.o
                0x0800779c                HAL_UART_Init
 .text.UART_SetConfig
                0x0800783c      0xad0 ./Drivers/STM32H7xx_HAL_Driver/Src/stm32h7xx_hal_uart.o
                0x0800783c                UART_SetConfig
 .text.UART_AdvFeatureConfig
                0x0800830c      0x144 ./Drivers/STM32H7xx_HAL_Driver/Src/stm32h7xx_hal_uart.o
                0x0800830c                UART_AdvFeatureConfig
 .text.UART_CheckIdleState
                0x08008450      0x154 ./Drivers/STM32H7xx_HAL_Driver/Src/stm32h7xx_hal_uart.o
                0x08008450                UART_CheckIdleState
 .text.UART_WaitOnFlagUntilTimeout
                0x080085a4       0xda ./Drivers/STM32H7xx_HAL_Driver/Src/stm32h7xx_hal_uart.o
                0x080085a4                UART_WaitOnFlagUntilTimeout
 *fill*         0x0800867e        0x2 
 .text.UART_EndRxTransfer
                0x08008680       0xcc ./Drivers/STM32H7xx_HAL_Driver/Src/stm32h7xx_hal_uart.o
 .text.HAL_UARTEx_DisableFifoMode
                0x0800874c       0x72 ./Drivers/STM32H7xx_HAL_Driver/Src/stm32h7xx_hal_uart_ex.o
                0x0800874c                HAL_UARTEx_DisableFifoMode
 .text.HAL_UARTEx_SetTxFifoThreshold
                0x080087be       0x7c ./Drivers/STM32H7xx_HAL_Driver/Src/stm32h7xx_hal_uart_ex.o
                0x080087be                HAL_UARTEx_SetTxFifoThreshold
 .text.HAL_UARTEx_SetRxFifoThreshold
                0x0800883a       0x7c ./Drivers/STM32H7xx_HAL_Driver/Src/stm32h7xx_hal_uart_ex.o
                0x0800883a                HAL_UARTEx_SetRxFifoThreshold
 *fill*         0x080088b6        0x2 
 .text.UARTEx_SetNbDataToProcess
                0x080088b8       0x9c ./Drivers/STM32H7xx_HAL_Driver/Src/stm32h7xx_hal_uart_ex.o
 .text.USB_CoreInit
                0x08008954       0xe4 ./Drivers/STM32H7xx_HAL_Driver/Src/stm32h7xx_ll_usb.o
                0x08008954                USB_CoreInit
 .text.USB_DisableGlobalInt
                0x08008a38       0x22 ./Drivers/STM32H7xx_HAL_Driver/Src/stm32h7xx_ll_usb.o
                0x08008a38                USB_DisableGlobalInt
 .text.USB_SetCurrentMode
                0x08008a5a       0x98 ./Drivers/STM32H7xx_HAL_Driver/Src/stm32h7xx_ll_usb.o
                0x08008a5a                USB_SetCurrentMode
 *fill*         0x08008af2        0x2 
 .text.USB_DevInit
                0x08008af4      0x2bc ./Drivers/STM32H7xx_HAL_Driver/Src/stm32h7xx_ll_usb.o
                0x08008af4                USB_DevInit
 .text.USB_FlushTxFifo
                0x08008db0       0x64 ./Drivers/STM32H7xx_HAL_Driver/Src/stm32h7xx_ll_usb.o
                0x08008db0                USB_FlushTxFifo
 .text.USB_FlushRxFifo
                0x08008e14       0x5c ./Drivers/STM32H7xx_HAL_Driver/Src/stm32h7xx_ll_usb.o
                0x08008e14                USB_FlushRxFifo
 .text.USB_SetDevSpeed
                0x08008e70       0x32 ./Drivers/STM32H7xx_HAL_Driver/Src/stm32h7xx_ll_usb.o
                0x08008e70                USB_SetDevSpeed
 .text.USB_DevDisconnect
                0x08008ea2       0x42 ./Drivers/STM32H7xx_HAL_Driver/Src/stm32h7xx_ll_usb.o
                0x08008ea2                USB_DevDisconnect
 .text.USB_GetMode
                0x08008ee4       0x1c ./Drivers/STM32H7xx_HAL_Driver/Src/stm32h7xx_ll_usb.o
                0x08008ee4                USB_GetMode
 .text.USB_CoreReset
                0x08008f00       0x62 ./Drivers/STM32H7xx_HAL_Driver/Src/stm32h7xx_ll_usb.o
 *fill*         0x08008f62        0x2 
 .text.User_SystemInit
                0x08008f64       0x20 ./System/User_Init.o
                0x08008f64                User_SystemInit
 .text.GetRTC   0x08008f84       0x28 ./System/User_RTC.o
                0x08008f84                GetRTC
 .text.DisplayRTC
                0x08008fac       0x94 ./System/User_RTC.o
                0x08008fac                DisplayRTC
 .text.User_RunSystem
                0x08009040       0x24 ./System/User_SuperLoop.o
                0x08009040                User_RunSystem
 .text.TM1638_SendByte
                0x08009064       0x30 ./System/User_TM1638.o
                0x08009064                TM1638_SendByte
 .text.TM1638_DisplayNumber
                0x08009094       0x40 ./System/User_TM1638.o
                0x08009094                TM1638_DisplayNumber
 .text.TM1638_Init
                0x080090d4       0xc8 ./System/User_TM1638.o
                0x080090d4                TM1638_Init
 .text.TM1638_SendByte_TEST
                0x0800919c       0x60 ./System/User_TM1638.o
                0x0800919c                TM1638_SendByte_TEST
 .text.memset   0x080091fc       0x10 C:/ST/STM32CubeIDE_1.17.0/STM32CubeIDE/plugins/com.st.stm32cube.ide.mcu.externaltools.gnu-tools-for-stm32.12.3.rel1.win32_1.1.0.202410251130/tools/bin/../lib/gcc/arm-none-eabi/12.3.1/../../../../arm-none-eabi/lib/thumb/v7e-m+dp/hard\libc_nano.a(libc_a-memset.o)
                0x080091fc                memset
 .text.__libc_init_array
                0x0800920c       0x48 C:/ST/STM32CubeIDE_1.17.0/STM32CubeIDE/plugins/com.st.stm32cube.ide.mcu.externaltools.gnu-tools-for-stm32.12.3.rel1.win32_1.1.0.202410251130/tools/bin/../lib/gcc/arm-none-eabi/12.3.1/../../../../arm-none-eabi/lib/thumb/v7e-m+dp/hard\libc_nano.a(libc_a-init.o)
                0x0800920c                __libc_init_array
 *(.glue_7)
 .glue_7        0x08009254        0x0 linker stubs
 *(.glue_7t)
 .glue_7t       0x08009254        0x0 linker stubs
 *(.eh_frame)
 .eh_frame      0x08009254        0x0 C:/ST/STM32CubeIDE_1.17.0/STM32CubeIDE/plugins/com.st.stm32cube.ide.mcu.externaltools.gnu-tools-for-stm32.12.3.rel1.win32_1.1.0.202410251130/tools/bin/../lib/gcc/arm-none-eabi/12.3.1/thumb/v7e-m+dp/hard/crtbegin.o
 *(.init)
 .init          0x08009254        0x4 C:/ST/STM32CubeIDE_1.17.0/STM32CubeIDE/plugins/com.st.stm32cube.ide.mcu.externaltools.gnu-tools-for-stm32.12.3.rel1.win32_1.1.0.202410251130/tools/bin/../lib/gcc/arm-none-eabi/12.3.1/thumb/v7e-m+dp/hard/crti.o
                0x08009254                _init
 .init          0x08009258        0x8 C:/ST/STM32CubeIDE_1.17.0/STM32CubeIDE/plugins/com.st.stm32cube.ide.mcu.externaltools.gnu-tools-for-stm32.12.3.rel1.win32_1.1.0.202410251130/tools/bin/../lib/gcc/arm-none-eabi/12.3.1/thumb/v7e-m+dp/hard/crtn.o
 *(.fini)
 .fini          0x08009260        0x4 C:/ST/STM32CubeIDE_1.17.0/STM32CubeIDE/plugins/com.st.stm32cube.ide.mcu.externaltools.gnu-tools-for-stm32.12.3.rel1.win32_1.1.0.202410251130/tools/bin/../lib/gcc/arm-none-eabi/12.3.1/thumb/v7e-m+dp/hard/crti.o
                0x08009260                _fini
 .fini          0x08009264        0x8 C:/ST/STM32CubeIDE_1.17.0/STM32CubeIDE/plugins/com.st.stm32cube.ide.mcu.externaltools.gnu-tools-for-stm32.12.3.rel1.win32_1.1.0.202410251130/tools/bin/../lib/gcc/arm-none-eabi/12.3.1/thumb/v7e-m+dp/hard/crtn.o
                0x0800926c                        . = ALIGN (0x4)
                0x0800926c                        _etext = .

.vfp11_veneer   0x0800926c        0x0
 .vfp11_veneer  0x0800926c        0x0 linker stubs

.v4_bx          0x0800926c        0x0
 .v4_bx         0x0800926c        0x0 linker stubs

.iplt           0x0800926c        0x0
 .iplt          0x0800926c        0x0 C:/ST/STM32CubeIDE_1.17.0/STM32CubeIDE/plugins/com.st.stm32cube.ide.mcu.externaltools.gnu-tools-for-stm32.12.3.rel1.win32_1.1.0.202410251130/tools/bin/../lib/gcc/arm-none-eabi/12.3.1/thumb/v7e-m+dp/hard/crtbegin.o

.rodata         0x0800926c       0x44
                0x0800926c                        . = ALIGN (0x4)
 *(.rodata)
 *(.rodata*)
 .rodata.D1CorePrescTable
                0x0800926c       0x10 ./Core/Src/system_stm32h7xx.o
                0x0800926c                D1CorePrescTable
 .rodata.UARTPrescTable
                0x0800927c       0x18 ./Drivers/STM32H7xx_HAL_Driver/Src/stm32h7xx_hal_uart.o
                0x0800927c                UARTPrescTable
 .rodata.numerator.1
                0x08009294        0x8 ./Drivers/STM32H7xx_HAL_Driver/Src/stm32h7xx_hal_uart_ex.o
 .rodata.denominator.0
                0x0800929c        0x8 ./Drivers/STM32H7xx_HAL_Driver/Src/stm32h7xx_hal_uart_ex.o
 .rodata.TM1636_7Seg
                0x080092a4        0xa ./System/User_TM1638.o
                0x080092a4                TM1636_7Seg
                0x080092b0                        . = ALIGN (0x4)
 *fill*         0x080092ae        0x2 

.ARM.extab
 *(.ARM.extab* .gnu.linkonce.armextab.*)

.ARM            0x080092b0        0x8
                0x080092b0                        __exidx_start = .
 *(.ARM.exidx*)
 .ARM.exidx     0x080092b0        0x8 C:/ST/STM32CubeIDE_1.17.0/STM32CubeIDE/plugins/com.st.stm32cube.ide.mcu.externaltools.gnu-tools-for-stm32.12.3.rel1.win32_1.1.0.202410251130/tools/bin/../lib/gcc/arm-none-eabi/12.3.1/thumb/v7e-m+dp/hard\libgcc.a(_udivmoddi4.o)
                0x080092b8                        __exidx_end = .

.rel.dyn        0x080092b8        0x0
 .rel.iplt      0x080092b8        0x0 C:/ST/STM32CubeIDE_1.17.0/STM32CubeIDE/plugins/com.st.stm32cube.ide.mcu.externaltools.gnu-tools-for-stm32.12.3.rel1.win32_1.1.0.202410251130/tools/bin/../lib/gcc/arm-none-eabi/12.3.1/thumb/v7e-m+dp/hard/crtbegin.o

.preinit_array  0x080092b8        0x0
                0x080092b8                        PROVIDE (__preinit_array_start = .)
 *(.preinit_array*)
                0x080092b8                        PROVIDE (__preinit_array_end = .)

.init_array     0x080092b8        0x4
                0x080092b8                        PROVIDE (__init_array_start = .)
 *(SORT_BY_NAME(.init_array.*))
 *(.init_array*)
 .init_array    0x080092b8        0x4 C:/ST/STM32CubeIDE_1.17.0/STM32CubeIDE/plugins/com.st.stm32cube.ide.mcu.externaltools.gnu-tools-for-stm32.12.3.rel1.win32_1.1.0.202410251130/tools/bin/../lib/gcc/arm-none-eabi/12.3.1/thumb/v7e-m+dp/hard/crtbegin.o
                0x080092bc                        PROVIDE (__init_array_end = .)

.fini_array     0x080092bc        0x4
                [!provide]                        PROVIDE (__fini_array_start = .)
 *(SORT_BY_NAME(.fini_array.*))
 *(.fini_array*)
 .fini_array    0x080092bc        0x4 C:/ST/STM32CubeIDE_1.17.0/STM32CubeIDE/plugins/com.st.stm32cube.ide.mcu.externaltools.gnu-tools-for-stm32.12.3.rel1.win32_1.1.0.202410251130/tools/bin/../lib/gcc/arm-none-eabi/12.3.1/thumb/v7e-m+dp/hard/crtbegin.o
                [!provide]                        PROVIDE (__fini_array_end = .)
                0x080092c0                        _sidata = LOADADDR (.data)

.data           0x24000000       0x10 load address 0x080092c0
                0x24000000                        . = ALIGN (0x4)
                0x24000000                        _sdata = .
 *(.data)
 *(.data*)
 .data.SystemCoreClock
                0x24000000        0x4 ./Core/Src/system_stm32h7xx.o
                0x24000000                SystemCoreClock
 .data.SystemD2Clock
                0x24000004        0x4 ./Core/Src/system_stm32h7xx.o
                0x24000004                SystemD2Clock
 .data.uwTickPrio
                0x24000008        0x4 ./Drivers/STM32H7xx_HAL_Driver/Src/stm32h7xx_hal.o
                0x24000008                uwTickPrio
 .data.uwTickFreq
                0x2400000c        0x1 ./Drivers/STM32H7xx_HAL_Driver/Src/stm32h7xx_hal.o
                0x2400000c                uwTickFreq
 *(.RamFunc)
 *(.RamFunc*)
                0x24000010                        . = ALIGN (0x4)
 *fill*         0x2400000d        0x3 
                0x24000010                        _edata = .

.igot.plt       0x24000010        0x0 load address 0x080092d0
 .igot.plt      0x24000010        0x0 C:/ST/STM32CubeIDE_1.17.0/STM32CubeIDE/plugins/com.st.stm32cube.ide.mcu.externaltools.gnu-tools-for-stm32.12.3.rel1.win32_1.1.0.202410251130/tools/bin/../lib/gcc/arm-none-eabi/12.3.1/thumb/v7e-m+dp/hard/crtbegin.o

.RxDecripSection
                0x24000010       0x60 load address 0x080092d0
 .RxDecripSection
                0x24000010       0x60 ./Core/Src/eth.o
                0x24000010                DMARxDscrTab

.TxDecripSection
                0x24000070       0x60 load address 0x08009330
 .TxDecripSection
                0x24000070       0x60 ./Core/Src/eth.o
                0x24000070                DMATxDscrTab
                0x240000d0                        . = ALIGN (0x4)

.bss            0x240000d0      0x848 load address 0x08009390
                0x240000d0                        _sbss = .
                0x240000d0                        __bss_start__ = _sbss
 *(.bss)
 .bss           0x240000d0       0x1c C:/ST/STM32CubeIDE_1.17.0/STM32CubeIDE/plugins/com.st.stm32cube.ide.mcu.externaltools.gnu-tools-for-stm32.12.3.rel1.win32_1.1.0.202410251130/tools/bin/../lib/gcc/arm-none-eabi/12.3.1/thumb/v7e-m+dp/hard/crtbegin.o
 *(.bss*)
 .bss.hcrc      0x240000ec       0x24 ./Core/Src/crc.o
                0x240000ec                hcrc
 .bss.TxConfig  0x24000110       0x38 ./Core/Src/eth.o
                0x24000110                TxConfig
 .bss.heth      0x24000148       0xb0 ./Core/Src/eth.o
                0x24000148                heth
 .bss.MACAddr.0
                0x240001f8        0x6 ./Core/Src/eth.o
 *fill*         0x240001fe        0x2 
 .bss.hrtc      0x24000200       0x24 ./Core/Src/rtc.o
                0x24000200                hrtc
 .bss.hspi4     0x24000224       0x88 ./Core/Src/spi.o
                0x24000224                hspi4
 .bss.hspi5     0x240002ac       0x88 ./Core/Src/spi.o
                0x240002ac                hspi5
 .bss.htim2     0x24000334       0x4c ./Core/Src/tim.o
                0x24000334                htim2
 .bss.huart3    0x24000380       0x94 ./Core/Src/usart.o
                0x24000380                huart3
 .bss.hpcd_USB_OTG_FS
                0x24000414      0x4e4 ./Core/Src/usb_otg.o
                0x24000414                hpcd_USB_OTG_FS
 .bss.uwTick    0x240008f8        0x4 ./Drivers/STM32H7xx_HAL_Driver/Src/stm32h7xx_hal.o
                0x240008f8                uwTick
 .bss.g_Date    0x240008fc        0x4 ./System/User_RTC.o
                0x240008fc                g_Date
 .bss.g_Time    0x24000900       0x14 ./System/User_RTC.o
                0x24000900                g_Time
 .bss.IsSended_SPI
                0x24000914        0x1 ./System/User_TM1638.o
                0x24000914                IsSended_SPI
 *(COMMON)
                0x24000918                        . = ALIGN (0x4)
 *fill*         0x24000915        0x3 
                0x24000918                        _ebss = .
                0x24000918                        __bss_end__ = _ebss

._user_heap_stack
                0x24000918      0x600 load address 0x08009390
                0x24000918                        . = ALIGN (0x8)
                [!provide]                        PROVIDE (end = .)
                0x24000918                        PROVIDE (_end = .)
                0x24000b18                        . = (. + _Min_Heap_Size)
 *fill*         0x24000918      0x200 
                0x24000f18                        . = (. + _Min_Stack_Size)
 *fill*         0x24000b18      0x400 
                0x24000f18                        . = ALIGN (0x8)

/DISCARD/
 libc.a(*)
 libm.a(*)
 libgcc.a(*)

.ARM.attributes
                0x00000000       0x2e
 *(.ARM.attributes)
 .ARM.attributes
                0x00000000       0x20 C:/ST/STM32CubeIDE_1.17.0/STM32CubeIDE/plugins/com.st.stm32cube.ide.mcu.externaltools.gnu-tools-for-stm32.12.3.rel1.win32_1.1.0.202410251130/tools/bin/../lib/gcc/arm-none-eabi/12.3.1/thumb/v7e-m+dp/hard/crti.o
 .ARM.attributes
                0x00000020       0x32 C:/ST/STM32CubeIDE_1.17.0/STM32CubeIDE/plugins/com.st.stm32cube.ide.mcu.externaltools.gnu-tools-for-stm32.12.3.rel1.win32_1.1.0.202410251130/tools/bin/../lib/gcc/arm-none-eabi/12.3.1/thumb/v7e-m+dp/hard/crtbegin.o
 .ARM.attributes
                0x00000052       0x32 ./Core/Src/crc.o
 .ARM.attributes
                0x00000084       0x32 ./Core/Src/eth.o
 .ARM.attributes
                0x000000b6       0x32 ./Core/Src/gpio.o
 .ARM.attributes
                0x000000e8       0x32 ./Core/Src/main.o
 .ARM.attributes
                0x0000011a       0x32 ./Core/Src/rtc.o
 .ARM.attributes
                0x0000014c       0x32 ./Core/Src/spi.o
 .ARM.attributes
                0x0000017e       0x32 ./Core/Src/stm32h7xx_hal_msp.o
 .ARM.attributes
                0x000001b0       0x32 ./Core/Src/stm32h7xx_it.o
 .ARM.attributes
                0x000001e2       0x32 ./Core/Src/system_stm32h7xx.o
 .ARM.attributes
                0x00000214       0x32 ./Core/Src/tim.o
 .ARM.attributes
                0x00000246       0x32 ./Core/Src/usart.o
 .ARM.attributes
                0x00000278       0x32 ./Core/Src/usb_otg.o
 .ARM.attributes
                0x000002aa       0x21 ./Core/Startup/startup_stm32h743zitx.o
 .ARM.attributes
                0x000002cb       0x32 ./Drivers/STM32H7xx_HAL_Driver/Src/stm32h7xx_hal.o
 .ARM.attributes
                0x000002fd       0x32 ./Drivers/STM32H7xx_HAL_Driver/Src/stm32h7xx_hal_cortex.o
 .ARM.attributes
                0x0000032f       0x32 ./Drivers/STM32H7xx_HAL_Driver/Src/stm32h7xx_hal_crc.o
 .ARM.attributes
                0x00000361       0x32 ./Drivers/STM32H7xx_HAL_Driver/Src/stm32h7xx_hal_crc_ex.o
 .ARM.attributes
                0x00000393       0x32 ./Drivers/STM32H7xx_HAL_Driver/Src/stm32h7xx_hal_eth.o
 .ARM.attributes
                0x000003c5       0x32 ./Drivers/STM32H7xx_HAL_Driver/Src/stm32h7xx_hal_gpio.o
 .ARM.attributes
                0x000003f7       0x32 ./Drivers/STM32H7xx_HAL_Driver/Src/stm32h7xx_hal_pcd.o
 .ARM.attributes
                0x00000429       0x32 ./Drivers/STM32H7xx_HAL_Driver/Src/stm32h7xx_hal_pcd_ex.o
 .ARM.attributes
                0x0000045b       0x32 ./Drivers/STM32H7xx_HAL_Driver/Src/stm32h7xx_hal_pwr.o
 .ARM.attributes
                0x0000048d       0x32 ./Drivers/STM32H7xx_HAL_Driver/Src/stm32h7xx_hal_pwr_ex.o
 .ARM.attributes
                0x000004bf       0x32 ./Drivers/STM32H7xx_HAL_Driver/Src/stm32h7xx_hal_rcc.o
 .ARM.attributes
                0x000004f1       0x32 ./Drivers/STM32H7xx_HAL_Driver/Src/stm32h7xx_hal_rcc_ex.o
 .ARM.attributes
                0x00000523       0x32 ./Drivers/STM32H7xx_HAL_Driver/Src/stm32h7xx_hal_rtc.o
 .ARM.attributes
                0x00000555       0x32 ./Drivers/STM32H7xx_HAL_Driver/Src/stm32h7xx_hal_spi.o
 .ARM.attributes
                0x00000587       0x32 ./Drivers/STM32H7xx_HAL_Driver/Src/stm32h7xx_hal_tim.o
 .ARM.attributes
                0x000005b9       0x32 ./Drivers/STM32H7xx_HAL_Driver/Src/stm32h7xx_hal_tim_ex.o
 .ARM.attributes
                0x000005eb       0x32 ./Drivers/STM32H7xx_HAL_Driver/Src/stm32h7xx_hal_uart.o
 .ARM.attributes
                0x0000061d       0x32 ./Drivers/STM32H7xx_HAL_Driver/Src/stm32h7xx_hal_uart_ex.o
 .ARM.attributes
                0x0000064f       0x32 ./Drivers/STM32H7xx_HAL_Driver/Src/stm32h7xx_ll_usb.o
 .ARM.attributes
                0x00000681       0x32 ./System/User_Init.o
 .ARM.attributes
                0x000006b3       0x32 ./System/User_RTC.o
 .ARM.attributes
                0x000006e5       0x32 ./System/User_SuperLoop.o
 .ARM.attributes
                0x00000717       0x32 ./System/User_TM1638.o
 .ARM.attributes
                0x00000749       0x32 C:/ST/STM32CubeIDE_1.17.0/STM32CubeIDE/plugins/com.st.stm32cube.ide.mcu.externaltools.gnu-tools-for-stm32.12.3.rel1.win32_1.1.0.202410251130/tools/bin/../lib/gcc/arm-none-eabi/12.3.1/../../../../arm-none-eabi/lib/thumb/v7e-m+dp/hard\libc_nano.a(libc_a-memset.o)
 .ARM.attributes
                0x0000077b       0x32 C:/ST/STM32CubeIDE_1.17.0/STM32CubeIDE/plugins/com.st.stm32cube.ide.mcu.externaltools.gnu-tools-for-stm32.12.3.rel1.win32_1.1.0.202410251130/tools/bin/../lib/gcc/arm-none-eabi/12.3.1/../../../../arm-none-eabi/lib/thumb/v7e-m+dp/hard\libc_nano.a(libc_a-init.o)
 .ARM.attributes
                0x000007ad       0x20 C:/ST/STM32CubeIDE_1.17.0/STM32CubeIDE/plugins/com.st.stm32cube.ide.mcu.externaltools.gnu-tools-for-stm32.12.3.rel1.win32_1.1.0.202410251130/tools/bin/../lib/gcc/arm-none-eabi/12.3.1/thumb/v7e-m+dp/hard\libgcc.a(_aeabi_uldivmod.o)
 .ARM.attributes
                0x000007cd       0x32 C:/ST/STM32CubeIDE_1.17.0/STM32CubeIDE/plugins/com.st.stm32cube.ide.mcu.externaltools.gnu-tools-for-stm32.12.3.rel1.win32_1.1.0.202410251130/tools/bin/../lib/gcc/arm-none-eabi/12.3.1/thumb/v7e-m+dp/hard\libgcc.a(_udivmoddi4.o)
 .ARM.attributes
                0x000007ff       0x20 C:/ST/STM32CubeIDE_1.17.0/STM32CubeIDE/plugins/com.st.stm32cube.ide.mcu.externaltools.gnu-tools-for-stm32.12.3.rel1.win32_1.1.0.202410251130/tools/bin/../lib/gcc/arm-none-eabi/12.3.1/thumb/v7e-m+dp/hard\libgcc.a(_dvmd_tls.o)
 .ARM.attributes
                0x0000081f       0x20 C:/ST/STM32CubeIDE_1.17.0/STM32CubeIDE/plugins/com.st.stm32cube.ide.mcu.externaltools.gnu-tools-for-stm32.12.3.rel1.win32_1.1.0.202410251130/tools/bin/../lib/gcc/arm-none-eabi/12.3.1/thumb/v7e-m+dp/hard/crtn.o
OUTPUT(ToyProject.elf elf32-littlearm)
LOAD linker stubs
LOAD C:/ST/STM32CubeIDE_1.17.0/STM32CubeIDE/plugins/com.st.stm32cube.ide.mcu.externaltools.gnu-tools-for-stm32.12.3.rel1.win32_1.1.0.202410251130/tools/bin/../lib/gcc/arm-none-eabi/12.3.1/../../../../arm-none-eabi/lib/thumb/v7e-m+dp/hard\libc.a
LOAD C:/ST/STM32CubeIDE_1.17.0/STM32CubeIDE/plugins/com.st.stm32cube.ide.mcu.externaltools.gnu-tools-for-stm32.12.3.rel1.win32_1.1.0.202410251130/tools/bin/../lib/gcc/arm-none-eabi/12.3.1/../../../../arm-none-eabi/lib/thumb/v7e-m+dp/hard\libm.a
LOAD C:/ST/STM32CubeIDE_1.17.0/STM32CubeIDE/plugins/com.st.stm32cube.ide.mcu.externaltools.gnu-tools-for-stm32.12.3.rel1.win32_1.1.0.202410251130/tools/bin/../lib/gcc/arm-none-eabi/12.3.1/thumb/v7e-m+dp/hard\libgcc.a

.debug_info     0x00000000    0x24c4b
 .debug_info    0x00000000      0x6ab ./Core/Src/crc.o
 .debug_info    0x000006ab     0x174b ./Core/Src/eth.o
 .debug_info    0x00001df6      0x6b7 ./Core/Src/gpio.o
 .debug_info    0x000024ad     0x128e ./Core/Src/main.o
 .debug_info    0x0000373b      0xd80 ./Core/Src/rtc.o
 .debug_info    0x000044bb      0xd8a ./Core/Src/spi.o
 .debug_info    0x00005245      0x464 ./Core/Src/stm32h7xx_hal_msp.o
 .debug_info    0x000056a9      0x128 ./Core/Src/stm32h7xx_it.o
 .debug_info    0x000057d1      0xcef ./Core/Src/system_stm32h7xx.o
 .debug_info    0x000064c0      0xf32 ./Core/Src/tim.o
 .debug_info    0x000073f2     0x10b0 ./Core/Src/usart.o
 .debug_info    0x000084a2      0xf21 ./Core/Src/usb_otg.o
 .debug_info    0x000093c3       0x30 ./Core/Startup/startup_stm32h743zitx.o
 .debug_info    0x000093f3     0x153b ./Drivers/STM32H7xx_HAL_Driver/Src/stm32h7xx_hal.o
 .debug_info    0x0000a92e     0x10ac ./Drivers/STM32H7xx_HAL_Driver/Src/stm32h7xx_hal_cortex.o
 .debug_info    0x0000b9da      0x528 ./Drivers/STM32H7xx_HAL_Driver/Src/stm32h7xx_hal_crc.o
 .debug_info    0x0000bf02      0x33b ./Drivers/STM32H7xx_HAL_Driver/Src/stm32h7xx_hal_crc_ex.o
 .debug_info    0x0000c23d     0x2a30 ./Drivers/STM32H7xx_HAL_Driver/Src/stm32h7xx_hal_eth.o
 .debug_info    0x0000ec6d      0xc4b ./Drivers/STM32H7xx_HAL_Driver/Src/stm32h7xx_hal_gpio.o
 .debug_info    0x0000f8b8     0x1561 ./Drivers/STM32H7xx_HAL_Driver/Src/stm32h7xx_hal_pcd.o
 .debug_info    0x00010e19      0x8b3 ./Drivers/STM32H7xx_HAL_Driver/Src/stm32h7xx_hal_pcd_ex.o
 .debug_info    0x000116cc      0x8fc ./Drivers/STM32H7xx_HAL_Driver/Src/stm32h7xx_hal_pwr.o
 .debug_info    0x00011fc8     0x1008 ./Drivers/STM32H7xx_HAL_Driver/Src/stm32h7xx_hal_pwr_ex.o
 .debug_info    0x00012fd0      0xe5b ./Drivers/STM32H7xx_HAL_Driver/Src/stm32h7xx_hal_rcc.o
 .debug_info    0x00013e2b     0x1216 ./Drivers/STM32H7xx_HAL_Driver/Src/stm32h7xx_hal_rcc_ex.o
 .debug_info    0x00015041      0xe4d ./Drivers/STM32H7xx_HAL_Driver/Src/stm32h7xx_hal_rtc.o
 .debug_info    0x00015e8e     0x1440 ./Drivers/STM32H7xx_HAL_Driver/Src/stm32h7xx_hal_spi.o
 .debug_info    0x000172ce     0x2bae ./Drivers/STM32H7xx_HAL_Driver/Src/stm32h7xx_hal_tim.o
 .debug_info    0x00019e7c     0x17eb ./Drivers/STM32H7xx_HAL_Driver/Src/stm32h7xx_hal_tim_ex.o
 .debug_info    0x0001b667     0x4b13 ./Drivers/STM32H7xx_HAL_Driver/Src/stm32h7xx_hal_uart.o
 .debug_info    0x0002017a      0xfbf ./Drivers/STM32H7xx_HAL_Driver/Src/stm32h7xx_hal_uart_ex.o
 .debug_info    0x00021139     0x1a1e ./Drivers/STM32H7xx_HAL_Driver/Src/stm32h7xx_ll_usb.o
 .debug_info    0x00022b57      0x7e0 ./System/User_Init.o
 .debug_info    0x00023337      0x732 ./System/User_RTC.o
 .debug_info    0x00023a69      0x20f ./System/User_SuperLoop.o
 .debug_info    0x00023c78      0xfd3 ./System/User_TM1638.o

.debug_abbrev   0x00000000     0x4c6c
 .debug_abbrev  0x00000000      0x1ba ./Core/Src/crc.o
 .debug_abbrev  0x000001ba      0x24a ./Core/Src/eth.o
 .debug_abbrev  0x00000404      0x182 ./Core/Src/gpio.o
 .debug_abbrev  0x00000586      0x2b2 ./Core/Src/main.o
 .debug_abbrev  0x00000838      0x1c8 ./Core/Src/rtc.o
 .debug_abbrev  0x00000a00      0x230 ./Core/Src/spi.o
 .debug_abbrev  0x00000c30       0xdb ./Core/Src/stm32h7xx_hal_msp.o
 .debug_abbrev  0x00000d0b       0x73 ./Core/Src/stm32h7xx_it.o
 .debug_abbrev  0x00000d7e      0x14c ./Core/Src/system_stm32h7xx.o
 .debug_abbrev  0x00000eca      0x238 ./Core/Src/tim.o
 .debug_abbrev  0x00001102      0x241 ./Core/Src/usart.o
 .debug_abbrev  0x00001343      0x252 ./Core/Src/usb_otg.o
 .debug_abbrev  0x00001595       0x24 ./Core/Startup/startup_stm32h743zitx.o
 .debug_abbrev  0x000015b9      0x295 ./Drivers/STM32H7xx_HAL_Driver/Src/stm32h7xx_hal.o
 .debug_abbrev  0x0000184e      0x339 ./Drivers/STM32H7xx_HAL_Driver/Src/stm32h7xx_hal_cortex.o
 .debug_abbrev  0x00001b87      0x1ee ./Drivers/STM32H7xx_HAL_Driver/Src/stm32h7xx_hal_crc.o
 .debug_abbrev  0x00001d75      0x151 ./Drivers/STM32H7xx_HAL_Driver/Src/stm32h7xx_hal_crc_ex.o
 .debug_abbrev  0x00001ec6      0x347 ./Drivers/STM32H7xx_HAL_Driver/Src/stm32h7xx_hal_eth.o
 .debug_abbrev  0x0000220d      0x1fe ./Drivers/STM32H7xx_HAL_Driver/Src/stm32h7xx_hal_gpio.o
 .debug_abbrev  0x0000240b      0x2dc ./Drivers/STM32H7xx_HAL_Driver/Src/stm32h7xx_hal_pcd.o
 .debug_abbrev  0x000026e7      0x256 ./Drivers/STM32H7xx_HAL_Driver/Src/stm32h7xx_hal_pcd_ex.o
 .debug_abbrev  0x0000293d      0x18e ./Drivers/STM32H7xx_HAL_Driver/Src/stm32h7xx_hal_pwr.o
 .debug_abbrev  0x00002acb      0x2a7 ./Drivers/STM32H7xx_HAL_Driver/Src/stm32h7xx_hal_pwr_ex.o
 .debug_abbrev  0x00002d72      0x2c8 ./Drivers/STM32H7xx_HAL_Driver/Src/stm32h7xx_hal_rcc.o
 .debug_abbrev  0x0000303a      0x269 ./Drivers/STM32H7xx_HAL_Driver/Src/stm32h7xx_hal_rcc_ex.o
 .debug_abbrev  0x000032a3      0x1fd ./Drivers/STM32H7xx_HAL_Driver/Src/stm32h7xx_hal_rtc.o
 .debug_abbrev  0x000034a0      0x2b1 ./Drivers/STM32H7xx_HAL_Driver/Src/stm32h7xx_hal_spi.o
 .debug_abbrev  0x00003751      0x276 ./Drivers/STM32H7xx_HAL_Driver/Src/stm32h7xx_hal_tim.o
 .debug_abbrev  0x000039c7      0x281 ./Drivers/STM32H7xx_HAL_Driver/Src/stm32h7xx_hal_tim_ex.o
 .debug_abbrev  0x00003c48      0x33d ./Drivers/STM32H7xx_HAL_Driver/Src/stm32h7xx_hal_uart.o
 .debug_abbrev  0x00003f85      0x2d2 ./Drivers/STM32H7xx_HAL_Driver/Src/stm32h7xx_hal_uart_ex.o
 .debug_abbrev  0x00004257      0x2b3 ./Drivers/STM32H7xx_HAL_Driver/Src/stm32h7xx_ll_usb.o
 .debug_abbrev  0x0000450a      0x18d ./System/User_Init.o
 .debug_abbrev  0x00004697      0x1a2 ./System/User_RTC.o
 .debug_abbrev  0x00004839      0x133 ./System/User_SuperLoop.o
 .debug_abbrev  0x0000496c      0x300 ./System/User_TM1638.o

.debug_aranges  0x00000000     0x1a68
 .debug_aranges
                0x00000000       0x30 ./Core/Src/crc.o
 .debug_aranges
                0x00000030       0x30 ./Core/Src/eth.o
 .debug_aranges
                0x00000060       0x20 ./Core/Src/gpio.o
 .debug_aranges
                0x00000080       0x38 ./Core/Src/main.o
 .debug_aranges
                0x000000b8       0x30 ./Core/Src/rtc.o
 .debug_aranges
                0x000000e8       0x38 ./Core/Src/spi.o
 .debug_aranges
                0x00000120       0x20 ./Core/Src/stm32h7xx_hal_msp.o
 .debug_aranges
                0x00000140       0x60 ./Core/Src/stm32h7xx_it.o
 .debug_aranges
                0x000001a0       0x28 ./Core/Src/system_stm32h7xx.o
 .debug_aranges
                0x000001c8       0x38 ./Core/Src/tim.o
 .debug_aranges
                0x00000200       0x30 ./Core/Src/usart.o
 .debug_aranges
                0x00000230       0x30 ./Core/Src/usb_otg.o
 .debug_aranges
                0x00000260       0x28 ./Core/Startup/startup_stm32h743zitx.o
 .debug_aranges
                0x00000288      0x198 ./Drivers/STM32H7xx_HAL_Driver/Src/stm32h7xx_hal.o
 .debug_aranges
                0x00000420      0x130 ./Drivers/STM32H7xx_HAL_Driver/Src/stm32h7xx_hal_cortex.o
 .debug_aranges
                0x00000550       0x60 ./Drivers/STM32H7xx_HAL_Driver/Src/stm32h7xx_hal_crc.o
 .debug_aranges
                0x000005b0       0x30 ./Drivers/STM32H7xx_HAL_Driver/Src/stm32h7xx_hal_crc_ex.o
 .debug_aranges
                0x000005e0      0x1d8 ./Drivers/STM32H7xx_HAL_Driver/Src/stm32h7xx_hal_eth.o
 .debug_aranges
                0x000007b8       0x58 ./Drivers/STM32H7xx_HAL_Driver/Src/stm32h7xx_hal_gpio.o
 .debug_aranges
                0x00000810      0x140 ./Drivers/STM32H7xx_HAL_Driver/Src/stm32h7xx_hal_pcd.o
 .debug_aranges
                0x00000950       0x60 ./Drivers/STM32H7xx_HAL_Driver/Src/stm32h7xx_hal_pcd_ex.o
 .debug_aranges
                0x000009b0       0xa0 ./Drivers/STM32H7xx_HAL_Driver/Src/stm32h7xx_hal_pwr.o
 .debug_aranges
                0x00000a50      0x158 ./Drivers/STM32H7xx_HAL_Driver/Src/stm32h7xx_hal_pwr_ex.o
 .debug_aranges
                0x00000ba8       0x88 ./Drivers/STM32H7xx_HAL_Driver/Src/stm32h7xx_hal_rcc.o
 .debug_aranges
                0x00000c30       0xf8 ./Drivers/STM32H7xx_HAL_Driver/Src/stm32h7xx_hal_rcc_ex.o
 .debug_aranges
                0x00000d28       0xc0 ./Drivers/STM32H7xx_HAL_Driver/Src/stm32h7xx_hal_rtc.o
 .debug_aranges
                0x00000de8      0x1a8 ./Drivers/STM32H7xx_HAL_Driver/Src/stm32h7xx_hal_spi.o
 .debug_aranges
                0x00000f90      0x3e0 ./Drivers/STM32H7xx_HAL_Driver/Src/stm32h7xx_hal_tim.o
 .debug_aranges
                0x00001370      0x188 ./Drivers/STM32H7xx_HAL_Driver/Src/stm32h7xx_hal_tim_ex.o
 .debug_aranges
                0x000014f8      0x248 ./Drivers/STM32H7xx_HAL_Driver/Src/stm32h7xx_hal_uart.o
 .debug_aranges
                0x00001740       0xa8 ./Drivers/STM32H7xx_HAL_Driver/Src/stm32h7xx_hal_uart_ex.o
 .debug_aranges
                0x000017e8      0x1a0 ./Drivers/STM32H7xx_HAL_Driver/Src/stm32h7xx_ll_usb.o
 .debug_aranges
                0x00001988       0x20 ./System/User_Init.o
 .debug_aranges
                0x000019a8       0x38 ./System/User_RTC.o
 .debug_aranges
                0x000019e0       0x20 ./System/User_SuperLoop.o
 .debug_aranges
                0x00001a00       0x68 ./System/User_TM1638.o

.debug_rnglists
                0x00000000     0x1458
 .debug_rnglists
                0x00000000       0x1f ./Core/Src/crc.o
 .debug_rnglists
                0x0000001f       0x22 ./Core/Src/eth.o
 .debug_rnglists
                0x00000041       0x14 ./Core/Src/gpio.o
 .debug_rnglists
                0x00000055       0x27 ./Core/Src/main.o
 .debug_rnglists
                0x0000007c       0x20 ./Core/Src/rtc.o
 .debug_rnglists
                0x0000009c       0x28 ./Core/Src/spi.o
 .debug_rnglists
                0x000000c4       0x13 ./Core/Src/stm32h7xx_hal_msp.o
 .debug_rnglists
                0x000000d7       0x43 ./Core/Src/stm32h7xx_it.o
 .debug_rnglists
                0x0000011a       0x1b ./Core/Src/system_stm32h7xx.o
 .debug_rnglists
                0x00000135       0x26 ./Core/Src/tim.o
 .debug_rnglists
                0x0000015b       0x21 ./Core/Src/usart.o
 .debug_rnglists
                0x0000017c       0x20 ./Core/Src/usb_otg.o
 .debug_rnglists
                0x0000019c       0x19 ./Core/Startup/startup_stm32h743zitx.o
 .debug_rnglists
                0x000001b5      0x131 ./Drivers/STM32H7xx_HAL_Driver/Src/stm32h7xx_hal.o
 .debug_rnglists
                0x000002e6       0xe0 ./Drivers/STM32H7xx_HAL_Driver/Src/stm32h7xx_hal_cortex.o
 .debug_rnglists
                0x000003c6       0x47 ./Drivers/STM32H7xx_HAL_Driver/Src/stm32h7xx_hal_crc.o
 .debug_rnglists
                0x0000040d       0x20 ./Drivers/STM32H7xx_HAL_Driver/Src/stm32h7xx_hal_crc_ex.o
 .debug_rnglists
                0x0000042d      0x176 ./Drivers/STM32H7xx_HAL_Driver/Src/stm32h7xx_hal_eth.o
 .debug_rnglists
                0x000005a3       0x3f ./Drivers/STM32H7xx_HAL_Driver/Src/stm32h7xx_hal_gpio.o
 .debug_rnglists
                0x000005e2       0xf4 ./Drivers/STM32H7xx_HAL_Driver/Src/stm32h7xx_hal_pcd.o
 .debug_rnglists
                0x000006d6       0x45 ./Drivers/STM32H7xx_HAL_Driver/Src/stm32h7xx_hal_pcd_ex.o
 .debug_rnglists
                0x0000071b       0x74 ./Drivers/STM32H7xx_HAL_Driver/Src/stm32h7xx_hal_pwr.o
 .debug_rnglists
                0x0000078f      0x103 ./Drivers/STM32H7xx_HAL_Driver/Src/stm32h7xx_hal_pwr_ex.o
 .debug_rnglists
                0x00000892       0x68 ./Drivers/STM32H7xx_HAL_Driver/Src/stm32h7xx_hal_rcc.o
 .debug_rnglists
                0x000008fa       0xc0 ./Drivers/STM32H7xx_HAL_Driver/Src/stm32h7xx_hal_rcc_ex.o
 .debug_rnglists
                0x000009ba       0x96 ./Drivers/STM32H7xx_HAL_Driver/Src/stm32h7xx_hal_rtc.o
 .debug_rnglists
                0x00000a50      0x148 ./Drivers/STM32H7xx_HAL_Driver/Src/stm32h7xx_hal_spi.o
 .debug_rnglists
                0x00000b98      0x328 ./Drivers/STM32H7xx_HAL_Driver/Src/stm32h7xx_hal_tim.o
 .debug_rnglists
                0x00000ec0      0x13f ./Drivers/STM32H7xx_HAL_Driver/Src/stm32h7xx_hal_tim_ex.o
 .debug_rnglists
                0x00000fff      0x1fa ./Drivers/STM32H7xx_HAL_Driver/Src/stm32h7xx_hal_uart.o
 .debug_rnglists
                0x000011f9       0x7f ./Drivers/STM32H7xx_HAL_Driver/Src/stm32h7xx_hal_uart_ex.o
 .debug_rnglists
                0x00001278      0x147 ./Drivers/STM32H7xx_HAL_Driver/Src/stm32h7xx_ll_usb.o
 .debug_rnglists
                0x000013bf       0x13 ./System/User_Init.o
 .debug_rnglists
                0x000013d2       0x27 ./System/User_RTC.o
 .debug_rnglists
                0x000013f9       0x13 ./System/User_SuperLoop.o
 .debug_rnglists
                0x0000140c       0x4c ./System/User_TM1638.o

.debug_macro    0x00000000    0x3db19
 .debug_macro   0x00000000      0x36f ./Core/Src/crc.o
 .debug_macro   0x0000036f      0xacc ./Core/Src/crc.o
 .debug_macro   0x00000e3b      0x256 ./Core/Src/crc.o
 .debug_macro   0x00001091       0x2e ./Core/Src/crc.o
 .debug_macro   0x000010bf       0x3b ./Core/Src/crc.o
 .debug_macro   0x000010fa       0x22 ./Core/Src/crc.o
 .debug_macro   0x0000111c       0x8e ./Core/Src/crc.o
 .debug_macro   0x000011aa       0x51 ./Core/Src/crc.o
 .debug_macro   0x000011fb      0x103 ./Core/Src/crc.o
 .debug_macro   0x000012fe       0x6a ./Core/Src/crc.o
 .debug_macro   0x00001368      0x1df ./Core/Src/crc.o
 .debug_macro   0x00001547       0x1c ./Core/Src/crc.o
 .debug_macro   0x00001563       0x22 ./Core/Src/crc.o
 .debug_macro   0x00001585       0xfb ./Core/Src/crc.o
 .debug_macro   0x00001680     0x1305 ./Core/Src/crc.o
 .debug_macro   0x00002985      0x11f ./Core/Src/crc.o
 .debug_macro   0x00002aa4       0x27 ./Core/Src/crc.o
 .debug_macro   0x00002acb    0x258f9 ./Core/Src/crc.o
 .debug_macro   0x000283c4       0x6d ./Core/Src/crc.o
 .debug_macro   0x00028431     0x3d79 ./Core/Src/crc.o
 .debug_macro   0x0002c1aa      0x189 ./Core/Src/crc.o
 .debug_macro   0x0002c333       0x61 ./Core/Src/crc.o
 .debug_macro   0x0002c394       0x29 ./Core/Src/crc.o
 .debug_macro   0x0002c3bd       0x43 ./Core/Src/crc.o
 .debug_macro   0x0002c400       0x34 ./Core/Src/crc.o
 .debug_macro   0x0002c434       0x16 ./Core/Src/crc.o
 .debug_macro   0x0002c44a       0x43 ./Core/Src/crc.o
 .debug_macro   0x0002c48d       0x34 ./Core/Src/crc.o
 .debug_macro   0x0002c4c1       0x10 ./Core/Src/crc.o
 .debug_macro   0x0002c4d1       0x58 ./Core/Src/crc.o
 .debug_macro   0x0002c529       0x8e ./Core/Src/crc.o
 .debug_macro   0x0002c5b7       0x1c ./Core/Src/crc.o
 .debug_macro   0x0002c5d3      0x177 ./Core/Src/crc.o
 .debug_macro   0x0002c74a      0x369 ./Core/Src/crc.o
 .debug_macro   0x0002cab3      0x19b ./Core/Src/crc.o
 .debug_macro   0x0002cc4e       0x5d ./Core/Src/crc.o
 .debug_macro   0x0002ccab     0x2382 ./Core/Src/crc.o
 .debug_macro   0x0002f02d     0x102c ./Core/Src/crc.o
 .debug_macro   0x00030059      0x154 ./Core/Src/crc.o
 .debug_macro   0x000301ad      0x114 ./Core/Src/crc.o
 .debug_macro   0x000302c1      0x3b6 ./Core/Src/crc.o
 .debug_macro   0x00030677       0xac ./Core/Src/crc.o
 .debug_macro   0x00030723      0x72d ./Core/Src/crc.o
 .debug_macro   0x00030e50      0x228 ./Core/Src/crc.o
 .debug_macro   0x00031078       0x66 ./Core/Src/crc.o
 .debug_macro   0x000310de      0x3bb ./Core/Src/crc.o
 .debug_macro   0x00031499      0xa80 ./Core/Src/crc.o
 .debug_macro   0x00031f19      0x129 ./Core/Src/crc.o
 .debug_macro   0x00032042      0x3e4 ./Core/Src/crc.o
 .debug_macro   0x00032426      0x275 ./Core/Src/crc.o
 .debug_macro   0x0003269b       0xc7 ./Core/Src/crc.o
 .debug_macro   0x00032762       0x4c ./Core/Src/crc.o
 .debug_macro   0x000327ae      0x3ca ./Core/Src/crc.o
 .debug_macro   0x00032b78      0x408 ./Core/Src/crc.o
 .debug_macro   0x00032f80       0x51 ./Core/Src/crc.o
 .debug_macro   0x00032fd1       0x4a ./Core/Src/crc.o
 .debug_macro   0x0003301b      0x22c ./Core/Src/crc.o
 .debug_macro   0x00033247       0x67 ./Core/Src/crc.o
 .debug_macro   0x000332ae       0xa5 ./Core/Src/crc.o
 .debug_macro   0x00033353      0x1c4 ./Core/Src/crc.o
 .debug_macro   0x00033517      0x25e ./Core/Src/crc.o
 .debug_macro   0x00033775       0x35 ./Core/Src/crc.o
 .debug_macro   0x000337aa      0x328 ./Core/Src/crc.o
 .debug_macro   0x00033ad2      0x65b ./Core/Src/crc.o
 .debug_macro   0x0003412d       0xeb ./Core/Src/crc.o
 .debug_macro   0x00034218      0x5e4 ./Core/Src/crc.o
 .debug_macro   0x000347fc       0xc1 ./Core/Src/crc.o
 .debug_macro   0x000348bd      0xafa ./Core/Src/crc.o
 .debug_macro   0x000353b7      0x29f ./Core/Src/crc.o
 .debug_macro   0x00035656      0x693 ./Core/Src/crc.o
 .debug_macro   0x00035ce9       0xa6 ./Core/Src/crc.o
 .debug_macro   0x00035d8f      0x293 ./Core/Src/crc.o
 .debug_macro   0x00036022       0x90 ./Core/Src/crc.o
 .debug_macro   0x000360b2      0x5a0 ./Core/Src/crc.o
 .debug_macro   0x00036652       0x88 ./Core/Src/crc.o
 .debug_macro   0x000366da       0x16 ./Core/Src/crc.o
 .debug_macro   0x000366f0       0x35 ./Core/Src/crc.o
 .debug_macro   0x00036725       0x20 ./Core/Src/crc.o
 .debug_macro   0x00036745      0x36f ./Core/Src/eth.o
 .debug_macro   0x00036ab4      0x33f ./Core/Src/gpio.o
 .debug_macro   0x00036df3      0x3fa ./Core/Src/main.o
 .debug_macro   0x000371ed       0x1c ./Core/Src/main.o
 .debug_macro   0x00037209       0x10 ./Core/Src/main.o
 .debug_macro   0x00037219       0x1c ./Core/Src/main.o
 .debug_macro   0x00037235       0x16 ./Core/Src/main.o
 .debug_macro   0x0003724b      0x146 ./Core/Src/main.o
 .debug_macro   0x00037391       0x22 ./Core/Src/main.o
 .debug_macro   0x000373b3      0x36f ./Core/Src/rtc.o
 .debug_macro   0x00037722      0x36f ./Core/Src/spi.o
 .debug_macro   0x00037a91      0x335 ./Core/Src/stm32h7xx_hal_msp.o
 .debug_macro   0x00037dc6      0x33f ./Core/Src/stm32h7xx_it.o
 .debug_macro   0x00038105      0x326 ./Core/Src/system_stm32h7xx.o
 .debug_macro   0x0003842b      0x36f ./Core/Src/tim.o
 .debug_macro   0x0003879a      0x36f ./Core/Src/usart.o
 .debug_macro   0x00038b09      0x36f ./Core/Src/usb_otg.o
 .debug_macro   0x00038e78      0x350 ./Drivers/STM32H7xx_HAL_Driver/Src/stm32h7xx_hal.o
 .debug_macro   0x000391c8      0x326 ./Drivers/STM32H7xx_HAL_Driver/Src/stm32h7xx_hal_cortex.o
 .debug_macro   0x000394ee      0x326 ./Drivers/STM32H7xx_HAL_Driver/Src/stm32h7xx_hal_crc.o
 .debug_macro   0x00039814      0x326 ./Drivers/STM32H7xx_HAL_Driver/Src/stm32h7xx_hal_crc_ex.o
 .debug_macro   0x00039b3a      0x3ba ./Drivers/STM32H7xx_HAL_Driver/Src/stm32h7xx_hal_eth.o
 .debug_macro   0x00039ef4      0x32d ./Drivers/STM32H7xx_HAL_Driver/Src/stm32h7xx_hal_gpio.o
 .debug_macro   0x0003a221      0x332 ./Drivers/STM32H7xx_HAL_Driver/Src/stm32h7xx_hal_pcd.o
 .debug_macro   0x0003a553      0x326 ./Drivers/STM32H7xx_HAL_Driver/Src/stm32h7xx_hal_pcd_ex.o
 .debug_macro   0x0003a879      0x34a ./Drivers/STM32H7xx_HAL_Driver/Src/stm32h7xx_hal_pwr.o
 .debug_macro   0x0003abc3      0x35f ./Drivers/STM32H7xx_HAL_Driver/Src/stm32h7xx_hal_pwr_ex.o
 .debug_macro   0x0003af22      0x34a ./Drivers/STM32H7xx_HAL_Driver/Src/stm32h7xx_hal_rcc.o
 .debug_macro   0x0003b26c      0x344 ./Drivers/STM32H7xx_HAL_Driver/Src/stm32h7xx_hal_rcc_ex.o
 .debug_macro   0x0003b5b0      0x327 ./Drivers/STM32H7xx_HAL_Driver/Src/stm32h7xx_hal_rtc.o
 .debug_macro   0x0003b8d7      0x32e ./Drivers/STM32H7xx_HAL_Driver/Src/stm32h7xx_hal_spi.o
 .debug_macro   0x0003bc05      0x327 ./Drivers/STM32H7xx_HAL_Driver/Src/stm32h7xx_hal_tim.o
 .debug_macro   0x0003bf2c      0x326 ./Drivers/STM32H7xx_HAL_Driver/Src/stm32h7xx_hal_tim_ex.o
 .debug_macro   0x0003c252      0x351 ./Drivers/STM32H7xx_HAL_Driver/Src/stm32h7xx_hal_uart.o
 .debug_macro   0x0003c5a3      0x332 ./Drivers/STM32H7xx_HAL_Driver/Src/stm32h7xx_hal_uart_ex.o
 .debug_macro   0x0003c8d5      0x326 ./Drivers/STM32H7xx_HAL_Driver/Src/stm32h7xx_ll_usb.o
 .debug_macro   0x0003cbfb      0x3b4 ./System/User_Init.o
 .debug_macro   0x0003cfaf      0x3dc ./System/User_RTC.o
 .debug_macro   0x0003d38b      0x3aa ./System/User_SuperLoop.o
 .debug_macro   0x0003d735      0x3e4 ./System/User_TM1638.o

.debug_line     0x00000000    0x28f62
 .debug_line    0x00000000      0xa62 ./Core/Src/crc.o
 .debug_line    0x00000a62      0xac6 ./Core/Src/eth.o
 .debug_line    0x00001528      0xa55 ./Core/Src/gpio.o
 .debug_line    0x00001f7d      0xc82 ./Core/Src/main.o
 .debug_line    0x00002bff      0xaa8 ./Core/Src/rtc.o
 .debug_line    0x000036a7      0xb38 ./Core/Src/spi.o
 .debug_line    0x000041df      0x9e5 ./Core/Src/stm32h7xx_hal_msp.o
 .debug_line    0x00004bc4      0xaa8 ./Core/Src/stm32h7xx_it.o
 .debug_line    0x0000566c      0xba1 ./Core/Src/system_stm32h7xx.o
 .debug_line    0x0000620d      0xad3 ./Core/Src/tim.o
 .debug_line    0x00006ce0      0xab8 ./Core/Src/usart.o
 .debug_line    0x00007798      0xaa9 ./Core/Src/usb_otg.o
 .debug_line    0x00008241       0x7a ./Core/Startup/startup_stm32h743zitx.o
 .debug_line    0x000082bb      0xf96 ./Drivers/STM32H7xx_HAL_Driver/Src/stm32h7xx_hal.o
 .debug_line    0x00009251      0xfc5 ./Drivers/STM32H7xx_HAL_Driver/Src/stm32h7xx_hal_cortex.o
 .debug_line    0x0000a216      0xd26 ./Drivers/STM32H7xx_HAL_Driver/Src/stm32h7xx_hal_crc.o
 .debug_line    0x0000af3c      0xaa2 ./Drivers/STM32H7xx_HAL_Driver/Src/stm32h7xx_hal_crc_ex.o
 .debug_line    0x0000b9de     0x1d2f ./Drivers/STM32H7xx_HAL_Driver/Src/stm32h7xx_hal_eth.o
 .debug_line    0x0000d70d      0xe6e ./Drivers/STM32H7xx_HAL_Driver/Src/stm32h7xx_hal_gpio.o
 .debug_line    0x0000e57b     0x17b1 ./Drivers/STM32H7xx_HAL_Driver/Src/stm32h7xx_hal_pcd.o
 .debug_line    0x0000fd2c      0xbf3 ./Drivers/STM32H7xx_HAL_Driver/Src/stm32h7xx_hal_pcd_ex.o
 .debug_line    0x0001091f      0xc00 ./Drivers/STM32H7xx_HAL_Driver/Src/stm32h7xx_hal_pwr.o
 .debug_line    0x0001151f     0x10b9 ./Drivers/STM32H7xx_HAL_Driver/Src/stm32h7xx_hal_pwr_ex.o
 .debug_line    0x000125d8     0x1566 ./Drivers/STM32H7xx_HAL_Driver/Src/stm32h7xx_hal_rcc.o
 .debug_line    0x00013b3e     0x1e7e ./Drivers/STM32H7xx_HAL_Driver/Src/stm32h7xx_hal_rcc_ex.o
 .debug_line    0x000159bc     0x1376 ./Drivers/STM32H7xx_HAL_Driver/Src/stm32h7xx_hal_rtc.o
 .debug_line    0x00016d32     0x24b6 ./Drivers/STM32H7xx_HAL_Driver/Src/stm32h7xx_hal_spi.o
 .debug_line    0x000191e8     0x412c ./Drivers/STM32H7xx_HAL_Driver/Src/stm32h7xx_hal_tim.o
 .debug_line    0x0001d314     0x1f36 ./Drivers/STM32H7xx_HAL_Driver/Src/stm32h7xx_hal_tim_ex.o
 .debug_line    0x0001f24a     0x4024 ./Drivers/STM32H7xx_HAL_Driver/Src/stm32h7xx_hal_uart.o
 .debug_line    0x0002326e     0x1034 ./Drivers/STM32H7xx_HAL_Driver/Src/stm32h7xx_hal_uart_ex.o
 .debug_line    0x000242a2     0x2077 ./Drivers/STM32H7xx_HAL_Driver/Src/stm32h7xx_ll_usb.o
 .debug_line    0x00026319      0xa5d ./System/User_Init.o
 .debug_line    0x00026d76      0xaf9 ./System/User_RTC.o
 .debug_line    0x0002786f      0xa64 ./System/User_SuperLoop.o
 .debug_line    0x000282d3      0xc8f ./System/User_TM1638.o

.debug_str      0x00000000   0x176e3e
 .debug_str     0x00000000   0x16d03b ./Core/Src/crc.o
                             0x16d499 (size before relaxing)
 .debug_str     0x0016d03b      0xa48 ./Core/Src/eth.o
                             0x16ddb8 (size before relaxing)
 .debug_str     0x0016da83       0x68 ./Core/Src/gpio.o
                             0x16d2de (size before relaxing)
 .debug_str     0x0016daeb      0xe46 ./Core/Src/main.o
                             0x16e1b7 (size before relaxing)
 .debug_str     0x0016e931      0x30d ./Core/Src/rtc.o
                             0x16d9a8 (size before relaxing)
 .debug_str     0x0016ec3e      0x558 ./Core/Src/spi.o
                             0x16d99b (size before relaxing)
 .debug_str     0x0016f196       0x2c ./Core/Src/stm32h7xx_hal_msp.o
                             0x16d201 (size before relaxing)
 .debug_str     0x0016f1c2       0xc9 ./Core/Src/stm32h7xx_it.o
                             0x16d060 (size before relaxing)
 .debug_str     0x0016f28b      0x22c ./Core/Src/system_stm32h7xx.o
                             0x16d320 (size before relaxing)
 .debug_str     0x0016f4b7      0x4a6 ./Core/Src/tim.o
                             0x16db9a (size before relaxing)
 .debug_str     0x0016f95d      0x274 ./Core/Src/usart.o
                             0x16dd0a (size before relaxing)
 .debug_str     0x0016fbd1      0x42f ./Core/Src/usb_otg.o
                             0x16db8b (size before relaxing)
 .debug_str     0x00170000       0x44 ./Core/Startup/startup_stm32h743zitx.o
                                 0x70 (size before relaxing)
 .debug_str     0x00170044      0xfbd ./Drivers/STM32H7xx_HAL_Driver/Src/stm32h7xx_hal.o
                             0x16e236 (size before relaxing)
 .debug_str     0x00171001      0x37a ./Drivers/STM32H7xx_HAL_Driver/Src/stm32h7xx_hal_cortex.o
                             0x16dc71 (size before relaxing)
 .debug_str     0x0017137b       0xc6 ./Drivers/STM32H7xx_HAL_Driver/Src/stm32h7xx_hal_crc.o
                             0x16d083 (size before relaxing)
 .debug_str     0x00171441       0x69 ./Drivers/STM32H7xx_HAL_Driver/Src/stm32h7xx_hal_crc_ex.o
                             0x16d029 (size before relaxing)
 .debug_str     0x001714aa     0x1036 ./Drivers/STM32H7xx_HAL_Driver/Src/stm32h7xx_hal_eth.o
                             0x16eba5 (size before relaxing)
 .debug_str     0x001724e0       0xec ./Drivers/STM32H7xx_HAL_Driver/Src/stm32h7xx_hal_gpio.o
                             0x16d2d7 (size before relaxing)
 .debug_str     0x001725cc      0x80a ./Drivers/STM32H7xx_HAL_Driver/Src/stm32h7xx_hal_pcd.o
                             0x16da8b (size before relaxing)
 .debug_str     0x00172dd6      0x16f ./Drivers/STM32H7xx_HAL_Driver/Src/stm32h7xx_hal_pcd_ex.o
                             0x16d429 (size before relaxing)
 .debug_str     0x00172f45      0x285 ./Drivers/STM32H7xx_HAL_Driver/Src/stm32h7xx_hal_pwr.o
                             0x16d29e (size before relaxing)
 .debug_str     0x001731ca      0x5e4 ./Drivers/STM32H7xx_HAL_Driver/Src/stm32h7xx_hal_pwr_ex.o
                             0x16d798 (size before relaxing)
 .debug_str     0x001737ae      0x21a ./Drivers/STM32H7xx_HAL_Driver/Src/stm32h7xx_hal_rcc.o
                             0x16d6bb (size before relaxing)
 .debug_str     0x001739c8      0x64b ./Drivers/STM32H7xx_HAL_Driver/Src/stm32h7xx_hal_rcc_ex.o
                             0x16db9c (size before relaxing)
 .debug_str     0x00174013      0x219 ./Drivers/STM32H7xx_HAL_Driver/Src/stm32h7xx_hal_rtc.o
                             0x16d472 (size before relaxing)
 .debug_str     0x0017422c      0x580 ./Drivers/STM32H7xx_HAL_Driver/Src/stm32h7xx_hal_spi.o
                             0x16d9df (size before relaxing)
 .debug_str     0x001747ac      0xd8c ./Drivers/STM32H7xx_HAL_Driver/Src/stm32h7xx_hal_tim.o
                             0x16e45a (size before relaxing)
 .debug_str     0x00175538      0x58a ./Drivers/STM32H7xx_HAL_Driver/Src/stm32h7xx_hal_tim_ex.o
                             0x16dd82 (size before relaxing)
 .debug_str     0x00175ac2      0xa15 ./Drivers/STM32H7xx_HAL_Driver/Src/stm32h7xx_hal_uart.o
                             0x16e1fc (size before relaxing)
 .debug_str     0x001764d7      0x25a ./Drivers/STM32H7xx_HAL_Driver/Src/stm32h7xx_hal_uart_ex.o
                             0x16d7bc (size before relaxing)
 .debug_str     0x00176731      0x4ab ./Drivers/STM32H7xx_HAL_Driver/Src/stm32h7xx_ll_usb.o
                             0x16d985 (size before relaxing)
 .debug_str     0x00176bdc       0x22 ./System/User_Init.o
                             0x16dd61 (size before relaxing)
 .debug_str     0x00176bfe      0x10c ./System/User_RTC.o
                             0x16dba4 (size before relaxing)
 .debug_str     0x00176d0a       0x1b ./System/User_SuperLoop.o
                             0x16d763 (size before relaxing)
 .debug_str     0x00176d25      0x119 ./System/User_TM1638.o
                             0x16e103 (size before relaxing)

.comment        0x00000000       0x43
 .comment       0x00000000       0x43 ./Core/Src/crc.o
                                 0x44 (size before relaxing)
 .comment       0x00000043       0x44 ./Core/Src/eth.o
 .comment       0x00000043       0x44 ./Core/Src/gpio.o
 .comment       0x00000043       0x44 ./Core/Src/main.o
 .comment       0x00000043       0x44 ./Core/Src/rtc.o
 .comment       0x00000043       0x44 ./Core/Src/spi.o
 .comment       0x00000043       0x44 ./Core/Src/stm32h7xx_hal_msp.o
 .comment       0x00000043       0x44 ./Core/Src/stm32h7xx_it.o
 .comment       0x00000043       0x44 ./Core/Src/system_stm32h7xx.o
 .comment       0x00000043       0x44 ./Core/Src/tim.o
 .comment       0x00000043       0x44 ./Core/Src/usart.o
 .comment       0x00000043       0x44 ./Core/Src/usb_otg.o
 .comment       0x00000043       0x44 ./Drivers/STM32H7xx_HAL_Driver/Src/stm32h7xx_hal.o
 .comment       0x00000043       0x44 ./Drivers/STM32H7xx_HAL_Driver/Src/stm32h7xx_hal_cortex.o
 .comment       0x00000043       0x44 ./Drivers/STM32H7xx_HAL_Driver/Src/stm32h7xx_hal_crc.o
 .comment       0x00000043       0x44 ./Drivers/STM32H7xx_HAL_Driver/Src/stm32h7xx_hal_crc_ex.o
 .comment       0x00000043       0x44 ./Drivers/STM32H7xx_HAL_Driver/Src/stm32h7xx_hal_eth.o
 .comment       0x00000043       0x44 ./Drivers/STM32H7xx_HAL_Driver/Src/stm32h7xx_hal_gpio.o
 .comment       0x00000043       0x44 ./Drivers/STM32H7xx_HAL_Driver/Src/stm32h7xx_hal_pcd.o
 .comment       0x00000043       0x44 ./Drivers/STM32H7xx_HAL_Driver/Src/stm32h7xx_hal_pcd_ex.o
 .comment       0x00000043       0x44 ./Drivers/STM32H7xx_HAL_Driver/Src/stm32h7xx_hal_pwr.o
 .comment       0x00000043       0x44 ./Drivers/STM32H7xx_HAL_Driver/Src/stm32h7xx_hal_pwr_ex.o
 .comment       0x00000043       0x44 ./Drivers/STM32H7xx_HAL_Driver/Src/stm32h7xx_hal_rcc.o
 .comment       0x00000043       0x44 ./Drivers/STM32H7xx_HAL_Driver/Src/stm32h7xx_hal_rcc_ex.o
 .comment       0x00000043       0x44 ./Drivers/STM32H7xx_HAL_Driver/Src/stm32h7xx_hal_rtc.o
 .comment       0x00000043       0x44 ./Drivers/STM32H7xx_HAL_Driver/Src/stm32h7xx_hal_spi.o
 .comment       0x00000043       0x44 ./Drivers/STM32H7xx_HAL_Driver/Src/stm32h7xx_hal_tim.o
 .comment       0x00000043       0x44 ./Drivers/STM32H7xx_HAL_Driver/Src/stm32h7xx_hal_tim_ex.o
 .comment       0x00000043       0x44 ./Drivers/STM32H7xx_HAL_Driver/Src/stm32h7xx_hal_uart.o
 .comment       0x00000043       0x44 ./Drivers/STM32H7xx_HAL_Driver/Src/stm32h7xx_hal_uart_ex.o
 .comment       0x00000043       0x44 ./Drivers/STM32H7xx_HAL_Driver/Src/stm32h7xx_ll_usb.o
 .comment       0x00000043       0x44 ./System/User_Init.o
 .comment       0x00000043       0x44 ./System/User_RTC.o
 .comment       0x00000043       0x44 ./System/User_SuperLoop.o
 .comment       0x00000043       0x44 ./System/User_TM1638.o

.debug_frame    0x00000000     0x6e1c
 .debug_frame   0x00000000       0x7c ./Core/Src/crc.o
 .debug_frame   0x0000007c       0x74 ./Core/Src/eth.o
 .debug_frame   0x000000f0       0x38 ./Core/Src/gpio.o
 .debug_frame   0x00000128       0x94 ./Core/Src/main.o
 .debug_frame   0x000001bc       0x80 ./Core/Src/rtc.o
 .debug_frame   0x0000023c       0x90 ./Core/Src/spi.o
 .debug_frame   0x000002cc       0x38 ./Core/Src/stm32h7xx_hal_msp.o
 .debug_frame   0x00000304      0x104 ./Core/Src/stm32h7xx_it.o
 .debug_frame   0x00000408       0x58 ./Core/Src/system_stm32h7xx.o
 .debug_frame   0x00000460       0xa8 ./Core/Src/tim.o
 .debug_frame   0x00000508       0x78 ./Core/Src/usart.o
 .debug_frame   0x00000580       0x78 ./Core/Src/usb_otg.o
 .debug_frame   0x000005f8      0x690 ./Drivers/STM32H7xx_HAL_Driver/Src/stm32h7xx_hal.o
 .debug_frame   0x00000c88      0x508 ./Drivers/STM32H7xx_HAL_Driver/Src/stm32h7xx_hal_cortex.o
 .debug_frame   0x00001190      0x168 ./Drivers/STM32H7xx_HAL_Driver/Src/stm32h7xx_hal_crc.o
 .debug_frame   0x000012f8       0x88 ./Drivers/STM32H7xx_HAL_Driver/Src/stm32h7xx_hal_crc_ex.o
 .debug_frame   0x00001380      0x894 ./Drivers/STM32H7xx_HAL_Driver/Src/stm32h7xx_hal_eth.o
 .debug_frame   0x00001c14      0x14c ./Drivers/STM32H7xx_HAL_Driver/Src/stm32h7xx_hal_gpio.o
 .debug_frame   0x00001d60      0x590 ./Drivers/STM32H7xx_HAL_Driver/Src/stm32h7xx_hal_pcd.o
 .debug_frame   0x000022f0      0x174 ./Drivers/STM32H7xx_HAL_Driver/Src/stm32h7xx_hal_pcd_ex.o
 .debug_frame   0x00002464      0x254 ./Drivers/STM32H7xx_HAL_Driver/Src/stm32h7xx_hal_pwr.o
 .debug_frame   0x000026b8      0x580 ./Drivers/STM32H7xx_HAL_Driver/Src/stm32h7xx_hal_pwr_ex.o
 .debug_frame   0x00002c38      0x1f8 ./Drivers/STM32H7xx_HAL_Driver/Src/stm32h7xx_hal_rcc.o
 .debug_frame   0x00002e30      0x414 ./Drivers/STM32H7xx_HAL_Driver/Src/stm32h7xx_hal_rcc_ex.o
 .debug_frame   0x00003244      0x32c ./Drivers/STM32H7xx_HAL_Driver/Src/stm32h7xx_hal_rtc.o
 .debug_frame   0x00003570      0x7a8 ./Drivers/STM32H7xx_HAL_Driver/Src/stm32h7xx_hal_spi.o
 .debug_frame   0x00003d18     0x121c ./Drivers/STM32H7xx_HAL_Driver/Src/stm32h7xx_hal_tim.o
 .debug_frame   0x00004f34      0x6d8 ./Drivers/STM32H7xx_HAL_Driver/Src/stm32h7xx_hal_tim_ex.o
 .debug_frame   0x0000560c      0xa94 ./Drivers/STM32H7xx_HAL_Driver/Src/stm32h7xx_hal_uart.o
 .debug_frame   0x000060a0      0x2c0 ./Drivers/STM32H7xx_HAL_Driver/Src/stm32h7xx_hal_uart_ex.o
 .debug_frame   0x00006360      0x7c0 ./Drivers/STM32H7xx_HAL_Driver/Src/stm32h7xx_ll_usb.o
 .debug_frame   0x00006b20       0x2c ./System/User_Init.o
 .debug_frame   0x00006b4c       0x84 ./System/User_RTC.o
 .debug_frame   0x00006bd0       0x2c ./System/User_SuperLoop.o
 .debug_frame   0x00006bfc      0x174 ./System/User_TM1638.o
 .debug_frame   0x00006d70       0x20 C:/ST/STM32CubeIDE_1.17.0/STM32CubeIDE/plugins/com.st.stm32cube.ide.mcu.externaltools.gnu-tools-for-stm32.12.3.rel1.win32_1.1.0.202410251130/tools/bin/../lib/gcc/arm-none-eabi/12.3.1/../../../../arm-none-eabi/lib/thumb/v7e-m+dp/hard\libc_nano.a(libc_a-memset.o)
 .debug_frame   0x00006d90       0x2c C:/ST/STM32CubeIDE_1.17.0/STM32CubeIDE/plugins/com.st.stm32cube.ide.mcu.externaltools.gnu-tools-for-stm32.12.3.rel1.win32_1.1.0.202410251130/tools/bin/../lib/gcc/arm-none-eabi/12.3.1/../../../../arm-none-eabi/lib/thumb/v7e-m+dp/hard\libc_nano.a(libc_a-init.o)
 .debug_frame   0x00006dbc       0x2c C:/ST/STM32CubeIDE_1.17.0/STM32CubeIDE/plugins/com.st.stm32cube.ide.mcu.externaltools.gnu-tools-for-stm32.12.3.rel1.win32_1.1.0.202410251130/tools/bin/../lib/gcc/arm-none-eabi/12.3.1/thumb/v7e-m+dp/hard\libgcc.a(_aeabi_uldivmod.o)
 .debug_frame   0x00006de8       0x34 C:/ST/STM32CubeIDE_1.17.0/STM32CubeIDE/plugins/com.st.stm32cube.ide.mcu.externaltools.gnu-tools-for-stm32.12.3.rel1.win32_1.1.0.202410251130/tools/bin/../lib/gcc/arm-none-eabi/12.3.1/thumb/v7e-m+dp/hard\libgcc.a(_udivmoddi4.o)

.debug_line_str
                0x00000000       0x54
 .debug_line_str
                0x00000000       0x54 ./Core/Startup/startup_stm32h743zitx.o
