Archive member included to satisfy reference by file (symbol)

C:/ST/STM32CubeIDE_1.17.0/STM32CubeIDE/plugins/com.st.stm32cube.ide.mcu.externaltools.gnu-tools-for-stm32.12.3.rel1.win32_1.1.0.202410251130/tools/bin/../lib/gcc/arm-none-eabi/12.3.1/../../../../arm-none-eabi/lib/thumb/v7e-m+dp/hard\libc_nano.a(libc_a-exit.o)
                              C:/ST/STM32CubeIDE_1.17.0/STM32CubeIDE/plugins/com.st.stm32cube.ide.mcu.externaltools.gnu-tools-for-stm32.12.3.rel1.win32_1.1.0.202410251130/tools/bin/../lib/gcc/arm-none-eabi/12.3.1/../../../../arm-none-eabi/lib/thumb/v7e-m+dp/hard/crt0.o (exit)
C:/ST/STM32CubeIDE_1.17.0/STM32CubeIDE/plugins/com.st.stm32cube.ide.mcu.externaltools.gnu-tools-for-stm32.12.3.rel1.win32_1.1.0.202410251130/tools/bin/../lib/gcc/arm-none-eabi/12.3.1/../../../../arm-none-eabi/lib/thumb/v7e-m+dp/hard\libc_nano.a(libc_a-findfp.o)
                              C:/ST/STM32CubeIDE_1.17.0/STM32CubeIDE/plugins/com.st.stm32cube.ide.mcu.externaltools.gnu-tools-for-stm32.12.3.rel1.win32_1.1.0.202410251130/tools/bin/../lib/gcc/arm-none-eabi/12.3.1/../../../../arm-none-eabi/lib/thumb/v7e-m+dp/hard\libc_nano.a(libc_a-exit.o) (__stdio_exit_handler)
C:/ST/STM32CubeIDE_1.17.0/STM32CubeIDE/plugins/com.st.stm32cube.ide.mcu.externaltools.gnu-tools-for-stm32.12.3.rel1.win32_1.1.0.202410251130/tools/bin/../lib/gcc/arm-none-eabi/12.3.1/../../../../arm-none-eabi/lib/thumb/v7e-m+dp/hard\libc_nano.a(libc_a-fwalk.o)
                              C:/ST/STM32CubeIDE_1.17.0/STM32CubeIDE/plugins/com.st.stm32cube.ide.mcu.externaltools.gnu-tools-for-stm32.12.3.rel1.win32_1.1.0.202410251130/tools/bin/../lib/gcc/arm-none-eabi/12.3.1/../../../../arm-none-eabi/lib/thumb/v7e-m+dp/hard\libc_nano.a(libc_a-findfp.o) (_fwalk_sglue)
C:/ST/STM32CubeIDE_1.17.0/STM32CubeIDE/plugins/com.st.stm32cube.ide.mcu.externaltools.gnu-tools-for-stm32.12.3.rel1.win32_1.1.0.202410251130/tools/bin/../lib/gcc/arm-none-eabi/12.3.1/../../../../arm-none-eabi/lib/thumb/v7e-m+dp/hard\libc_nano.a(libc_a-stdio.o)
                              C:/ST/STM32CubeIDE_1.17.0/STM32CubeIDE/plugins/com.st.stm32cube.ide.mcu.externaltools.gnu-tools-for-stm32.12.3.rel1.win32_1.1.0.202410251130/tools/bin/../lib/gcc/arm-none-eabi/12.3.1/../../../../arm-none-eabi/lib/thumb/v7e-m+dp/hard\libc_nano.a(libc_a-findfp.o) (__sread)
C:/ST/STM32CubeIDE_1.17.0/STM32CubeIDE/plugins/com.st.stm32cube.ide.mcu.externaltools.gnu-tools-for-stm32.12.3.rel1.win32_1.1.0.202410251130/tools/bin/../lib/gcc/arm-none-eabi/12.3.1/../../../../arm-none-eabi/lib/thumb/v7e-m+dp/hard\libc_nano.a(libc_a-memset.o)
                              C:/ST/STM32CubeIDE_1.17.0/STM32CubeIDE/plugins/com.st.stm32cube.ide.mcu.externaltools.gnu-tools-for-stm32.12.3.rel1.win32_1.1.0.202410251130/tools/bin/../lib/gcc/arm-none-eabi/12.3.1/../../../../arm-none-eabi/lib/thumb/v7e-m+dp/hard/crt0.o (memset)
C:/ST/STM32CubeIDE_1.17.0/STM32CubeIDE/plugins/com.st.stm32cube.ide.mcu.externaltools.gnu-tools-for-stm32.12.3.rel1.win32_1.1.0.202410251130/tools/bin/../lib/gcc/arm-none-eabi/12.3.1/../../../../arm-none-eabi/lib/thumb/v7e-m+dp/hard\libc_nano.a(libc_a-closer.o)
                              C:/ST/STM32CubeIDE_1.17.0/STM32CubeIDE/plugins/com.st.stm32cube.ide.mcu.externaltools.gnu-tools-for-stm32.12.3.rel1.win32_1.1.0.202410251130/tools/bin/../lib/gcc/arm-none-eabi/12.3.1/../../../../arm-none-eabi/lib/thumb/v7e-m+dp/hard\libc_nano.a(libc_a-stdio.o) (_close_r)
C:/ST/STM32CubeIDE_1.17.0/STM32CubeIDE/plugins/com.st.stm32cube.ide.mcu.externaltools.gnu-tools-for-stm32.12.3.rel1.win32_1.1.0.202410251130/tools/bin/../lib/gcc/arm-none-eabi/12.3.1/../../../../arm-none-eabi/lib/thumb/v7e-m+dp/hard\libc_nano.a(libc_a-reent.o)
                              C:/ST/STM32CubeIDE_1.17.0/STM32CubeIDE/plugins/com.st.stm32cube.ide.mcu.externaltools.gnu-tools-for-stm32.12.3.rel1.win32_1.1.0.202410251130/tools/bin/../lib/gcc/arm-none-eabi/12.3.1/../../../../arm-none-eabi/lib/thumb/v7e-m+dp/hard\libc_nano.a(libc_a-closer.o) (errno)
C:/ST/STM32CubeIDE_1.17.0/STM32CubeIDE/plugins/com.st.stm32cube.ide.mcu.externaltools.gnu-tools-for-stm32.12.3.rel1.win32_1.1.0.202410251130/tools/bin/../lib/gcc/arm-none-eabi/12.3.1/../../../../arm-none-eabi/lib/thumb/v7e-m+dp/hard\libc_nano.a(libc_a-impure.o)
                              C:/ST/STM32CubeIDE_1.17.0/STM32CubeIDE/plugins/com.st.stm32cube.ide.mcu.externaltools.gnu-tools-for-stm32.12.3.rel1.win32_1.1.0.202410251130/tools/bin/../lib/gcc/arm-none-eabi/12.3.1/../../../../arm-none-eabi/lib/thumb/v7e-m+dp/hard\libc_nano.a(libc_a-reent.o) (_impure_ptr)
C:/ST/STM32CubeIDE_1.17.0/STM32CubeIDE/plugins/com.st.stm32cube.ide.mcu.externaltools.gnu-tools-for-stm32.12.3.rel1.win32_1.1.0.202410251130/tools/bin/../lib/gcc/arm-none-eabi/12.3.1/../../../../arm-none-eabi/lib/thumb/v7e-m+dp/hard\libc_nano.a(libc_a-lseekr.o)
[...]
Memory Configuration

Name             Origin             Length             Attributes
FLASH            0x08000000         0x00200000         xr
DTCMRAM          0x20000000         0x00020000         xrw
RAM_D1           0x24000000         0x00080000         xrw
RAM_D2           0x30000000         0x00048000         xrw
RAM_D3           0x38000000         0x00010000         xrw
ITCMRAM          0x00000000         0x00010000         xrw
*default*        0x00000000         0xffffffff

Linker script and memory map

LOAD C:/ST/STM32CubeIDE_1.17.0/STM32CubeIDE/plugins/com.st.stm32cube.ide.mcu.externaltools.gnu-tools-for-stm32.12.3.rel1.win32_1.1.0.202410251130/tools/bin/../lib/gcc/arm-none-eabi/12.3.1/thumb/v7e-m+dp/hard/crti.o
LOAD C:/ST/STM32CubeIDE_1.17.0/STM32CubeIDE/plugins/com.st.stm32cube.ide.mcu.externaltools.gnu-tools-for-stm32.12.3.rel1.win32_1.1.0.202410251130/tools/bin/../lib/gcc/arm-none-eabi/12.3.1/thumb/v7e-m+dp/hard/crtbegin.o
LOAD C:/ST/STM32CubeIDE_1.17.0/STM32CubeIDE/plugins/com.st.stm32cube.ide.mcu.externaltools.gnu-tools-for-stm32.12.3.rel1.win32_1.1.0.202410251130/tools/bin/../lib/gcc/arm-none-eabi/12.3.1/../../../../arm-none-eabi/lib/thumb/v7e-m+dp/hard/crt0.o
LOAD ./Core/Src/dma.o
LOAD ./Core/Src/eth.o
LOAD ./Core/Src/gpio.o
LOAD ./Core/Src/main.o
LOAD ./Core/Src/rtc.o
LOAD ./Core/Src/spi.o
LOAD ./Core/Src/stm32h7xx_hal_msp.o
LOAD ./Core/Src/stm32h7xx_it.o
LOAD ./Core/Src/syscalls.o
LOAD ./Core/Src/sysmem.o
LOAD ./Core/Src/system_stm32h7xx.o
LOAD ./Core/Src/usart.o
LOAD ./Core/Src/usb_otg.o
LOAD ./Core/Startup/startup_stm32h743zitx.o
LOAD ./Drivers/STM32H7xx_HAL_Driver/Src/stm32h7xx_hal.o
LOAD ./Drivers/STM32H7xx_HAL_Driver/Src/stm32h7xx_hal_cortex.o
LOAD ./Drivers/STM32H7xx_HAL_Driver/Src/stm32h7xx_hal_dma.o
LOAD ./Drivers/STM32H7xx_HAL_Driver/Src/stm32h7xx_hal_dma_ex.o
LOAD ./Drivers/STM32H7xx_HAL_Driver/Src/stm32h7xx_hal_eth.o
LOAD ./Drivers/STM32H7xx_HAL_Driver/Src/stm32h7xx_hal_eth_ex.o
LOAD ./Drivers/STM32H7xx_HAL_Driver/Src/stm32h7xx_hal_exti.o
LOAD ./Drivers/STM32H7xx_HAL_Driver/Src/stm32h7xx_hal_flash.o
LOAD ./Drivers/STM32H7xx_HAL_Driver/Src/stm32h7xx_hal_flash_ex.o
LOAD ./Drivers/STM32H7xx_HAL_Driver/Src/stm32h7xx_hal_gpio.o
LOAD ./Drivers/STM32H7xx_HAL_Driver/Src/stm32h7xx_hal_hsem.o
LOAD ./Drivers/STM32H7xx_HAL_Driver/Src/stm32h7xx_hal_i2c.o
LOAD ./Drivers/STM32H7xx_HAL_Driver/Src/stm32h7xx_hal_i2c_ex.o
LOAD ./Drivers/STM32H7xx_HAL_Driver/Src/stm32h7xx_hal_mdma.o
LOAD ./Drivers/STM32H7xx_HAL_Driver/Src/stm32h7xx_hal_pcd.o
LOAD ./Drivers/STM32H7xx_HAL_Driver/Src/stm32h7xx_hal_pcd_ex.o
LOAD ./Drivers/STM32H7xx_HAL_Driver/Src/stm32h7xx_hal_pwr.o
LOAD ./Drivers/STM32H7xx_HAL_Driver/Src/stm32h7xx_hal_pwr_ex.o
LOAD ./Drivers/STM32H7xx_HAL_Driver/Src/stm32h7xx_hal_rcc.o
LOAD ./Drivers/STM32H7xx_HAL_Driver/Src/stm32h7xx_hal_rcc_ex.o
LOAD ./Drivers/STM32H7xx_HAL_Driver/Src/stm32h7xx_hal_rtc.o
LOAD ./Drivers/STM32H7xx_HAL_Driver/Src/stm32h7xx_hal_rtc_ex.o
LOAD ./Drivers/STM32H7xx_HAL_Driver/Src/stm32h7xx_hal_spi.o
LOAD ./Drivers/STM32H7xx_HAL_Driver/Src/stm32h7xx_hal_spi_ex.o
LOAD ./Drivers/STM32H7xx_HAL_Driver/Src/stm32h7xx_hal_tim.o
LOAD ./Drivers/STM32H7xx_HAL_Driver/Src/stm32h7xx_hal_tim_ex.o
LOAD ./Drivers/STM32H7xx_HAL_Driver/Src/stm32h7xx_hal_uart.o
LOAD ./Drivers/STM32H7xx_HAL_Driver/Src/stm32h7xx_hal_uart_ex.o
LOAD ./Drivers/STM32H7xx_HAL_Driver/Src/stm32h7xx_ll_usb.o
LOAD ./System/User_Init.o
LOAD ./System/User_MSP2404.o
LOAD ./System/User_SuperLoop.o
LOAD ./System/User_TM1638.o
START GROUP
LOAD C:/ST/STM32CubeIDE_1.17.0/STM32CubeIDE/plugins/com.st.stm32cube.ide.mcu.externaltools.gnu-tools-for-stm32.12.3.rel1.win32_1.1.0.202410251130/tools/bin/../lib/gcc/arm-none-eabi/12.3.1/../../../../arm-none-eabi/lib/thumb/v7e-m+dp/hard\libc_nano.a
LOAD C:/ST/STM32CubeIDE_1.17.0/STM32CubeIDE/plugins/com.st.stm32cube.ide.mcu.externaltools.gnu-tools-for-stm32.12.3.rel1.win32_1.1.0.202410251130/tools/bin/../lib/gcc/arm-none-eabi/12.3.1/../../../../arm-none-eabi/lib/thumb/v7e-m+dp/hard\libm.a
END GROUP
START GROUP
LOAD C:/ST/STM32CubeIDE_1.17.0/STM32CubeIDE/plugins/com.st.stm32cube.ide.mcu.externaltools.gnu-tools-for-stm32.12.3.rel1.win32_1.1.0.202410251130/tools/bin/../lib/gcc/arm-none-eabi/12.3.1/thumb/v7e-m+dp/hard\libgcc.a
LOAD C:/ST/STM32CubeIDE_1.17.0/STM32CubeIDE/plugins/com.st.stm32cube.ide.mcu.externaltools.gnu-tools-for-stm32.12.3.rel1.win32_1.1.0.202410251130/tools/bin/../lib/gcc/arm-none-eabi/12.3.1/../../../../arm-none-eabi/lib/thumb/v7e-m+dp/hard\libc_nano.a
END GROUP
START GROUP
LOAD C:/ST/STM32CubeIDE_1.17.0/STM32CubeIDE/plugins/com.st.stm32cube.ide.mcu.externaltools.gnu-tools-for-stm32.12.3.rel1.win32_1.1.0.202410251130/tools/bin/../lib/gcc/arm-none-eabi/12.3.1/thumb/v7e-m+dp/hard\libgcc.a
LOAD C:/ST/STM32CubeIDE_1.17.0/STM32CubeIDE/plugins/com.st.stm32cube.ide.mcu.externaltools.gnu-tools-for-stm32.12.3.rel1.win32_1.1.0.202410251130/tools/bin/../lib/gcc/arm-none-eabi/12.3.1/../../../../arm-none-eabi/lib/thumb/v7e-m+dp/hard\libc_nano.a
LOAD C:/ST/STM32CubeIDE_1.17.0/STM32CubeIDE/plugins/com.st.stm32cube.ide.mcu.externaltools.gnu-tools-for-stm32.12.3.rel1.win32_1.1.0.202410251130/tools/bin/../lib/gcc/arm-none-eabi/12.3.1/../../../../arm-none-eabi/lib/thumb/v7e-m+dp/hard\libnosys.a
END GROUP
START GROUP
LOAD C:/ST/STM32CubeIDE_1.17.0/STM32CubeIDE/plugins/com.st.stm32cube.ide.mcu.externaltools.gnu-tools-for-stm32.12.3.rel1.win32_1.1.0.202410251130/tools/bin/../lib/gcc/arm-none-eabi/12.3.1/thumb/v7e-m+dp/hard\libgcc.a
LOAD C:/ST/STM32CubeIDE_1.17.0/STM32CubeIDE/plugins/com.st.stm32cube.ide.mcu.externaltools.gnu-tools-for-stm32.12.3.rel1.win32_1.1.0.202410251130/tools/bin/../lib/gcc/arm-none-eabi/12.3.1/../../../../arm-none-eabi/lib/thumb/v7e-m+dp/hard\libc_nano.a
LOAD C:/ST/STM32CubeIDE_1.17.0/STM32CubeIDE/plugins/com.st.stm32cube.ide.mcu.externaltools.gnu-tools-for-stm32.12.3.rel1.win32_1.1.0.202410251130/tools/bin/../lib/gcc/arm-none-eabi/12.3.1/../../../../arm-none-eabi/lib/thumb/v7e-m+dp/hard\libnosys.a
END GROUP
LOAD C:/ST/STM32CubeIDE_1.17.0/STM32CubeIDE/plugins/com.st.stm32cube.ide.mcu.externaltools.gnu-tools-for-stm32.12.3.rel1.win32_1.1.0.202410251130/tools/bin/../lib/gcc/arm-none-eabi/12.3.1/thumb/v7e-m+dp/hard/crtend.o
LOAD C:/ST/STM32CubeIDE_1.17.0/STM32CubeIDE/plugins/com.st.stm32cube.ide.mcu.externaltools.gnu-tools-for-stm32.12.3.rel1.win32_1.1.0.202410251130/tools/bin/../lib/gcc/arm-none-eabi/12.3.1/thumb/v7e-m+dp/hard/crtn.o
                0x24080000                        _estack = (ORIGIN (RAM_D1) + LENGTH (RAM_D1))
                0x00000200                        _Min_Heap_Size = 0x200
                0x00000400                        _Min_Stack_Size = 0x400

.isr_vector     0x08000000      0x298
                0x08000000                        . = ALIGN (0x4)
 *(.isr_vector)
 .isr_vector    0x08000000      0x298 ./Core/Startup/startup_stm32h743zitx.o
                0x08000000                g_pfnVectors
                0x08000298                        . = ALIGN (0x4)

.text           0x08000298     0x9a14
                0x08000298                        . = ALIGN (0x4)
 *(.text)
 .text          0x08000298       0x40 C:/ST/STM32CubeIDE_1.17.0/STM32CubeIDE/plugins/com.st.stm32cube.ide.mcu.externaltools.gnu-tools-for-stm32.12.3.rel1.win32_1.1.0.202410251130/tools/bin/../lib/gcc/arm-none-eabi/12.3.1/thumb/v7e-m+dp/hard/crtbegin.o
 .text          0x080002d8       0x30 C:/ST/STM32CubeIDE_1.17.0/STM32CubeIDE/plugins/com.st.stm32cube.ide.mcu.externaltools.gnu-tools-for-stm32.12.3.rel1.win32_1.1.0.202410251130/tools/bin/../lib/gcc/arm-none-eabi/12.3.1/thumb/v7e-m+dp/hard\libgcc.a(_aeabi_uldivmod.o)
                0x080002d8                __aeabi_uldivmod
 .text          0x08000308      0x2bc C:/ST/STM32CubeIDE_1.17.0/STM32CubeIDE/plugins/com.st.stm32cube.ide.mcu.externaltools.gnu-tools-for-stm32.12.3.rel1.win32_1.1.0.202410251130/tools/bin/../lib/gcc/arm-none-eabi/12.3.1/thumb/v7e-m+dp/hard\libgcc.a(_udivmoddi4.o)
                0x08000308                __udivmoddi4
 .text          0x080005c4        0x4 C:/ST/STM32CubeIDE_1.17.0/STM32CubeIDE/plugins/com.st.stm32cube.ide.mcu.externaltools.gnu-tools-for-stm32.12.3.rel1.win32_1.1.0.202410251130/tools/bin/../lib/gcc/arm-none-eabi/12.3.1/thumb/v7e-m+dp/hard\libgcc.a(_dvmd_tls.o)
                0x080005c4                __aeabi_idiv0
                0x080005c4                __aeabi_ldiv0
 *(.text*)
 .text.MX_DMA_Init
                0x080005c8       0x40 ./Core/Src/dma.o
                0x080005c8                MX_DMA_Init
 .text.MX_ETH_Init
                0x08000608       0x98 ./Core/Src/eth.o
                0x08000608                MX_ETH_Init
 .text.HAL_ETH_MspInit
                0x080006a0      0x19c ./Core/Src/eth.o
                0x080006a0                HAL_ETH_MspInit
 .text.MX_GPIO_Init
                0x0800083c      0x204 ./Core/Src/gpio.o
                0x0800083c                MX_GPIO_Init
 .text.main     0x08000a40       0x3c ./Core/Src/main.o
                0x08000a40                main
 .text.SystemClock_Config
                0x08000a7c      0x174 ./Core/Src/main.o
                0x08000a7c                SystemClock_Config
 .text.PeriphCommonClock_Config
                0x08000bf0       0x5e ./Core/Src/main.o
                0x08000bf0                PeriphCommonClock_Config
 .text.Error_Handler
                0x08000c4e        0xc ./Core/Src/main.o
                0x08000c4e                Error_Handler
 *fill*         0x08000c5a        0x2 
 .text.MX_RTC_Init
                0x08000c5c       0xb8 ./Core/Src/rtc.o
                0x08000c5c                MX_RTC_Init
 .text.HAL_RTC_MspInit
                0x08000d14       0x64 ./Core/Src/rtc.o
                0x08000d14                HAL_RTC_MspInit
 .text.MX_SPI4_Init
                0x08000d78       0xac ./Core/Src/spi.o
                0x08000d78                MX_SPI4_Init
 .text.MX_SPI5_Init
                0x08000e24       0xb0 ./Core/Src/spi.o
                0x08000e24                MX_SPI5_Init
 .text.HAL_SPI_MspInit
                0x08000ed4      0x178 ./Core/Src/spi.o
                0x08000ed4                HAL_SPI_MspInit
 .text.HAL_MspInit
                0x0800104c       0x34 ./Core/Src/stm32h7xx_hal_msp.o
                0x0800104c                HAL_MspInit
 .text.NMI_Handler
                0x08001080        0x8 ./Core/Src/stm32h7xx_it.o
                0x08001080                NMI_Handler
 .text.HardFault_Handler
                0x08001088        0x8 ./Core/Src/stm32h7xx_it.o
                0x08001088                HardFault_Handler
 .text.MemManage_Handler
                0x08001090        0x8 ./Core/Src/stm32h7xx_it.o
                0x08001090                MemManage_Handler
 .text.BusFault_Handler
                0x08001098        0x8 ./Core/Src/stm32h7xx_it.o
                0x08001098                BusFault_Handler
 .text.UsageFault_Handler
                0x080010a0        0x8 ./Core/Src/stm32h7xx_it.o
                0x080010a0                UsageFault_Handler
 .text.SVC_Handler
                0x080010a8        0xe ./Core/Src/stm32h7xx_it.o
                0x080010a8                SVC_Handler
 .text.DebugMon_Handler
                0x080010b6        0xe ./Core/Src/stm32h7xx_it.o
                0x080010b6                DebugMon_Handler
 .text.PendSV_Handler
                0x080010c4        0xe ./Core/Src/stm32h7xx_it.o
                0x080010c4                PendSV_Handler
 .text.SysTick_Handler
                0x080010d2        0xc ./Core/Src/stm32h7xx_it.o
                0x080010d2                SysTick_Handler
 *fill*         0x080010de        0x2 
 .text.DMA1_Stream0_IRQHandler
                0x080010e0       0x14 ./Core/Src/stm32h7xx_it.o
                0x080010e0                DMA1_Stream0_IRQHandler
 .text.SPI4_IRQHandler
                0x080010f4       0x14 ./Core/Src/stm32h7xx_it.o
                0x080010f4                SPI4_IRQHandler
 .text.SystemInit
                0x08001108      0x110 ./Core/Src/system_stm32h7xx.o
                0x08001108                SystemInit
 .text.MX_USART3_UART_Init
                0x08001218       0x98 ./Core/Src/usart.o
                0x08001218                MX_USART3_UART_Init
 .text.HAL_UART_MspInit
                0x080012b0       0xd4 ./Core/Src/usart.o
                0x080012b0                HAL_UART_MspInit
 .text.MX_USB_OTG_FS_PCD_Init
                0x08001384       0x64 ./Core/Src/usb_otg.o
                0x08001384                MX_USB_OTG_FS_PCD_Init
 .text.HAL_PCD_MspInit
                0x080013e8       0xf8 ./Core/Src/usb_otg.o
                0x080013e8                HAL_PCD_MspInit
 .text.Reset_Handler
                0x080014e0       0x50 ./Core/Startup/startup_stm32h743zitx.o
                0x080014e0                Reset_Handler
 .text.Default_Handler
                0x08001530        0x2 ./Core/Startup/startup_stm32h743zitx.o
                0x08001530                RTC_Alarm_IRQHandler
                0x08001530                EXTI2_IRQHandler
                0x08001530                TIM8_CC_IRQHandler
                0x08001530                HRTIM1_Master_IRQHandler
                0x08001530                UART8_IRQHandler
                0x08001530                TIM1_CC_IRQHandler
                0x08001530                BDMA_Channel6_IRQHandler
                0x08001530                DMA2_Stream5_IRQHandler
                0x08001530                HRTIM1_FLT_IRQHandler
                0x08001530                JPEG_IRQHandler
                0x08001530                DMA1_Stream5_IRQHandler
                0x08001530                BDMA_Channel1_IRQHandler
                0x08001530                HRTIM1_TIMD_IRQHandler
                0x08001530                TAMP_STAMP_IRQHandler
                0x08001530                EXTI3_IRQHandler
                0x08001530                LPTIM4_IRQHandler
                0x08001530                TIM8_TRG_COM_TIM14_IRQHandler
                0x08001530                LPTIM2_IRQHandler
                0x08001530                DFSDM1_FLT1_IRQHandler
                0x08001530                DMAMUX2_OVR_IRQHandler
                0x08001530                TIM8_UP_TIM13_IRQHandler
                0x08001530                I2C3_ER_IRQHandler
                0x08001530                DFSDM1_FLT2_IRQHandler
                0x08001530                MDMA_IRQHandler
                0x08001530                LPTIM3_IRQHandler
                0x08001530                HSEM1_IRQHandler
                0x08001530                EXTI0_IRQHandler
                0x08001530                I2C2_EV_IRQHandler
                0x08001530                DMA1_Stream2_IRQHandler
                0x08001530                FPU_IRQHandler
                0x08001530                OTG_HS_WKUP_IRQHandler
                0x08001530                FDCAN1_IT1_IRQHandler
                0x08001530                LTDC_ER_IRQHandler
                0x08001530                DMA2_Stream2_IRQHandler
                0x08001530                HRTIM1_TIME_IRQHandler
                0x08001530                SPI1_IRQHandler
                0x08001530                TIM6_DAC_IRQHandler
                0x08001530                DCMI_IRQHandler
                0x08001530                HRTIM1_TIMC_IRQHandler
                0x08001530                DMA2_Stream3_IRQHandler
                0x08001530                SAI2_IRQHandler
                0x08001530                DFSDM1_FLT3_IRQHandler
                0x08001530                USART6_IRQHandler
                0x08001530                TIM17_IRQHandler
                0x08001530                USART3_IRQHandler
                0x08001530                BDMA_Channel7_IRQHandler
                0x08001530                LPTIM5_IRQHandler
                0x08001530                UART5_IRQHandler
                0x08001530                ADC3_IRQHandler
                0x08001530                DMA2_Stream0_IRQHandler
                0x08001530                TIM4_IRQHandler
                0x08001530                BDMA_Channel2_IRQHandler
                0x08001530                QUADSPI_IRQHandler
                0x08001530                I2C1_EV_IRQHandler
                0x08001530                DMA1_Stream6_IRQHandler
                0x08001530                DMAMUX1_OVR_IRQHandler
                0x08001530                DMA1_Stream1_IRQHandler
                0x08001530                TIM16_IRQHandler
                0x08001530                UART4_IRQHandler
                0x08001530                BDMA_Channel5_IRQHandler
                0x08001530                TIM3_IRQHandler
                0x08001530                RCC_IRQHandler
                0x08001530                TIM8_BRK_TIM12_IRQHandler
                0x08001530                TIM1_TRG_COM_IRQHandler
                0x08001530                Default_Handler
                0x08001530                ECC_IRQHandler
                0x08001530                CEC_IRQHandler
                0x08001530                EXTI15_10_IRQHandler
                0x08001530                BDMA_Channel0_IRQHandler
                0x08001530                ADC_IRQHandler
                0x08001530                DMA1_Stream7_IRQHandler
                0x08001530                HRTIM1_TIMA_IRQHandler
                0x08001530                SPI5_IRQHandler
                0x08001530                TIM7_IRQHandler
                0x08001530                SDMMC1_IRQHandler
                0x08001530                TIM5_IRQHandler
                0x08001530                DMA2_Stream7_IRQHandler
                0x08001530                TIM15_IRQHandler
                0x08001530                PVD_AVD_IRQHandler
                0x08001530                I2C3_EV_IRQHandler
                0x08001530                EXTI9_5_IRQHandler
                0x08001530                RTC_WKUP_IRQHandler
                0x08001530                LTDC_IRQHandler
                0x08001530                SAI3_IRQHandler
                0x08001530                ETH_WKUP_IRQHandler
                0x08001530                SPDIF_RX_IRQHandler
                0x08001530                SPI2_IRQHandler
                0x08001530                OTG_HS_EP1_IN_IRQHandler
                0x08001530                CRS_IRQHandler
                0x08001530                EXTI4_IRQHandler
                0x08001530                RNG_IRQHandler
                0x08001530                HRTIM1_TIMB_IRQHandler
                0x08001530                FDCAN2_IT1_IRQHandler
                0x08001530                ETH_IRQHandler
                0x08001530                TIM1_UP_IRQHandler
                0x08001530                BDMA_Channel4_IRQHandler
                0x08001530                OTG_HS_EP1_OUT_IRQHandler
                0x08001530                WWDG_IRQHandler
                0x08001530                SPI6_IRQHandler
                0x08001530                MDIOS_IRQHandler
                0x08001530                I2C4_EV_IRQHandler
                0x08001530                FDCAN2_IT0_IRQHandler
                0x08001530                LPUART1_IRQHandler
                0x08001530                FDCAN1_IT0_IRQHandler
                0x08001530                TIM2_IRQHandler
                0x08001530                OTG_FS_WKUP_IRQHandler
                0x08001530                OTG_HS_IRQHandler
                0x08001530                DMA2D_IRQHandler
                0x08001530                TIM1_BRK_IRQHandler
                0x08001530                EXTI1_IRQHandler
                0x08001530                SDMMC2_IRQHandler
                0x08001530                OTG_FS_EP1_OUT_IRQHandler
                0x08001530                BDMA_Channel3_IRQHandler
                0x08001530                UART7_IRQHandler
                0x08001530                MDIOS_WKUP_IRQHandler
                0x08001530                USART2_IRQHandler
                0x08001530                DFSDM1_FLT0_IRQHandler
                0x08001530                SAI4_IRQHandler
                0x08001530                I2C2_ER_IRQHandler
                0x08001530                DMA2_Stream1_IRQHandler
                0x08001530                FLASH_IRQHandler
                0x08001530                DMA2_Stream4_IRQHandler
                0x08001530                USART1_IRQHandler
                0x08001530                OTG_FS_IRQHandler
                0x08001530                SPI3_IRQHandler
                0x08001530                WAKEUP_PIN_IRQHandler
                0x08001530                DMA1_Stream4_IRQHandler
                0x08001530                OTG_FS_EP1_IN_IRQHandler
                0x08001530                I2C1_ER_IRQHandler
                0x08001530                FMC_IRQHandler
                0x08001530                FDCAN_CAL_IRQHandler
                0x08001530                SWPMI1_IRQHandler
                0x08001530                COMP1_IRQHandler
                0x08001530                LPTIM1_IRQHandler
                0x08001530                I2C4_ER_IRQHandler
                0x08001530                DMA2_Stream6_IRQHandler
                0x08001530                SAI1_IRQHandler
                0x08001530                DMA1_Stream3_IRQHandler
 *fill*         0x08001532        0x2 
 .text.HAL_Init
                0x08001534       0x78 ./Drivers/STM32H7xx_HAL_Driver/Src/stm32h7xx_hal.o
                0x08001534                HAL_Init
 .text.HAL_InitTick
                0x080015ac       0x6c ./Drivers/STM32H7xx_HAL_Driver/Src/stm32h7xx_hal.o
                0x080015ac                HAL_InitTick
 .text.HAL_IncTick
                0x08001618       0x28 ./Drivers/STM32H7xx_HAL_Driver/Src/stm32h7xx_hal.o
                0x08001618                HAL_IncTick
 .text.HAL_GetTick
                0x08001640       0x18 ./Drivers/STM32H7xx_HAL_Driver/Src/stm32h7xx_hal.o
                0x08001640                HAL_GetTick
 .text.HAL_Delay
                0x08001658       0x48 ./Drivers/STM32H7xx_HAL_Driver/Src/stm32h7xx_hal.o
                0x08001658                HAL_Delay
 .text.HAL_GetREVID
                0x080016a0       0x18 ./Drivers/STM32H7xx_HAL_Driver/Src/stm32h7xx_hal.o
                0x080016a0                HAL_GetREVID
 .text.HAL_SYSCFG_ETHInterfaceSelect
                0x080016b8       0x28 ./Drivers/STM32H7xx_HAL_Driver/Src/stm32h7xx_hal.o
                0x080016b8                HAL_SYSCFG_ETHInterfaceSelect
 .text.__NVIC_SetPriorityGrouping
                0x080016e0       0x48 ./Drivers/STM32H7xx_HAL_Driver/Src/stm32h7xx_hal_cortex.o
 .text.__NVIC_GetPriorityGrouping
                0x08001728       0x1c ./Drivers/STM32H7xx_HAL_Driver/Src/stm32h7xx_hal_cortex.o
 .text.__NVIC_EnableIRQ
                0x08001744       0x3c ./Drivers/STM32H7xx_HAL_Driver/Src/stm32h7xx_hal_cortex.o
 .text.__NVIC_SetPriority
                0x08001780       0x54 ./Drivers/STM32H7xx_HAL_Driver/Src/stm32h7xx_hal_cortex.o
 .text.NVIC_EncodePriority
                0x080017d4       0x66 ./Drivers/STM32H7xx_HAL_Driver/Src/stm32h7xx_hal_cortex.o
 *fill*         0x0800183a        0x2 
 .text.SysTick_Config
                0x0800183c       0x44 ./Drivers/STM32H7xx_HAL_Driver/Src/stm32h7xx_hal_cortex.o
 .text.HAL_NVIC_SetPriorityGrouping
                0x08001880       0x16 ./Drivers/STM32H7xx_HAL_Driver/Src/stm32h7xx_hal_cortex.o
                0x08001880                HAL_NVIC_SetPriorityGrouping
 .text.HAL_NVIC_SetPriority
                0x08001896       0x34 ./Drivers/STM32H7xx_HAL_Driver/Src/stm32h7xx_hal_cortex.o
                0x08001896                HAL_NVIC_SetPriority
 .text.HAL_NVIC_EnableIRQ
                0x080018ca       0x1c ./Drivers/STM32H7xx_HAL_Driver/Src/stm32h7xx_hal_cortex.o
                0x080018ca                HAL_NVIC_EnableIRQ
 .text.HAL_SYSTICK_Config
                0x080018e6       0x18 ./Drivers/STM32H7xx_HAL_Driver/Src/stm32h7xx_hal_cortex.o
                0x080018e6                HAL_SYSTICK_Config
 *fill*         0x080018fe        0x2 
 .text.HAL_DMA_Init
                0x08001900      0x6b8 ./Drivers/STM32H7xx_HAL_Driver/Src/stm32h7xx_hal_dma.o
                0x08001900                HAL_DMA_Init
 .text.HAL_DMA_Abort_IT
                0x08001fb8      0x48c ./Drivers/STM32H7xx_HAL_Driver/Src/stm32h7xx_hal_dma.o
                0x08001fb8                HAL_DMA_Abort_IT
 .text.HAL_DMA_IRQHandler
                0x08002444      0xe54 ./Drivers/STM32H7xx_HAL_Driver/Src/stm32h7xx_hal_dma.o
                0x08002444                HAL_DMA_IRQHandler
 .text.DMA_CalcBaseAndBitshift
                0x08003298      0x164 ./Drivers/STM32H7xx_HAL_Driver/Src/stm32h7xx_hal_dma.o
 .text.DMA_CheckFifoParam
                0x080033fc       0xf8 ./Drivers/STM32H7xx_HAL_Driver/Src/stm32h7xx_hal_dma.o
 .text.DMA_CalcDMAMUXChannelBaseAndMask
                0x080034f4      0x134 ./Drivers/STM32H7xx_HAL_Driver/Src/stm32h7xx_hal_dma.o
 .text.DMA_CalcDMAMUXRequestGenBaseAndMask
                0x08003628       0xe8 ./Drivers/STM32H7xx_HAL_Driver/Src/stm32h7xx_hal_dma.o
 .text.HAL_ETH_Init
                0x08003710      0x1fc ./Drivers/STM32H7xx_HAL_Driver/Src/stm32h7xx_hal_eth.o
                0x08003710                HAL_ETH_Init
 .text.HAL_ETH_SetMDIOClockRange
                0x0800390c       0xa0 ./Drivers/STM32H7xx_HAL_Driver/Src/stm32h7xx_hal_eth.o
                0x0800390c                HAL_ETH_SetMDIOClockRange
 .text.ETH_SetMACConfig
                0x080039ac      0x238 ./Drivers/STM32H7xx_HAL_Driver/Src/stm32h7xx_hal_eth.o
 .text.ETH_SetDMAConfig
                0x08003be4      0x10c ./Drivers/STM32H7xx_HAL_Driver/Src/stm32h7xx_hal_eth.o
 .text.ETH_MACDMAConfig
                0x08003cf0      0x13a ./Drivers/STM32H7xx_HAL_Driver/Src/stm32h7xx_hal_eth.o
 .text.ETH_DMATxDescListInit
                0x08003e2a       0x92 ./Drivers/STM32H7xx_HAL_Driver/Src/stm32h7xx_hal_eth.o
 .text.ETH_DMARxDescListInit
                0x08003ebc       0xba ./Drivers/STM32H7xx_HAL_Driver/Src/stm32h7xx_hal_eth.o
 *fill*         0x08003f76        0x2 
 .text.HAL_GPIO_Init
                0x08003f78      0x360 ./Drivers/STM32H7xx_HAL_Driver/Src/stm32h7xx_hal_gpio.o
                0x08003f78                HAL_GPIO_Init
 .text.HAL_GPIO_WritePin
                0x080042d8       0x32 ./Drivers/STM32H7xx_HAL_Driver/Src/stm32h7xx_hal_gpio.o
                0x080042d8                HAL_GPIO_WritePin
 .text.HAL_PCD_Init
                0x0800430a      0x218 ./Drivers/STM32H7xx_HAL_Driver/Src/stm32h7xx_hal_pcd.o
                0x0800430a                HAL_PCD_Init
 *fill*         0x08004522        0x2 
 .text.HAL_PCDEx_ActivateLPM
                0x08004524       0x48 ./Drivers/STM32H7xx_HAL_Driver/Src/stm32h7xx_hal_pcd_ex.o
                0x08004524                HAL_PCDEx_ActivateLPM
 .text.HAL_PWR_EnableBkUpAccess
                0x0800456c       0x20 ./Drivers/STM32H7xx_HAL_Driver/Src/stm32h7xx_hal_pwr.o
                0x0800456c                HAL_PWR_EnableBkUpAccess
 .text.HAL_PWREx_ConfigSupply
                0x0800458c       0x74 ./Drivers/STM32H7xx_HAL_Driver/Src/stm32h7xx_hal_pwr_ex.o
                0x0800458c                HAL_PWREx_ConfigSupply
 .text.HAL_PWREx_EnableUSBVoltageDetector
                0x08004600       0x20 ./Drivers/STM32H7xx_HAL_Driver/Src/stm32h7xx_hal_pwr_ex.o
                0x08004600                HAL_PWREx_EnableUSBVoltageDetector
 .text.HAL_RCC_OscConfig
                0x08004620      0x8b4 ./Drivers/STM32H7xx_HAL_Driver/Src/stm32h7xx_hal_rcc.o
                0x08004620                HAL_RCC_OscConfig
 .text.HAL_RCC_ClockConfig
                0x08004ed4      0x36c ./Drivers/STM32H7xx_HAL_Driver/Src/stm32h7xx_hal_rcc.o
                0x08004ed4                HAL_RCC_ClockConfig
 .text.HAL_RCC_GetSysClockFreq
                0x08005240      0x2f4 ./Drivers/STM32H7xx_HAL_Driver/Src/stm32h7xx_hal_rcc.o
                0x08005240                HAL_RCC_GetSysClockFreq
 .text.HAL_RCC_GetHCLKFreq
                0x08005534       0x60 ./Drivers/STM32H7xx_HAL_Driver/Src/stm32h7xx_hal_rcc.o
                0x08005534                HAL_RCC_GetHCLKFreq
 .text.HAL_RCC_GetPCLK1Freq
                0x08005594       0x2c ./Drivers/STM32H7xx_HAL_Driver/Src/stm32h7xx_hal_rcc.o
                0x08005594                HAL_RCC_GetPCLK1Freq
 .text.HAL_RCC_GetPCLK2Freq
                0x080055c0       0x2c ./Drivers/STM32H7xx_HAL_Driver/Src/stm32h7xx_hal_rcc.o
                0x080055c0                HAL_RCC_GetPCLK2Freq
 .text.HAL_RCCEx_PeriphCLKConfig
                0x080055ec     0x1414 ./Drivers/STM32H7xx_HAL_Driver/Src/stm32h7xx_hal_rcc_ex.o
                0x080055ec                HAL_RCCEx_PeriphCLKConfig
 .text.HAL_RCCEx_GetD3PCLK1Freq
                0x08006a00       0x2c ./Drivers/STM32H7xx_HAL_Driver/Src/stm32h7xx_hal_rcc_ex.o
                0x08006a00                HAL_RCCEx_GetD3PCLK1Freq
 .text.HAL_RCCEx_GetPLL2ClockFreq
                0x08006a2c      0x2a8 ./Drivers/STM32H7xx_HAL_Driver/Src/stm32h7xx_hal_rcc_ex.o
                0x08006a2c                HAL_RCCEx_GetPLL2ClockFreq
 .text.HAL_RCCEx_GetPLL3ClockFreq
                0x08006cd4      0x2a8 ./Drivers/STM32H7xx_HAL_Driver/Src/stm32h7xx_hal_rcc_ex.o
                0x08006cd4                HAL_RCCEx_GetPLL3ClockFreq
 .text.RCCEx_PLL2_Config
                0x08006f7c      0x164 ./Drivers/STM32H7xx_HAL_Driver/Src/stm32h7xx_hal_rcc_ex.o
 .text.RCCEx_PLL3_Config
                0x080070e0      0x164 ./Drivers/STM32H7xx_HAL_Driver/Src/stm32h7xx_hal_rcc_ex.o
 .text.HAL_RTC_Init
                0x08007244      0x104 ./Drivers/STM32H7xx_HAL_Driver/Src/stm32h7xx_hal_rtc.o
                0x08007244                HAL_RTC_Init
 .text.HAL_RTC_SetTime
                0x08007348      0x13c ./Drivers/STM32H7xx_HAL_Driver/Src/stm32h7xx_hal_rtc.o
                0x08007348                HAL_RTC_SetTime
 .text.HAL_RTC_SetDate
                0x08007484      0x110 ./Drivers/STM32H7xx_HAL_Driver/Src/stm32h7xx_hal_rtc.o
                0x08007484                HAL_RTC_SetDate
 .text.HAL_RTC_WaitForSynchro
                0x08007594       0x48 ./Drivers/STM32H7xx_HAL_Driver/Src/stm32h7xx_hal_rtc.o
                0x08007594                HAL_RTC_WaitForSynchro
 .text.RTC_EnterInitMode
                0x080075dc       0x66 ./Drivers/STM32H7xx_HAL_Driver/Src/stm32h7xx_hal_rtc.o
                0x080075dc                RTC_EnterInitMode
 *fill*         0x08007642        0x2 
 .text.RTC_ExitInitMode
                0x08007644       0x7c ./Drivers/STM32H7xx_HAL_Driver/Src/stm32h7xx_hal_rtc.o
                0x08007644                RTC_ExitInitMode
 .text.RTC_ByteToBcd2
                0x080076c0       0x40 ./Drivers/STM32H7xx_HAL_Driver/Src/stm32h7xx_hal_rtc.o
                0x080076c0                RTC_ByteToBcd2
 .text.HAL_SPI_Init
                0x08007700      0x248 ./Drivers/STM32H7xx_HAL_Driver/Src/stm32h7xx_hal_spi.o
                0x08007700                HAL_SPI_Init
 .text.HAL_SPI_Transmit
                0x08007948      0x3dc ./Drivers/STM32H7xx_HAL_Driver/Src/stm32h7xx_hal_spi.o
                0x08007948                HAL_SPI_Transmit
 .text.HAL_SPI_IRQHandler
                0x08007d24      0x39c ./Drivers/STM32H7xx_HAL_Driver/Src/stm32h7xx_hal_spi.o
                0x08007d24                HAL_SPI_IRQHandler
 .text.HAL_SPI_RxCpltCallback
                0x080080c0       0x14 ./Drivers/STM32H7xx_HAL_Driver/Src/stm32h7xx_hal_spi.o
                0x080080c0                HAL_SPI_RxCpltCallback
 .text.HAL_SPI_TxRxCpltCallback
                0x080080d4       0x14 ./Drivers/STM32H7xx_HAL_Driver/Src/stm32h7xx_hal_spi.o
                0x080080d4                HAL_SPI_TxRxCpltCallback
 .text.HAL_SPI_ErrorCallback
                0x080080e8       0x14 ./Drivers/STM32H7xx_HAL_Driver/Src/stm32h7xx_hal_spi.o
                0x080080e8                HAL_SPI_ErrorCallback
 .text.HAL_SPI_SuspendCallback
                0x080080fc       0x14 ./Drivers/STM32H7xx_HAL_Driver/Src/stm32h7xx_hal_spi.o
                0x080080fc                HAL_SPI_SuspendCallback
 .text.SPI_DMAAbortOnError
                0x08008110       0x34 ./Drivers/STM32H7xx_HAL_Driver/Src/stm32h7xx_hal_spi.o
 .text.SPI_CloseTransfer
                0x08008144      0x140 ./Drivers/STM32H7xx_HAL_Driver/Src/stm32h7xx_hal_spi.o
 .text.SPI_WaitOnFlagUntilTimeout
                0x08008284       0x5c ./Drivers/STM32H7xx_HAL_Driver/Src/stm32h7xx_hal_spi.o
 .text.SPI_GetPacketSize
                0x080082e0       0x36 ./Drivers/STM32H7xx_HAL_Driver/Src/stm32h7xx_hal_spi.o
 .text.HAL_UART_Init
                0x08008316       0xa0 ./Drivers/STM32H7xx_HAL_Driver/Src/stm32h7xx_hal_uart.o
                0x08008316                HAL_UART_Init
 *fill*         0x080083b6        0x2 
 .text.UART_SetConfig
                0x080083b8      0xad0 ./Drivers/STM32H7xx_HAL_Driver/Src/stm32h7xx_hal_uart.o
                0x080083b8                UART_SetConfig
 .text.UART_AdvFeatureConfig
                0x08008e88      0x144 ./Drivers/STM32H7xx_HAL_Driver/Src/stm32h7xx_hal_uart.o
                0x08008e88                UART_AdvFeatureConfig
 .text.UART_CheckIdleState
                0x08008fcc      0x154 ./Drivers/STM32H7xx_HAL_Driver/Src/stm32h7xx_hal_uart.o
                0x08008fcc                UART_CheckIdleState
 .text.UART_WaitOnFlagUntilTimeout
                0x08009120       0xda ./Drivers/STM32H7xx_HAL_Driver/Src/stm32h7xx_hal_uart.o
                0x08009120                UART_WaitOnFlagUntilTimeout
 *fill*         0x080091fa        0x2 
 .text.UART_EndRxTransfer
                0x080091fc       0xcc ./Drivers/STM32H7xx_HAL_Driver/Src/stm32h7xx_hal_uart.o
 .text.HAL_UARTEx_DisableFifoMode
                0x080092c8       0x72 ./Drivers/STM32H7xx_HAL_Driver/Src/stm32h7xx_hal_uart_ex.o
                0x080092c8                HAL_UARTEx_DisableFifoMode
 .text.HAL_UARTEx_SetTxFifoThreshold
                0x0800933a       0x7c ./Drivers/STM32H7xx_HAL_Driver/Src/stm32h7xx_hal_uart_ex.o
                0x0800933a                HAL_UARTEx_SetTxFifoThreshold
 .text.HAL_UARTEx_SetRxFifoThreshold
                0x080093b6       0x7c ./Drivers/STM32H7xx_HAL_Driver/Src/stm32h7xx_hal_uart_ex.o
                0x080093b6                HAL_UARTEx_SetRxFifoThreshold
 *fill*         0x08009432        0x2 
 .text.UARTEx_SetNbDataToProcess
                0x08009434       0x9c ./Drivers/STM32H7xx_HAL_Driver/Src/stm32h7xx_hal_uart_ex.o
 .text.USB_CoreInit
                0x080094d0       0xe4 ./Drivers/STM32H7xx_HAL_Driver/Src/stm32h7xx_ll_usb.o
                0x080094d0                USB_CoreInit
 .text.USB_DisableGlobalInt
                0x080095b4       0x22 ./Drivers/STM32H7xx_HAL_Driver/Src/stm32h7xx_ll_usb.o
                0x080095b4                USB_DisableGlobalInt
 .text.USB_SetCurrentMode
                0x080095d6       0x98 ./Drivers/STM32H7xx_HAL_Driver/Src/stm32h7xx_ll_usb.o
                0x080095d6                USB_SetCurrentMode
 *fill*         0x0800966e        0x2 
 .text.USB_DevInit
                0x08009670      0x2bc ./Drivers/STM32H7xx_HAL_Driver/Src/stm32h7xx_ll_usb.o
                0x08009670                USB_DevInit
 .text.USB_FlushTxFifo
                0x0800992c       0x64 ./Drivers/STM32H7xx_HAL_Driver/Src/stm32h7xx_ll_usb.o
                0x0800992c                USB_FlushTxFifo
 .text.USB_FlushRxFifo
                0x08009990       0x5c ./Drivers/STM32H7xx_HAL_Driver/Src/stm32h7xx_ll_usb.o
                0x08009990                USB_FlushRxFifo
 .text.USB_SetDevSpeed
                0x080099ec       0x32 ./Drivers/STM32H7xx_HAL_Driver/Src/stm32h7xx_ll_usb.o
                0x080099ec                USB_SetDevSpeed
 .text.USB_DevDisconnect
                0x08009a1e       0x42 ./Drivers/STM32H7xx_HAL_Driver/Src/stm32h7xx_ll_usb.o
                0x08009a1e                USB_DevDisconnect
 .text.USB_GetMode
                0x08009a60       0x1c ./Drivers/STM32H7xx_HAL_Driver/Src/stm32h7xx_ll_usb.o
                0x08009a60                USB_GetMode
 .text.USB_CoreReset
                0x08009a7c       0x62 ./Drivers/STM32H7xx_HAL_Driver/Src/stm32h7xx_ll_usb.o
 .text.User_SystemInit
                0x08009ade        0xc ./System/User_Init.o
                0x08009ade                User_SystemInit
 *fill*         0x08009aea        0x2 
 .text.User_RunSystem
                0x08009aec       0x20 ./System/User_SuperLoop.o
                0x08009aec                User_RunSystem
 .text.HAL_SPI_TxCpltCallback
                0x08009b0c       0x2c ./System/User_TM1638.o
                0x08009b0c                HAL_SPI_TxCpltCallback
 .text.TM1638_SendByte
                0x08009b38       0x24 ./System/User_TM1638.o
                0x08009b38                TM1638_SendByte
 .text.TM1638_Init
                0x08009b5c       0xe0 ./System/User_TM1638.o
                0x08009b5c                TM1638_Init
 .text.memset   0x08009c3c       0x10 C:/ST/STM32CubeIDE_1.17.0/STM32CubeIDE/plugins/com.st.stm32cube.ide.mcu.externaltools.gnu-tools-for-stm32.12.3.rel1.win32_1.1.0.202410251130/tools/bin/../lib/gcc/arm-none-eabi/12.3.1/../../../../arm-none-eabi/lib/thumb/v7e-m+dp/hard\libc_nano.a(libc_a-memset.o)
                0x08009c3c                memset
 .text.__libc_init_array
                0x08009c4c       0x48 C:/ST/STM32CubeIDE_1.17.0/STM32CubeIDE/plugins/com.st.stm32cube.ide.mcu.externaltools.gnu-tools-for-stm32.12.3.rel1.win32_1.1.0.202410251130/tools/bin/../lib/gcc/arm-none-eabi/12.3.1/../../../../arm-none-eabi/lib/thumb/v7e-m+dp/hard\libc_nano.a(libc_a-init.o)
                0x08009c4c                __libc_init_array
 *(.glue_7)
 .glue_7        0x08009c94        0x0 linker stubs
 *(.glue_7t)
 .glue_7t       0x08009c94        0x0 linker stubs
 *(.eh_frame)
 .eh_frame      0x08009c94        0x0 C:/ST/STM32CubeIDE_1.17.0/STM32CubeIDE/plugins/com.st.stm32cube.ide.mcu.externaltools.gnu-tools-for-stm32.12.3.rel1.win32_1.1.0.202410251130/tools/bin/../lib/gcc/arm-none-eabi/12.3.1/thumb/v7e-m+dp/hard/crtbegin.o
 *(.init)
 .init          0x08009c94        0x4 C:/ST/STM32CubeIDE_1.17.0/STM32CubeIDE/plugins/com.st.stm32cube.ide.mcu.externaltools.gnu-tools-for-stm32.12.3.rel1.win32_1.1.0.202410251130/tools/bin/../lib/gcc/arm-none-eabi/12.3.1/thumb/v7e-m+dp/hard/crti.o
                0x08009c94                _init
 .init          0x08009c98        0x8 C:/ST/STM32CubeIDE_1.17.0/STM32CubeIDE/plugins/com.st.stm32cube.ide.mcu.externaltools.gnu-tools-for-stm32.12.3.rel1.win32_1.1.0.202410251130/tools/bin/../lib/gcc/arm-none-eabi/12.3.1/thumb/v7e-m+dp/hard/crtn.o
 *(.fini)
 .fini          0x08009ca0        0x4 C:/ST/STM32CubeIDE_1.17.0/STM32CubeIDE/plugins/com.st.stm32cube.ide.mcu.externaltools.gnu-tools-for-stm32.12.3.rel1.win32_1.1.0.202410251130/tools/bin/../lib/gcc/arm-none-eabi/12.3.1/thumb/v7e-m+dp/hard/crti.o
                0x08009ca0                _fini
 .fini          0x08009ca4        0x8 C:/ST/STM32CubeIDE_1.17.0/STM32CubeIDE/plugins/com.st.stm32cube.ide.mcu.externaltools.gnu-tools-for-stm32.12.3.rel1.win32_1.1.0.202410251130/tools/bin/../lib/gcc/arm-none-eabi/12.3.1/thumb/v7e-m+dp/hard/crtn.o
                0x08009cac                        . = ALIGN (0x4)
                0x08009cac                        _etext = .

.vfp11_veneer   0x08009cac        0x0
 .vfp11_veneer  0x08009cac        0x0 linker stubs

.v4_bx          0x08009cac        0x0
 .v4_bx         0x08009cac        0x0 linker stubs

.iplt           0x08009cac        0x0
 .iplt          0x08009cac        0x0 C:/ST/STM32CubeIDE_1.17.0/STM32CubeIDE/plugins/com.st.stm32cube.ide.mcu.externaltools.gnu-tools-for-stm32.12.3.rel1.win32_1.1.0.202410251130/tools/bin/../lib/gcc/arm-none-eabi/12.3.1/thumb/v7e-m+dp/hard/crtbegin.o

.rodata         0x08009cac       0x40
                0x08009cac                        . = ALIGN (0x4)
 *(.rodata)
 *(.rodata*)
 .rodata.D1CorePrescTable
                0x08009cac       0x10 ./Core/Src/system_stm32h7xx.o
                0x08009cac                D1CorePrescTable
 .rodata.flagBitshiftOffset.0
                0x08009cbc        0x8 ./Drivers/STM32H7xx_HAL_Driver/Src/stm32h7xx_hal_dma.o
 .rodata.UARTPrescTable
                0x08009cc4       0x18 ./Drivers/STM32H7xx_HAL_Driver/Src/stm32h7xx_hal_uart.o
                0x08009cc4                UARTPrescTable
 .rodata.numerator.1
                0x08009cdc        0x8 ./Drivers/STM32H7xx_HAL_Driver/Src/stm32h7xx_hal_uart_ex.o
 .rodata.denominator.0
                0x08009ce4        0x8 ./Drivers/STM32H7xx_HAL_Driver/Src/stm32h7xx_hal_uart_ex.o
                0x08009cec                        . = ALIGN (0x4)

.ARM.extab
 *(.ARM.extab* .gnu.linkonce.armextab.*)

.ARM            0x08009cec        0x8
                0x08009cec                        __exidx_start = .
 *(.ARM.exidx*)
 .ARM.exidx     0x08009cec        0x8 C:/ST/STM32CubeIDE_1.17.0/STM32CubeIDE/plugins/com.st.stm32cube.ide.mcu.externaltools.gnu-tools-for-stm32.12.3.rel1.win32_1.1.0.202410251130/tools/bin/../lib/gcc/arm-none-eabi/12.3.1/thumb/v7e-m+dp/hard\libgcc.a(_udivmoddi4.o)
                0x08009cf4                        __exidx_end = .

.rel.dyn        0x08009cf4        0x0
 .rel.iplt      0x08009cf4        0x0 C:/ST/STM32CubeIDE_1.17.0/STM32CubeIDE/plugins/com.st.stm32cube.ide.mcu.externaltools.gnu-tools-for-stm32.12.3.rel1.win32_1.1.0.202410251130/tools/bin/../lib/gcc/arm-none-eabi/12.3.1/thumb/v7e-m+dp/hard/crtbegin.o

.preinit_array  0x08009cf4        0x0
                0x08009cf4                        PROVIDE (__preinit_array_start = .)
 *(.preinit_array*)
                0x08009cf4                        PROVIDE (__preinit_array_end = .)

.init_array     0x08009cf4        0x4
                0x08009cf4                        PROVIDE (__init_array_start = .)
 *(SORT_BY_NAME(.init_array.*))
 *(.init_array*)
 .init_array    0x08009cf4        0x4 C:/ST/STM32CubeIDE_1.17.0/STM32CubeIDE/plugins/com.st.stm32cube.ide.mcu.externaltools.gnu-tools-for-stm32.12.3.rel1.win32_1.1.0.202410251130/tools/bin/../lib/gcc/arm-none-eabi/12.3.1/thumb/v7e-m+dp/hard/crtbegin.o
                0x08009cf8                        PROVIDE (__init_array_end = .)

.fini_array     0x08009cf8        0x4
                [!provide]                        PROVIDE (__fini_array_start = .)
 *(SORT_BY_NAME(.fini_array.*))
 *(.fini_array*)
 .fini_array    0x08009cf8        0x4 C:/ST/STM32CubeIDE_1.17.0/STM32CubeIDE/plugins/com.st.stm32cube.ide.mcu.externaltools.gnu-tools-for-stm32.12.3.rel1.win32_1.1.0.202410251130/tools/bin/../lib/gcc/arm-none-eabi/12.3.1/thumb/v7e-m+dp/hard/crtbegin.o
                [!provide]                        PROVIDE (__fini_array_end = .)
                0x08009cfc                        _sidata = LOADADDR (.data)

.data           0x24000000       0x10 load address 0x08009cfc
                0x24000000                        . = ALIGN (0x4)
                0x24000000                        _sdata = .
 *(.data)
 *(.data*)
 .data.SystemCoreClock
                0x24000000        0x4 ./Core/Src/system_stm32h7xx.o
                0x24000000                SystemCoreClock
 .data.SystemD2Clock
                0x24000004        0x4 ./Core/Src/system_stm32h7xx.o
                0x24000004                SystemD2Clock
 .data.uwTickPrio
                0x24000008        0x4 ./Drivers/STM32H7xx_HAL_Driver/Src/stm32h7xx_hal.o
                0x24000008                uwTickPrio
 .data.uwTickFreq
                0x2400000c        0x1 ./Drivers/STM32H7xx_HAL_Driver/Src/stm32h7xx_hal.o
                0x2400000c                uwTickFreq
 *(.RamFunc)
 *(.RamFunc*)
                0x24000010                        . = ALIGN (0x4)
 *fill*         0x2400000d        0x3 
                0x24000010                        _edata = .

.igot.plt       0x24000010        0x0 load address 0x08009d0c
 .igot.plt      0x24000010        0x0 C:/ST/STM32CubeIDE_1.17.0/STM32CubeIDE/plugins/com.st.stm32cube.ide.mcu.externaltools.gnu-tools-for-stm32.12.3.rel1.win32_1.1.0.202410251130/tools/bin/../lib/gcc/arm-none-eabi/12.3.1/thumb/v7e-m+dp/hard/crtbegin.o

.RxDecripSection
                0x24000010       0x60 load address 0x08009d0c
 .RxDecripSection
                0x24000010       0x60 ./Core/Src/eth.o
                0x24000010                DMARxDscrTab

.TxDecripSection
                0x24000070       0x60 load address 0x08009d6c
 .TxDecripSection
                0x24000070       0x60 ./Core/Src/eth.o
                0x24000070                DMATxDscrTab
                0x240000d0                        . = ALIGN (0x4)

.bss            0x240000d0      0x838 load address 0x08009dcc
                0x240000d0                        _sbss = .
                0x240000d0                        __bss_start__ = _sbss
 *(.bss)
 .bss           0x240000d0       0x1c C:/ST/STM32CubeIDE_1.17.0/STM32CubeIDE/plugins/com.st.stm32cube.ide.mcu.externaltools.gnu-tools-for-stm32.12.3.rel1.win32_1.1.0.202410251130/tools/bin/../lib/gcc/arm-none-eabi/12.3.1/thumb/v7e-m+dp/hard/crtbegin.o
 *(.bss*)
 .bss.TxConfig  0x240000ec       0x38 ./Core/Src/eth.o
                0x240000ec                TxConfig
 .bss.heth      0x24000124       0xb0 ./Core/Src/eth.o
                0x24000124                heth
 .bss.MACAddr.0
                0x240001d4        0x6 ./Core/Src/eth.o
 *fill*         0x240001da        0x2 
 .bss.hrtc      0x240001dc       0x24 ./Core/Src/rtc.o
                0x240001dc                hrtc
 .bss.hspi4     0x24000200       0x88 ./Core/Src/spi.o
                0x24000200                hspi4
 .bss.hspi5     0x24000288       0x88 ./Core/Src/spi.o
                0x24000288                hspi5
 .bss.hdma_spi4_tx
                0x24000310       0x78 ./Core/Src/spi.o
                0x24000310                hdma_spi4_tx
 .bss.huart3    0x24000388       0x94 ./Core/Src/usart.o
                0x24000388                huart3
 .bss.hpcd_USB_OTG_FS
                0x2400041c      0x4e4 ./Core/Src/usb_otg.o
                0x2400041c                hpcd_USB_OTG_FS
 .bss.uwTick    0x24000900        0x4 ./Drivers/STM32H7xx_HAL_Driver/Src/stm32h7xx_hal.o
                0x24000900                uwTick
 .bss.flag      0x24000904        0x4 ./System/User_TM1638.o
                0x24000904                flag
 *(COMMON)
                0x24000908                        . = ALIGN (0x4)
                0x24000908                        _ebss = .
                0x24000908                        __bss_end__ = _ebss

._user_heap_stack
                0x24000908      0x600 load address 0x08009dcc
                0x24000908                        . = ALIGN (0x8)
                [!provide]                        PROVIDE (end = .)
                0x24000908                        PROVIDE (_end = .)
                0x24000b08                        . = (. + _Min_Heap_Size)
 *fill*         0x24000908      0x200 
                0x24000f08                        . = (. + _Min_Stack_Size)
 *fill*         0x24000b08      0x400 
                0x24000f08                        . = ALIGN (0x8)

/DISCARD/
 libc.a(*)
 libm.a(*)
 libgcc.a(*)

.ARM.attributes
                0x00000000       0x2e
 *(.ARM.attributes)
 .ARM.attributes
                0x00000000       0x20 C:/ST/STM32CubeIDE_1.17.0/STM32CubeIDE/plugins/com.st.stm32cube.ide.mcu.externaltools.gnu-tools-for-stm32.12.3.rel1.win32_1.1.0.202410251130/tools/bin/../lib/gcc/arm-none-eabi/12.3.1/thumb/v7e-m+dp/hard/crti.o
 .ARM.attributes
                0x00000020       0x32 C:/ST/STM32CubeIDE_1.17.0/STM32CubeIDE/plugins/com.st.stm32cube.ide.mcu.externaltools.gnu-tools-for-stm32.12.3.rel1.win32_1.1.0.202410251130/tools/bin/../lib/gcc/arm-none-eabi/12.3.1/thumb/v7e-m+dp/hard/crtbegin.o
 .ARM.attributes
                0x00000052       0x32 ./Core/Src/dma.o
 .ARM.attributes
                0x00000084       0x32 ./Core/Src/eth.o
 .ARM.attributes
                0x000000b6       0x32 ./Core/Src/gpio.o
 .ARM.attributes
                0x000000e8       0x32 ./Core/Src/main.o
 .ARM.attributes
                0x0000011a       0x32 ./Core/Src/rtc.o
 .ARM.attributes
                0x0000014c       0x32 ./Core/Src/spi.o
 .ARM.attributes
                0x0000017e       0x32 ./Core/Src/stm32h7xx_hal_msp.o
 .ARM.attributes
                0x000001b0       0x32 ./Core/Src/stm32h7xx_it.o
 .ARM.attributes
                0x000001e2       0x32 ./Core/Src/system_stm32h7xx.o
 .ARM.attributes
                0x00000214       0x32 ./Core/Src/usart.o
 .ARM.attributes
                0x00000246       0x32 ./Core/Src/usb_otg.o
 .ARM.attributes
                0x00000278       0x21 ./Core/Startup/startup_stm32h743zitx.o
 .ARM.attributes
                0x00000299       0x32 ./Drivers/STM32H7xx_HAL_Driver/Src/stm32h7xx_hal.o
 .ARM.attributes
                0x000002cb       0x32 ./Drivers/STM32H7xx_HAL_Driver/Src/stm32h7xx_hal_cortex.o
 .ARM.attributes
                0x000002fd       0x32 ./Drivers/STM32H7xx_HAL_Driver/Src/stm32h7xx_hal_dma.o
 .ARM.attributes
                0x0000032f       0x32 ./Drivers/STM32H7xx_HAL_Driver/Src/stm32h7xx_hal_eth.o
 .ARM.attributes
                0x00000361       0x32 ./Drivers/STM32H7xx_HAL_Driver/Src/stm32h7xx_hal_gpio.o
 .ARM.attributes
                0x00000393       0x32 ./Drivers/STM32H7xx_HAL_Driver/Src/stm32h7xx_hal_pcd.o
 .ARM.attributes
                0x000003c5       0x32 ./Drivers/STM32H7xx_HAL_Driver/Src/stm32h7xx_hal_pcd_ex.o
 .ARM.attributes
                0x000003f7       0x32 ./Drivers/STM32H7xx_HAL_Driver/Src/stm32h7xx_hal_pwr.o
 .ARM.attributes
                0x00000429       0x32 ./Drivers/STM32H7xx_HAL_Driver/Src/stm32h7xx_hal_pwr_ex.o
 .ARM.attributes
                0x0000045b       0x32 ./Drivers/STM32H7xx_HAL_Driver/Src/stm32h7xx_hal_rcc.o
 .ARM.attributes
                0x0000048d       0x32 ./Drivers/STM32H7xx_HAL_Driver/Src/stm32h7xx_hal_rcc_ex.o
 .ARM.attributes
                0x000004bf       0x32 ./Drivers/STM32H7xx_HAL_Driver/Src/stm32h7xx_hal_rtc.o
 .ARM.attributes
                0x000004f1       0x32 ./Drivers/STM32H7xx_HAL_Driver/Src/stm32h7xx_hal_spi.o
 .ARM.attributes
                0x00000523       0x32 ./Drivers/STM32H7xx_HAL_Driver/Src/stm32h7xx_hal_uart.o
 .ARM.attributes
                0x00000555       0x32 ./Drivers/STM32H7xx_HAL_Driver/Src/stm32h7xx_hal_uart_ex.o
 .ARM.attributes
                0x00000587       0x32 ./Drivers/STM32H7xx_HAL_Driver/Src/stm32h7xx_ll_usb.o
 .ARM.attributes
                0x000005b9       0x32 ./System/User_Init.o
 .ARM.attributes
                0x000005eb       0x32 ./System/User_SuperLoop.o
 .ARM.attributes
                0x0000061d       0x32 ./System/User_TM1638.o
 .ARM.attributes
                0x0000064f       0x32 C:/ST/STM32CubeIDE_1.17.0/STM32CubeIDE/plugins/com.st.stm32cube.ide.mcu.externaltools.gnu-tools-for-stm32.12.3.rel1.win32_1.1.0.202410251130/tools/bin/../lib/gcc/arm-none-eabi/12.3.1/../../../../arm-none-eabi/lib/thumb/v7e-m+dp/hard\libc_nano.a(libc_a-memset.o)
 .ARM.attributes
                0x00000681       0x32 C:/ST/STM32CubeIDE_1.17.0/STM32CubeIDE/plugins/com.st.stm32cube.ide.mcu.externaltools.gnu-tools-for-stm32.12.3.rel1.win32_1.1.0.202410251130/tools/bin/../lib/gcc/arm-none-eabi/12.3.1/../../../../arm-none-eabi/lib/thumb/v7e-m+dp/hard\libc_nano.a(libc_a-init.o)
 .ARM.attributes
                0x000006b3       0x20 C:/ST/STM32CubeIDE_1.17.0/STM32CubeIDE/plugins/com.st.stm32cube.ide.mcu.externaltools.gnu-tools-for-stm32.12.3.rel1.win32_1.1.0.202410251130/tools/bin/../lib/gcc/arm-none-eabi/12.3.1/thumb/v7e-m+dp/hard\libgcc.a(_aeabi_uldivmod.o)
 .ARM.attributes
                0x000006d3       0x32 C:/ST/STM32CubeIDE_1.17.0/STM32CubeIDE/plugins/com.st.stm32cube.ide.mcu.externaltools.gnu-tools-for-stm32.12.3.rel1.win32_1.1.0.202410251130/tools/bin/../lib/gcc/arm-none-eabi/12.3.1/thumb/v7e-m+dp/hard\libgcc.a(_udivmoddi4.o)
 .ARM.attributes
                0x00000705       0x20 C:/ST/STM32CubeIDE_1.17.0/STM32CubeIDE/plugins/com.st.stm32cube.ide.mcu.externaltools.gnu-tools-for-stm32.12.3.rel1.win32_1.1.0.202410251130/tools/bin/../lib/gcc/arm-none-eabi/12.3.1/thumb/v7e-m+dp/hard\libgcc.a(_dvmd_tls.o)
 .ARM.attributes
                0x00000725       0x20 C:/ST/STM32CubeIDE_1.17.0/STM32CubeIDE/plugins/com.st.stm32cube.ide.mcu.externaltools.gnu-tools-for-stm32.12.3.rel1.win32_1.1.0.202410251130/tools/bin/../lib/gcc/arm-none-eabi/12.3.1/thumb/v7e-m+dp/hard/crtn.o
OUTPUT(ToyProject.elf elf32-littlearm)
LOAD linker stubs
LOAD C:/ST/STM32CubeIDE_1.17.0/STM32CubeIDE/plugins/com.st.stm32cube.ide.mcu.externaltools.gnu-tools-for-stm32.12.3.rel1.win32_1.1.0.202410251130/tools/bin/../lib/gcc/arm-none-eabi/12.3.1/../../../../arm-none-eabi/lib/thumb/v7e-m+dp/hard\libc.a
LOAD C:/ST/STM32CubeIDE_1.17.0/STM32CubeIDE/plugins/com.st.stm32cube.ide.mcu.externaltools.gnu-tools-for-stm32.12.3.rel1.win32_1.1.0.202410251130/tools/bin/../lib/gcc/arm-none-eabi/12.3.1/../../../../arm-none-eabi/lib/thumb/v7e-m+dp/hard\libm.a
LOAD C:/ST/STM32CubeIDE_1.17.0/STM32CubeIDE/plugins/com.st.stm32cube.ide.mcu.externaltools.gnu-tools-for-stm32.12.3.rel1.win32_1.1.0.202410251130/tools/bin/../lib/gcc/arm-none-eabi/12.3.1/thumb/v7e-m+dp/hard\libgcc.a

.debug_info     0x00000000    0x1f1ff
 .debug_info    0x00000000      0x823 ./Core/Src/dma.o
 .debug_info    0x00000823     0x174b ./Core/Src/eth.o
 .debug_info    0x00001f6e      0x69f ./Core/Src/gpio.o
 .debug_info    0x0000260d      0xd9d ./Core/Src/main.o
 .debug_info    0x000033aa      0xd80 ./Core/Src/rtc.o
 .debug_info    0x0000412a     0x1206 ./Core/Src/spi.o
 .debug_info    0x00005330      0x464 ./Core/Src/stm32h7xx_hal_msp.o
 .debug_info    0x00005794      0x869 ./Core/Src/stm32h7xx_it.o
 .debug_info    0x00005ffd      0xcef ./Core/Src/system_stm32h7xx.o
 .debug_info    0x00006cec     0x10b0 ./Core/Src/usart.o
 .debug_info    0x00007d9c      0xf21 ./Core/Src/usb_otg.o
 .debug_info    0x00008cbd       0x30 ./Core/Startup/startup_stm32h743zitx.o
 .debug_info    0x00008ced     0x153b ./Drivers/STM32H7xx_HAL_Driver/Src/stm32h7xx_hal.o
 .debug_info    0x0000a228     0x10ac ./Drivers/STM32H7xx_HAL_Driver/Src/stm32h7xx_hal_cortex.o
 .debug_info    0x0000b2d4      0xc27 ./Drivers/STM32H7xx_HAL_Driver/Src/stm32h7xx_hal_dma.o
 .debug_info    0x0000befb     0x2a30 ./Drivers/STM32H7xx_HAL_Driver/Src/stm32h7xx_hal_eth.o
 .debug_info    0x0000e92b      0xc4b ./Drivers/STM32H7xx_HAL_Driver/Src/stm32h7xx_hal_gpio.o
 .debug_info    0x0000f576     0x1561 ./Drivers/STM32H7xx_HAL_Driver/Src/stm32h7xx_hal_pcd.o
 .debug_info    0x00010ad7      0x8b3 ./Drivers/STM32H7xx_HAL_Driver/Src/stm32h7xx_hal_pcd_ex.o
 .debug_info    0x0001138a      0x8fc ./Drivers/STM32H7xx_HAL_Driver/Src/stm32h7xx_hal_pwr.o
 .debug_info    0x00011c86     0x1008 ./Drivers/STM32H7xx_HAL_Driver/Src/stm32h7xx_hal_pwr_ex.o
 .debug_info    0x00012c8e      0xe5b ./Drivers/STM32H7xx_HAL_Driver/Src/stm32h7xx_hal_rcc.o
 .debug_info    0x00013ae9     0x1216 ./Drivers/STM32H7xx_HAL_Driver/Src/stm32h7xx_hal_rcc_ex.o
 .debug_info    0x00014cff      0xe4d ./Drivers/STM32H7xx_HAL_Driver/Src/stm32h7xx_hal_rtc.o
 .debug_info    0x00015b4c     0x1440 ./Drivers/STM32H7xx_HAL_Driver/Src/stm32h7xx_hal_spi.o
 .debug_info    0x00016f8c     0x4b13 ./Drivers/STM32H7xx_HAL_Driver/Src/stm32h7xx_hal_uart.o
 .debug_info    0x0001ba9f      0xfbf ./Drivers/STM32H7xx_HAL_Driver/Src/stm32h7xx_hal_uart_ex.o
 .debug_info    0x0001ca5e     0x1a1e ./Drivers/STM32H7xx_HAL_Driver/Src/stm32h7xx_ll_usb.o
 .debug_info    0x0001e47c       0xb8 ./System/User_Init.o
 .debug_info    0x0001e534      0x1dc ./System/User_SuperLoop.o
 .debug_info    0x0001e710      0xaef ./System/User_TM1638.o

.debug_abbrev   0x00000000     0x40c0
 .debug_abbrev  0x00000000      0x11e ./Core/Src/dma.o
 .debug_abbrev  0x0000011e      0x24a ./Core/Src/eth.o
 .debug_abbrev  0x00000368      0x182 ./Core/Src/gpio.o
 .debug_abbrev  0x000004ea      0x248 ./Core/Src/main.o
 .debug_abbrev  0x00000732      0x1c8 ./Core/Src/rtc.o
 .debug_abbrev  0x000008fa      0x24b ./Core/Src/spi.o
 .debug_abbrev  0x00000b45       0xdb ./Core/Src/stm32h7xx_hal_msp.o
 .debug_abbrev  0x00000c20      0x197 ./Core/Src/stm32h7xx_it.o
 .debug_abbrev  0x00000db7      0x14c ./Core/Src/system_stm32h7xx.o
 .debug_abbrev  0x00000f03      0x241 ./Core/Src/usart.o
 .debug_abbrev  0x00001144      0x252 ./Core/Src/usb_otg.o
 .debug_abbrev  0x00001396       0x24 ./Core/Startup/startup_stm32h743zitx.o
 .debug_abbrev  0x000013ba      0x295 ./Drivers/STM32H7xx_HAL_Driver/Src/stm32h7xx_hal.o
 .debug_abbrev  0x0000164f      0x339 ./Drivers/STM32H7xx_HAL_Driver/Src/stm32h7xx_hal_cortex.o
 .debug_abbrev  0x00001988      0x248 ./Drivers/STM32H7xx_HAL_Driver/Src/stm32h7xx_hal_dma.o
 .debug_abbrev  0x00001bd0      0x347 ./Drivers/STM32H7xx_HAL_Driver/Src/stm32h7xx_hal_eth.o
 .debug_abbrev  0x00001f17      0x1fe ./Drivers/STM32H7xx_HAL_Driver/Src/stm32h7xx_hal_gpio.o
 .debug_abbrev  0x00002115      0x2dc ./Drivers/STM32H7xx_HAL_Driver/Src/stm32h7xx_hal_pcd.o
 .debug_abbrev  0x000023f1      0x256 ./Drivers/STM32H7xx_HAL_Driver/Src/stm32h7xx_hal_pcd_ex.o
 .debug_abbrev  0x00002647      0x18e ./Drivers/STM32H7xx_HAL_Driver/Src/stm32h7xx_hal_pwr.o
 .debug_abbrev  0x000027d5      0x2a7 ./Drivers/STM32H7xx_HAL_Driver/Src/stm32h7xx_hal_pwr_ex.o
 .debug_abbrev  0x00002a7c      0x2c8 ./Drivers/STM32H7xx_HAL_Driver/Src/stm32h7xx_hal_rcc.o
 .debug_abbrev  0x00002d44      0x269 ./Drivers/STM32H7xx_HAL_Driver/Src/stm32h7xx_hal_rcc_ex.o
 .debug_abbrev  0x00002fad      0x1fd ./Drivers/STM32H7xx_HAL_Driver/Src/stm32h7xx_hal_rtc.o
 .debug_abbrev  0x000031aa      0x2b1 ./Drivers/STM32H7xx_HAL_Driver/Src/stm32h7xx_hal_spi.o
 .debug_abbrev  0x0000345b      0x33d ./Drivers/STM32H7xx_HAL_Driver/Src/stm32h7xx_hal_uart.o
 .debug_abbrev  0x00003798      0x2d2 ./Drivers/STM32H7xx_HAL_Driver/Src/stm32h7xx_hal_uart_ex.o
 .debug_abbrev  0x00003a6a      0x2b3 ./Drivers/STM32H7xx_HAL_Driver/Src/stm32h7xx_ll_usb.o
 .debug_abbrev  0x00003d1d       0x6c ./System/User_Init.o
 .debug_abbrev  0x00003d89      0x10d ./System/User_SuperLoop.o
 .debug_abbrev  0x00003e96      0x22a ./System/User_TM1638.o

.debug_aranges  0x00000000     0x1498
 .debug_aranges
                0x00000000       0x20 ./Core/Src/dma.o
 .debug_aranges
                0x00000020       0x30 ./Core/Src/eth.o
 .debug_aranges
                0x00000050       0x20 ./Core/Src/gpio.o
 .debug_aranges
                0x00000070       0x38 ./Core/Src/main.o
 .debug_aranges
                0x000000a8       0x30 ./Core/Src/rtc.o
 .debug_aranges
                0x000000d8       0x38 ./Core/Src/spi.o
 .debug_aranges
                0x00000110       0x20 ./Core/Src/stm32h7xx_hal_msp.o
 .debug_aranges
                0x00000130       0x70 ./Core/Src/stm32h7xx_it.o
 .debug_aranges
                0x000001a0       0x28 ./Core/Src/system_stm32h7xx.o
 .debug_aranges
                0x000001c8       0x30 ./Core/Src/usart.o
 .debug_aranges
                0x000001f8       0x30 ./Core/Src/usb_otg.o
 .debug_aranges
                0x00000228       0x28 ./Core/Startup/startup_stm32h743zitx.o
 .debug_aranges
                0x00000250      0x198 ./Drivers/STM32H7xx_HAL_Driver/Src/stm32h7xx_hal.o
 .debug_aranges
                0x000003e8      0x130 ./Drivers/STM32H7xx_HAL_Driver/Src/stm32h7xx_hal_cortex.o
 .debug_aranges
                0x00000518       0xa0 ./Drivers/STM32H7xx_HAL_Driver/Src/stm32h7xx_hal_dma.o
 .debug_aranges
                0x000005b8      0x1d8 ./Drivers/STM32H7xx_HAL_Driver/Src/stm32h7xx_hal_eth.o
 .debug_aranges
                0x00000790       0x58 ./Drivers/STM32H7xx_HAL_Driver/Src/stm32h7xx_hal_gpio.o
 .debug_aranges
                0x000007e8      0x140 ./Drivers/STM32H7xx_HAL_Driver/Src/stm32h7xx_hal_pcd.o
 .debug_aranges
                0x00000928       0x60 ./Drivers/STM32H7xx_HAL_Driver/Src/stm32h7xx_hal_pcd_ex.o
 .debug_aranges
                0x00000988       0xa0 ./Drivers/STM32H7xx_HAL_Driver/Src/stm32h7xx_hal_pwr.o
 .debug_aranges
                0x00000a28      0x158 ./Drivers/STM32H7xx_HAL_Driver/Src/stm32h7xx_hal_pwr_ex.o
 .debug_aranges
                0x00000b80       0x88 ./Drivers/STM32H7xx_HAL_Driver/Src/stm32h7xx_hal_rcc.o
 .debug_aranges
                0x00000c08       0xf8 ./Drivers/STM32H7xx_HAL_Driver/Src/stm32h7xx_hal_rcc_ex.o
 .debug_aranges
                0x00000d00       0xc0 ./Drivers/STM32H7xx_HAL_Driver/Src/stm32h7xx_hal_rtc.o
 .debug_aranges
                0x00000dc0      0x1a8 ./Drivers/STM32H7xx_HAL_Driver/Src/stm32h7xx_hal_spi.o
 .debug_aranges
                0x00000f68      0x248 ./Drivers/STM32H7xx_HAL_Driver/Src/stm32h7xx_hal_uart.o
 .debug_aranges
                0x000011b0       0xa8 ./Drivers/STM32H7xx_HAL_Driver/Src/stm32h7xx_hal_uart_ex.o
 .debug_aranges
                0x00001258      0x1a0 ./Drivers/STM32H7xx_HAL_Driver/Src/stm32h7xx_ll_usb.o
 .debug_aranges
                0x000013f8       0x20 ./System/User_Init.o
 .debug_aranges
                0x00001418       0x20 ./System/User_SuperLoop.o
 .debug_aranges
                0x00001438       0x60 ./System/User_TM1638.o

.debug_rnglists
                0x00000000      0xfb6
 .debug_rnglists
                0x00000000       0x13 ./Core/Src/dma.o
 .debug_rnglists
                0x00000013       0x22 ./Core/Src/eth.o
 .debug_rnglists
                0x00000035       0x14 ./Core/Src/gpio.o
 .debug_rnglists
                0x00000049       0x26 ./Core/Src/main.o
 .debug_rnglists
                0x0000006f       0x20 ./Core/Src/rtc.o
 .debug_rnglists
                0x0000008f       0x28 ./Core/Src/spi.o
 .debug_rnglists
                0x000000b7       0x13 ./Core/Src/stm32h7xx_hal_msp.o
 .debug_rnglists
                0x000000ca       0x4f ./Core/Src/stm32h7xx_it.o
 .debug_rnglists
                0x00000119       0x1b ./Core/Src/system_stm32h7xx.o
 .debug_rnglists
                0x00000134       0x21 ./Core/Src/usart.o
 .debug_rnglists
                0x00000155       0x20 ./Core/Src/usb_otg.o
 .debug_rnglists
                0x00000175       0x19 ./Core/Startup/startup_stm32h743zitx.o
 .debug_rnglists
                0x0000018e      0x131 ./Drivers/STM32H7xx_HAL_Driver/Src/stm32h7xx_hal.o
 .debug_rnglists
                0x000002bf       0xe0 ./Drivers/STM32H7xx_HAL_Driver/Src/stm32h7xx_hal_cortex.o
 .debug_rnglists
                0x0000039f       0x82 ./Drivers/STM32H7xx_HAL_Driver/Src/stm32h7xx_hal_dma.o
 .debug_rnglists
                0x00000421      0x176 ./Drivers/STM32H7xx_HAL_Driver/Src/stm32h7xx_hal_eth.o
 .debug_rnglists
                0x00000597       0x3f ./Drivers/STM32H7xx_HAL_Driver/Src/stm32h7xx_hal_gpio.o
 .debug_rnglists
                0x000005d6       0xf4 ./Drivers/STM32H7xx_HAL_Driver/Src/stm32h7xx_hal_pcd.o
 .debug_rnglists
                0x000006ca       0x45 ./Drivers/STM32H7xx_HAL_Driver/Src/stm32h7xx_hal_pcd_ex.o
 .debug_rnglists
                0x0000070f       0x74 ./Drivers/STM32H7xx_HAL_Driver/Src/stm32h7xx_hal_pwr.o
 .debug_rnglists
                0x00000783      0x103 ./Drivers/STM32H7xx_HAL_Driver/Src/stm32h7xx_hal_pwr_ex.o
 .debug_rnglists
                0x00000886       0x68 ./Drivers/STM32H7xx_HAL_Driver/Src/stm32h7xx_hal_rcc.o
 .debug_rnglists
                0x000008ee       0xc0 ./Drivers/STM32H7xx_HAL_Driver/Src/stm32h7xx_hal_rcc_ex.o
 .debug_rnglists
                0x000009ae       0x96 ./Drivers/STM32H7xx_HAL_Driver/Src/stm32h7xx_hal_rtc.o
 .debug_rnglists
                0x00000a44      0x148 ./Drivers/STM32H7xx_HAL_Driver/Src/stm32h7xx_hal_spi.o
 .debug_rnglists
                0x00000b8c      0x1fa ./Drivers/STM32H7xx_HAL_Driver/Src/stm32h7xx_hal_uart.o
 .debug_rnglists
                0x00000d86       0x7f ./Drivers/STM32H7xx_HAL_Driver/Src/stm32h7xx_hal_uart_ex.o
 .debug_rnglists
                0x00000e05      0x147 ./Drivers/STM32H7xx_HAL_Driver/Src/stm32h7xx_ll_usb.o
 .debug_rnglists
                0x00000f4c       0x13 ./System/User_Init.o
 .debug_rnglists
                0x00000f5f       0x13 ./System/User_SuperLoop.o
 .debug_rnglists
                0x00000f72       0x44 ./System/User_TM1638.o

.debug_macro    0x00000000    0x3b3cb
 .debug_macro   0x00000000      0x317 ./Core/Src/dma.o
 .debug_macro   0x00000317      0xacc ./Core/Src/dma.o
 .debug_macro   0x00000de3      0x24a ./Core/Src/dma.o
 .debug_macro   0x0000102d       0x2e ./Core/Src/dma.o
 .debug_macro   0x0000105b       0x3b ./Core/Src/dma.o
 .debug_macro   0x00001096       0x22 ./Core/Src/dma.o
 .debug_macro   0x000010b8       0x8e ./Core/Src/dma.o
 .debug_macro   0x00001146       0x51 ./Core/Src/dma.o
 .debug_macro   0x00001197      0x103 ./Core/Src/dma.o
 .debug_macro   0x0000129a       0x6a ./Core/Src/dma.o
 .debug_macro   0x00001304      0x1df ./Core/Src/dma.o
 .debug_macro   0x000014e3       0x1c ./Core/Src/dma.o
 .debug_macro   0x000014ff       0x22 ./Core/Src/dma.o
 .debug_macro   0x00001521       0xfb ./Core/Src/dma.o
 .debug_macro   0x0000161c     0x1305 ./Core/Src/dma.o
 .debug_macro   0x00002921      0x11f ./Core/Src/dma.o
 .debug_macro   0x00002a40       0x27 ./Core/Src/dma.o
 .debug_macro   0x00002a67    0x258f9 ./Core/Src/dma.o
 .debug_macro   0x00028360       0x6d ./Core/Src/dma.o
 .debug_macro   0x000283cd     0x3d79 ./Core/Src/dma.o
 .debug_macro   0x0002c146      0x189 ./Core/Src/dma.o
 .debug_macro   0x0002c2cf       0x61 ./Core/Src/dma.o
 .debug_macro   0x0002c330       0x29 ./Core/Src/dma.o
 .debug_macro   0x0002c359       0x43 ./Core/Src/dma.o
 .debug_macro   0x0002c39c       0x34 ./Core/Src/dma.o
 .debug_macro   0x0002c3d0       0x16 ./Core/Src/dma.o
 .debug_macro   0x0002c3e6       0x43 ./Core/Src/dma.o
 .debug_macro   0x0002c429       0x34 ./Core/Src/dma.o
 .debug_macro   0x0002c45d       0x10 ./Core/Src/dma.o
 .debug_macro   0x0002c46d       0x58 ./Core/Src/dma.o
 .debug_macro   0x0002c4c5       0x8e ./Core/Src/dma.o
 .debug_macro   0x0002c553       0x1c ./Core/Src/dma.o
 .debug_macro   0x0002c56f      0x177 ./Core/Src/dma.o
 .debug_macro   0x0002c6e6      0x369 ./Core/Src/dma.o
 .debug_macro   0x0002ca4f      0x19b ./Core/Src/dma.o
 .debug_macro   0x0002cbea       0x5d ./Core/Src/dma.o
 .debug_macro   0x0002cc47     0x2382 ./Core/Src/dma.o
 .debug_macro   0x0002efc9     0x102c ./Core/Src/dma.o
 .debug_macro   0x0002fff5      0x154 ./Core/Src/dma.o
 .debug_macro   0x00030149      0x114 ./Core/Src/dma.o
 .debug_macro   0x0003025d      0x3b6 ./Core/Src/dma.o
 .debug_macro   0x00030613       0xac ./Core/Src/dma.o
 .debug_macro   0x000306bf      0x72d ./Core/Src/dma.o
 .debug_macro   0x00030dec      0x228 ./Core/Src/dma.o
 .debug_macro   0x00031014       0x66 ./Core/Src/dma.o
 .debug_macro   0x0003107a      0x3bb ./Core/Src/dma.o
 .debug_macro   0x00031435      0xa80 ./Core/Src/dma.o
 .debug_macro   0x00031eb5      0x129 ./Core/Src/dma.o
 .debug_macro   0x00031fde      0x3e4 ./Core/Src/dma.o
 .debug_macro   0x000323c2      0x275 ./Core/Src/dma.o
 .debug_macro   0x00032637      0x3ca ./Core/Src/dma.o
 .debug_macro   0x00032a01      0x408 ./Core/Src/dma.o
 .debug_macro   0x00032e09       0x51 ./Core/Src/dma.o
 .debug_macro   0x00032e5a       0x4a ./Core/Src/dma.o
 .debug_macro   0x00032ea4      0x22c ./Core/Src/dma.o
 .debug_macro   0x000330d0       0x67 ./Core/Src/dma.o
 .debug_macro   0x00033137       0xa5 ./Core/Src/dma.o
 .debug_macro   0x000331dc      0x1c4 ./Core/Src/dma.o
 .debug_macro   0x000333a0      0x25e ./Core/Src/dma.o
 .debug_macro   0x000335fe       0x35 ./Core/Src/dma.o
 .debug_macro   0x00033633      0x328 ./Core/Src/dma.o
 .debug_macro   0x0003395b      0x65b ./Core/Src/dma.o
 .debug_macro   0x00033fb6       0xeb ./Core/Src/dma.o
 .debug_macro   0x000340a1      0x5e4 ./Core/Src/dma.o
 .debug_macro   0x00034685       0xc1 ./Core/Src/dma.o
 .debug_macro   0x00034746      0x693 ./Core/Src/dma.o
 .debug_macro   0x00034dd9       0xa6 ./Core/Src/dma.o
 .debug_macro   0x00034e7f      0x293 ./Core/Src/dma.o
 .debug_macro   0x00035112       0x90 ./Core/Src/dma.o
 .debug_macro   0x000351a2      0x5a0 ./Core/Src/dma.o
 .debug_macro   0x00035742       0x70 ./Core/Src/dma.o
 .debug_macro   0x000357b2      0x347 ./Core/Src/eth.o
 .debug_macro   0x00035af9       0x16 ./Core/Src/eth.o
 .debug_macro   0x00035b0f       0x35 ./Core/Src/eth.o
 .debug_macro   0x00035b44       0x20 ./Core/Src/eth.o
 .debug_macro   0x00035b64      0x317 ./Core/Src/gpio.o
 .debug_macro   0x00035e7b      0x38f ./Core/Src/main.o
 .debug_macro   0x0003620a      0x347 ./Core/Src/rtc.o
 .debug_macro   0x00036551      0x347 ./Core/Src/spi.o
 .debug_macro   0x00036898      0x30d ./Core/Src/stm32h7xx_hal_msp.o
 .debug_macro   0x00036ba5      0x317 ./Core/Src/stm32h7xx_it.o
 .debug_macro   0x00036ebc      0x2fe ./Core/Src/system_stm32h7xx.o
 .debug_macro   0x000371ba      0x347 ./Core/Src/usart.o
 .debug_macro   0x00037501      0x347 ./Core/Src/usb_otg.o
 .debug_macro   0x00037848      0x328 ./Drivers/STM32H7xx_HAL_Driver/Src/stm32h7xx_hal.o
 .debug_macro   0x00037b70      0x2fe ./Drivers/STM32H7xx_HAL_Driver/Src/stm32h7xx_hal_cortex.o
 .debug_macro   0x00037e6e      0x352 ./Drivers/STM32H7xx_HAL_Driver/Src/stm32h7xx_hal_dma.o
 .debug_macro   0x000381c0      0x392 ./Drivers/STM32H7xx_HAL_Driver/Src/stm32h7xx_hal_eth.o
 .debug_macro   0x00038552      0x305 ./Drivers/STM32H7xx_HAL_Driver/Src/stm32h7xx_hal_gpio.o
 .debug_macro   0x00038857      0x30a ./Drivers/STM32H7xx_HAL_Driver/Src/stm32h7xx_hal_pcd.o
 .debug_macro   0x00038b61      0x2fe ./Drivers/STM32H7xx_HAL_Driver/Src/stm32h7xx_hal_pcd_ex.o
 .debug_macro   0x00038e5f      0x322 ./Drivers/STM32H7xx_HAL_Driver/Src/stm32h7xx_hal_pwr.o
 .debug_macro   0x00039181      0x337 ./Drivers/STM32H7xx_HAL_Driver/Src/stm32h7xx_hal_pwr_ex.o
 .debug_macro   0x000394b8      0x322 ./Drivers/STM32H7xx_HAL_Driver/Src/stm32h7xx_hal_rcc.o
 .debug_macro   0x000397da      0x31c ./Drivers/STM32H7xx_HAL_Driver/Src/stm32h7xx_hal_rcc_ex.o
 .debug_macro   0x00039af6      0x2ff ./Drivers/STM32H7xx_HAL_Driver/Src/stm32h7xx_hal_rtc.o
 .debug_macro   0x00039df5      0x306 ./Drivers/STM32H7xx_HAL_Driver/Src/stm32h7xx_hal_spi.o
 .debug_macro   0x0003a0fb      0x329 ./Drivers/STM32H7xx_HAL_Driver/Src/stm32h7xx_hal_uart.o
 .debug_macro   0x0003a424      0x30a ./Drivers/STM32H7xx_HAL_Driver/Src/stm32h7xx_hal_uart_ex.o
 .debug_macro   0x0003a72e      0x2fe ./Drivers/STM32H7xx_HAL_Driver/Src/stm32h7xx_ll_usb.o
 .debug_macro   0x0003aa2c      0x315 ./System/User_Init.o
 .debug_macro   0x0003ad41      0x315 ./System/User_SuperLoop.o
 .debug_macro   0x0003b056      0x375 ./System/User_TM1638.o

.debug_line     0x00000000    0x21bfb
 .debug_line    0x00000000      0x97f ./Core/Src/dma.o
 .debug_line    0x0000097f      0xa64 ./Core/Src/eth.o
 .debug_line    0x000013e3      0x9d5 ./Core/Src/gpio.o
 .debug_line    0x00001db8      0xb11 ./Core/Src/main.o
 .debug_line    0x000028c9      0xa46 ./Core/Src/rtc.o
 .debug_line    0x0000330f      0xb00 ./Core/Src/spi.o
 .debug_line    0x00003e0f      0x983 ./Core/Src/stm32h7xx_hal_msp.o
 .debug_line    0x00004792      0xa76 ./Core/Src/stm32h7xx_it.o
 .debug_line    0x00005208      0xb3f ./Core/Src/system_stm32h7xx.o
 .debug_line    0x00005d47      0xa56 ./Core/Src/usart.o
 .debug_line    0x0000679d      0xa47 ./Core/Src/usb_otg.o
 .debug_line    0x000071e4       0x7a ./Core/Startup/startup_stm32h743zitx.o
 .debug_line    0x0000725e      0xf34 ./Drivers/STM32H7xx_HAL_Driver/Src/stm32h7xx_hal.o
 .debug_line    0x00008192      0xf63 ./Drivers/STM32H7xx_HAL_Driver/Src/stm32h7xx_hal_cortex.o
 .debug_line    0x000090f5     0x2897 ./Drivers/STM32H7xx_HAL_Driver/Src/stm32h7xx_hal_dma.o
 .debug_line    0x0000b98c     0x1ccd ./Drivers/STM32H7xx_HAL_Driver/Src/stm32h7xx_hal_eth.o
 .debug_line    0x0000d659      0xe0c ./Drivers/STM32H7xx_HAL_Driver/Src/stm32h7xx_hal_gpio.o
 .debug_line    0x0000e465     0x174f ./Drivers/STM32H7xx_HAL_Driver/Src/stm32h7xx_hal_pcd.o
 .debug_line    0x0000fbb4      0xb91 ./Drivers/STM32H7xx_HAL_Driver/Src/stm32h7xx_hal_pcd_ex.o
 .debug_line    0x00010745      0xb9e ./Drivers/STM32H7xx_HAL_Driver/Src/stm32h7xx_hal_pwr.o
 .debug_line    0x000112e3     0x1057 ./Drivers/STM32H7xx_HAL_Driver/Src/stm32h7xx_hal_pwr_ex.o
 .debug_line    0x0001233a     0x1504 ./Drivers/STM32H7xx_HAL_Driver/Src/stm32h7xx_hal_rcc.o
 .debug_line    0x0001383e     0x1e1c ./Drivers/STM32H7xx_HAL_Driver/Src/stm32h7xx_hal_rcc_ex.o
 .debug_line    0x0001565a     0x1314 ./Drivers/STM32H7xx_HAL_Driver/Src/stm32h7xx_hal_rtc.o
 .debug_line    0x0001696e     0x2454 ./Drivers/STM32H7xx_HAL_Driver/Src/stm32h7xx_hal_spi.o
 .debug_line    0x00018dc2     0x3fc2 ./Drivers/STM32H7xx_HAL_Driver/Src/stm32h7xx_hal_uart.o
 .debug_line    0x0001cd84      0xfd2 ./Drivers/STM32H7xx_HAL_Driver/Src/stm32h7xx_hal_uart_ex.o
 .debug_line    0x0001dd56     0x2015 ./Drivers/STM32H7xx_HAL_Driver/Src/stm32h7xx_ll_usb.o
 .debug_line    0x0001fd6b      0x999 ./System/User_Init.o
 .debug_line    0x00020704      0x9a3 ./System/User_SuperLoop.o
 .debug_line    0x000210a7      0xb54 ./System/User_TM1638.o

.debug_str      0x00000000   0x169f41
 .debug_str     0x00000000   0x16200f ./Core/Src/dma.o
                             0x1624c0 (size before relaxing)
 .debug_str     0x0016200f      0xb27 ./Core/Src/eth.o
                             0x16282b (size before relaxing)
 .debug_str     0x00162b36       0x68 ./Core/Src/gpio.o
                             0x161d3f (size before relaxing)
 .debug_str     0x00162b9e      0x691 ./Core/Src/main.o
                             0x162449 (size before relaxing)
 .debug_str     0x0016322f      0x335 ./Core/Src/rtc.o
                             0x16241b (size before relaxing)
 .debug_str     0x00163564      0x5b2 ./Core/Src/spi.o
                             0x162cbc (size before relaxing)
 .debug_str     0x00163b16       0x2c ./Core/Src/stm32h7xx_hal_msp.o
                             0x161c74 (size before relaxing)
 .debug_str     0x00163b42      0x117 ./Core/Src/stm32h7xx_it.o
                             0x162154 (size before relaxing)
 .debug_str     0x00163c59      0x325 ./Core/Src/system_stm32h7xx.o
                             0x161df3 (size before relaxing)
 .debug_str     0x00163f7e      0x283 ./Core/Src/usart.o
                             0x16277d (size before relaxing)
 .debug_str     0x00164201      0x42f ./Core/Src/usb_otg.o
                             0x1625fe (size before relaxing)
 .debug_str     0x00164630       0x44 ./Core/Startup/startup_stm32h743zitx.o
                                 0x70 (size before relaxing)
 .debug_str     0x00164674      0x7ec ./Drivers/STM32H7xx_HAL_Driver/Src/stm32h7xx_hal.o
                             0x162d09 (size before relaxing)
 .debug_str     0x00164e60      0x35f ./Drivers/STM32H7xx_HAL_Driver/Src/stm32h7xx_hal_cortex.o
                             0x162744 (size before relaxing)
 .debug_str     0x001651bf      0x849 ./Drivers/STM32H7xx_HAL_Driver/Src/stm32h7xx_hal_dma.o
                             0x16252d (size before relaxing)
 .debug_str     0x00165a08     0x1036 ./Drivers/STM32H7xx_HAL_Driver/Src/stm32h7xx_hal_eth.o
                             0x163678 (size before relaxing)
 .debug_str     0x00166a3e       0xec ./Drivers/STM32H7xx_HAL_Driver/Src/stm32h7xx_hal_gpio.o
                             0x161daa (size before relaxing)
 .debug_str     0x00166b2a      0x80a ./Drivers/STM32H7xx_HAL_Driver/Src/stm32h7xx_hal_pcd.o
                             0x16255e (size before relaxing)
 .debug_str     0x00167334      0x16f ./Drivers/STM32H7xx_HAL_Driver/Src/stm32h7xx_hal_pcd_ex.o
                             0x161efc (size before relaxing)
 .debug_str     0x001674a3      0x285 ./Drivers/STM32H7xx_HAL_Driver/Src/stm32h7xx_hal_pwr.o
                             0x161d71 (size before relaxing)
 .debug_str     0x00167728      0x5e4 ./Drivers/STM32H7xx_HAL_Driver/Src/stm32h7xx_hal_pwr_ex.o
                             0x16226b (size before relaxing)
 .debug_str     0x00167d0c      0x21a ./Drivers/STM32H7xx_HAL_Driver/Src/stm32h7xx_hal_rcc.o
                             0x16218e (size before relaxing)
 .debug_str     0x00167f26      0x64b ./Drivers/STM32H7xx_HAL_Driver/Src/stm32h7xx_hal_rcc_ex.o
                             0x16266f (size before relaxing)
 .debug_str     0x00168571      0x219 ./Drivers/STM32H7xx_HAL_Driver/Src/stm32h7xx_hal_rtc.o
                             0x161f45 (size before relaxing)
 .debug_str     0x0016878a      0x52c ./Drivers/STM32H7xx_HAL_Driver/Src/stm32h7xx_hal_spi.o
                             0x1624b2 (size before relaxing)
 .debug_str     0x00168cb6      0x9dc ./Drivers/STM32H7xx_HAL_Driver/Src/stm32h7xx_hal_uart.o
                             0x162ccf (size before relaxing)
 .debug_str     0x00169692      0x261 ./Drivers/STM32H7xx_HAL_Driver/Src/stm32h7xx_hal_uart_ex.o
                             0x16228f (size before relaxing)
 .debug_str     0x001698f3      0x4ab ./Drivers/STM32H7xx_HAL_Driver/Src/stm32h7xx_ll_usb.o
                             0x162458 (size before relaxing)
 .debug_str     0x00169d9e       0x33 ./System/User_Init.o
                             0x161a4d (size before relaxing)
 .debug_str     0x00169dd1       0x22 ./System/User_SuperLoop.o
                             0x161ad7 (size before relaxing)
 .debug_str     0x00169df3      0x14e ./System/User_TM1638.o
                             0x162348 (size before relaxing)

.comment        0x00000000       0x43
 .comment       0x00000000       0x43 ./Core/Src/dma.o
                                 0x44 (size before relaxing)
 .comment       0x00000043       0x44 ./Core/Src/eth.o
 .comment       0x00000043       0x44 ./Core/Src/gpio.o
 .comment       0x00000043       0x44 ./Core/Src/main.o
 .comment       0x00000043       0x44 ./Core/Src/rtc.o
 .comment       0x00000043       0x44 ./Core/Src/spi.o
 .comment       0x00000043       0x44 ./Core/Src/stm32h7xx_hal_msp.o
 .comment       0x00000043       0x44 ./Core/Src/stm32h7xx_it.o
 .comment       0x00000043       0x44 ./Core/Src/system_stm32h7xx.o
 .comment       0x00000043       0x44 ./Core/Src/usart.o
 .comment       0x00000043       0x44 ./Core/Src/usb_otg.o
 .comment       0x00000043       0x44 ./Drivers/STM32H7xx_HAL_Driver/Src/stm32h7xx_hal.o
 .comment       0x00000043       0x44 ./Drivers/STM32H7xx_HAL_Driver/Src/stm32h7xx_hal_cortex.o
 .comment       0x00000043       0x44 ./Drivers/STM32H7xx_HAL_Driver/Src/stm32h7xx_hal_dma.o
 .comment       0x00000043       0x44 ./Drivers/STM32H7xx_HAL_Driver/Src/stm32h7xx_hal_eth.o
 .comment       0x00000043       0x44 ./Drivers/STM32H7xx_HAL_Driver/Src/stm32h7xx_hal_gpio.o
 .comment       0x00000043       0x44 ./Drivers/STM32H7xx_HAL_Driver/Src/stm32h7xx_hal_pcd.o
 .comment       0x00000043       0x44 ./Drivers/STM32H7xx_HAL_Driver/Src/stm32h7xx_hal_pcd_ex.o
 .comment       0x00000043       0x44 ./Drivers/STM32H7xx_HAL_Driver/Src/stm32h7xx_hal_pwr.o
 .comment       0x00000043       0x44 ./Drivers/STM32H7xx_HAL_Driver/Src/stm32h7xx_hal_pwr_ex.o
 .comment       0x00000043       0x44 ./Drivers/STM32H7xx_HAL_Driver/Src/stm32h7xx_hal_rcc.o
 .comment       0x00000043       0x44 ./Drivers/STM32H7xx_HAL_Driver/Src/stm32h7xx_hal_rcc_ex.o
 .comment       0x00000043       0x44 ./Drivers/STM32H7xx_HAL_Driver/Src/stm32h7xx_hal_rtc.o
 .comment       0x00000043       0x44 ./Drivers/STM32H7xx_HAL_Driver/Src/stm32h7xx_hal_spi.o
 .comment       0x00000043       0x44 ./Drivers/STM32H7xx_HAL_Driver/Src/stm32h7xx_hal_uart.o
 .comment       0x00000043       0x44 ./Drivers/STM32H7xx_HAL_Driver/Src/stm32h7xx_hal_uart_ex.o
 .comment       0x00000043       0x44 ./Drivers/STM32H7xx_HAL_Driver/Src/stm32h7xx_ll_usb.o
 .comment       0x00000043       0x44 ./System/User_Init.o
 .comment       0x00000043       0x44 ./System/User_SuperLoop.o
 .comment       0x00000043       0x44 ./System/User_TM1638.o

.debug_frame    0x00000000     0x5488
 .debug_frame   0x00000000       0x34 ./Core/Src/dma.o
 .debug_frame   0x00000034       0x74 ./Core/Src/eth.o
 .debug_frame   0x000000a8       0x34 ./Core/Src/gpio.o
 .debug_frame   0x000000dc       0x90 ./Core/Src/main.o
 .debug_frame   0x0000016c       0x80 ./Core/Src/rtc.o
 .debug_frame   0x000001ec       0x90 ./Core/Src/spi.o
 .debug_frame   0x0000027c       0x38 ./Core/Src/stm32h7xx_hal_msp.o
 .debug_frame   0x000002b4      0x13c ./Core/Src/stm32h7xx_it.o
 .debug_frame   0x000003f0       0x58 ./Core/Src/system_stm32h7xx.o
 .debug_frame   0x00000448       0x78 ./Core/Src/usart.o
 .debug_frame   0x000004c0       0x78 ./Core/Src/usb_otg.o
 .debug_frame   0x00000538      0x690 ./Drivers/STM32H7xx_HAL_Driver/Src/stm32h7xx_hal.o
 .debug_frame   0x00000bc8      0x508 ./Drivers/STM32H7xx_HAL_Driver/Src/stm32h7xx_hal_cortex.o
 .debug_frame   0x000010d0      0x2b4 ./Drivers/STM32H7xx_HAL_Driver/Src/stm32h7xx_hal_dma.o
 .debug_frame   0x00001384      0x894 ./Drivers/STM32H7xx_HAL_Driver/Src/stm32h7xx_hal_eth.o
 .debug_frame   0x00001c18      0x14c ./Drivers/STM32H7xx_HAL_Driver/Src/stm32h7xx_hal_gpio.o
 .debug_frame   0x00001d64      0x590 ./Drivers/STM32H7xx_HAL_Driver/Src/stm32h7xx_hal_pcd.o
 .debug_frame   0x000022f4      0x174 ./Drivers/STM32H7xx_HAL_Driver/Src/stm32h7xx_hal_pcd_ex.o
 .debug_frame   0x00002468      0x254 ./Drivers/STM32H7xx_HAL_Driver/Src/stm32h7xx_hal_pwr.o
 .debug_frame   0x000026bc      0x580 ./Drivers/STM32H7xx_HAL_Driver/Src/stm32h7xx_hal_pwr_ex.o
 .debug_frame   0x00002c3c      0x1f8 ./Drivers/STM32H7xx_HAL_Driver/Src/stm32h7xx_hal_rcc.o
 .debug_frame   0x00002e34      0x414 ./Drivers/STM32H7xx_HAL_Driver/Src/stm32h7xx_hal_rcc_ex.o
 .debug_frame   0x00003248      0x32c ./Drivers/STM32H7xx_HAL_Driver/Src/stm32h7xx_hal_rtc.o
 .debug_frame   0x00003574      0x7a8 ./Drivers/STM32H7xx_HAL_Driver/Src/stm32h7xx_hal_spi.o
 .debug_frame   0x00003d1c      0xa94 ./Drivers/STM32H7xx_HAL_Driver/Src/stm32h7xx_hal_uart.o
 .debug_frame   0x000047b0      0x2c0 ./Drivers/STM32H7xx_HAL_Driver/Src/stm32h7xx_hal_uart_ex.o
 .debug_frame   0x00004a70      0x7c0 ./Drivers/STM32H7xx_HAL_Driver/Src/stm32h7xx_ll_usb.o
 .debug_frame   0x00005230       0x2c ./System/User_Init.o
 .debug_frame   0x0000525c       0x30 ./System/User_SuperLoop.o
 .debug_frame   0x0000528c      0x150 ./System/User_TM1638.o
 .debug_frame   0x000053dc       0x20 C:/ST/STM32CubeIDE_1.17.0/STM32CubeIDE/plugins/com.st.stm32cube.ide.mcu.externaltools.gnu-tools-for-stm32.12.3.rel1.win32_1.1.0.202410251130/tools/bin/../lib/gcc/arm-none-eabi/12.3.1/../../../../arm-none-eabi/lib/thumb/v7e-m+dp/hard\libc_nano.a(libc_a-memset.o)
 .debug_frame   0x000053fc       0x2c C:/ST/STM32CubeIDE_1.17.0/STM32CubeIDE/plugins/com.st.stm32cube.ide.mcu.externaltools.gnu-tools-for-stm32.12.3.rel1.win32_1.1.0.202410251130/tools/bin/../lib/gcc/arm-none-eabi/12.3.1/../../../../arm-none-eabi/lib/thumb/v7e-m+dp/hard\libc_nano.a(libc_a-init.o)
 .debug_frame   0x00005428       0x2c C:/ST/STM32CubeIDE_1.17.0/STM32CubeIDE/plugins/com.st.stm32cube.ide.mcu.externaltools.gnu-tools-for-stm32.12.3.rel1.win32_1.1.0.202410251130/tools/bin/../lib/gcc/arm-none-eabi/12.3.1/thumb/v7e-m+dp/hard\libgcc.a(_aeabi_uldivmod.o)
 .debug_frame   0x00005454       0x34 C:/ST/STM32CubeIDE_1.17.0/STM32CubeIDE/plugins/com.st.stm32cube.ide.mcu.externaltools.gnu-tools-for-stm32.12.3.rel1.win32_1.1.0.202410251130/tools/bin/../lib/gcc/arm-none-eabi/12.3.1/thumb/v7e-m+dp/hard\libgcc.a(_udivmoddi4.o)

.debug_line_str
                0x00000000       0x54
 .debug_line_str
                0x00000000       0x54 ./Core/Startup/startup_stm32h743zitx.o
