../System/User_TM1638.c:33:6:TM1638_CallBack	16	static
../System/User_TM1638.c:38:6:TM1638_SendByte	16	static
../System/User_TM1638.c:44:6:TM1638_SendByte_DMA	32	static,ignoring_inline_asm
../System/User_TM1638.c:58:6:TM1638_ReceiveByte	24	static
../System/User_TM1638.c:65:6:TM1638_DisplayNumber	16	static
../System/User_TM1638.c:71:6:TM1638_Init	16	static
../System/User_TM1638.c:111:6:TM1638_SendByte_TEST	24	static
../System/User_TM1638.c:121:6:TM1638_Clear_TSET	16	static
../System/User_TM1638.c:148:6:TM1638_DisplayNumber_TEST	16	static
../System/User_TM1638.c:158:6:TM1638_GPIO_TEST	8	static
