../System/User_TM1638.c:32:6:HAL_SPI_TxCpltCallback	16	static
../System/User_TM1638.c:46:6:TM1638_SendByte	16	static
../System/User_TM1638.c:53:6:TM1638_SendByte_DMA	16	static
../System/User_TM1638.c:65:6:TM1638_ReceiveByte	24	static
../System/User_TM1638.c:72:6:TM1638_Init	16	static
../System/User_TM1638.c:106:6:TM1638_DisplayNumber	16	static
../System/User_TM1638.c:123:6:TM1638_SendByte_TEST	24	static
../System/User_TM1638.c:133:6:TM1638_Clear_TSET	16	static
../System/User_TM1638.c:150:6:TM1638_GPIO_TEST	8	static
