###############################################################################
#
# IAR ELF Linker V9.30.1.335/W64 for ARM                  03/Mar/2025  23:56:05
# Copyright 2007-2022 IAR Systems AB.
#
#    Output file  =
#        C:\Users\LeeJaeHwa\Desktop\ToyProject\EWARM\ToyProject\Exe\ToyProject.out
#    Map file     =
#        C:\Users\LeeJaeHwa\Desktop\ToyProject\EWARM\ToyProject\List\ToyProject.map
#    Command line =
#        -f
#        C:\Users\LeeJaeHwa\Desktop\ToyProject\EWARM\ToyProject\Exe\ToyProject.out.rsp
#        (C:\Users\LeeJaeHwa\Desktop\ToyProject\EWARM\ToyProject\Obj\Middlewares\FreeRTOS\cmsis_os.o
#        C:\Users\LeeJaeHwa\Desktop\ToyProject\EWARM\ToyProject\Obj\Application\User\Core\crc.o
#        C:\Users\LeeJaeHwa\Desktop\ToyProject\EWARM\ToyProject\Obj\Middlewares\FreeRTOS\croutine.o
#        C:\Users\LeeJaeHwa\Desktop\ToyProject\EWARM\ToyProject\Obj\Application\User\Core\eth.o
#        C:\Users\LeeJaeHwa\Desktop\ToyProject\EWARM\ToyProject\Obj\Middlewares\FreeRTOS\event_groups.o
#        C:\Users\LeeJaeHwa\Desktop\ToyProject\EWARM\ToyProject\Obj\Application\User\Core\freertos.o
#        C:\Users\LeeJaeHwa\Desktop\ToyProject\EWARM\ToyProject\Obj\Application\User\Core\gpio.o
#        C:\Users\LeeJaeHwa\Desktop\ToyProject\EWARM\ToyProject\Obj\Middlewares\FreeRTOS\heap_4.o
#        C:\Users\LeeJaeHwa\Desktop\ToyProject\EWARM\ToyProject\Obj\Middlewares\FreeRTOS\list.o
#        C:\Users\LeeJaeHwa\Desktop\ToyProject\EWARM\ToyProject\Obj\Application\User\Core\main.o
#        C:\Users\LeeJaeHwa\Desktop\ToyProject\EWARM\ToyProject\Obj\Middlewares\FreeRTOS\port.o
#        C:\Users\LeeJaeHwa\Desktop\ToyProject\EWARM\ToyProject\Obj\Middlewares\FreeRTOS\portasm.o
#        C:\Users\LeeJaeHwa\Desktop\ToyProject\EWARM\ToyProject\Obj\Middlewares\FreeRTOS\queue.o
#        C:\Users\LeeJaeHwa\Desktop\ToyProject\EWARM\ToyProject\Obj\Application\User\Core\rtc.o
#        C:\Users\LeeJaeHwa\Desktop\ToyProject\EWARM\ToyProject\Obj\Application\User\Core\spi.o
#        C:\Users\LeeJaeHwa\Desktop\ToyProject\EWARM\ToyProject\Obj\Application\EWARM\startup_stm32h743xx.o
#        C:\Users\LeeJaeHwa\Desktop\ToyProject\EWARM\ToyProject\Obj\Drivers\STM32H7xx_HAL_Driver\stm32h7xx_hal.o
#        C:\Users\LeeJaeHwa\Desktop\ToyProject\EWARM\ToyProject\Obj\Drivers\STM32H7xx_HAL_Driver\stm32h7xx_hal_cortex.o
#        C:\Users\LeeJaeHwa\Desktop\ToyProject\EWARM\ToyProject\Obj\Drivers\STM32H7xx_HAL_Driver\stm32h7xx_hal_crc.o
#        C:\Users\LeeJaeHwa\Desktop\ToyProject\EWARM\ToyProject\Obj\Drivers\STM32H7xx_HAL_Driver\stm32h7xx_hal_crc_ex.o
#        C:\Users\LeeJaeHwa\Desktop\ToyProject\EWARM\ToyProject\Obj\Drivers\STM32H7xx_HAL_Driver\stm32h7xx_hal_dma.o
#        C:\Users\LeeJaeHwa\Desktop\ToyProject\EWARM\ToyProject\Obj\Drivers\STM32H7xx_HAL_Driver\stm32h7xx_hal_dma_ex.o
#        C:\Users\LeeJaeHwa\Desktop\ToyProject\EWARM\ToyProject\Obj\Drivers\STM32H7xx_HAL_Driver\stm32h7xx_hal_eth.o
#        C:\Users\LeeJaeHwa\Desktop\ToyProject\EWARM\ToyProject\Obj\Drivers\STM32H7xx_HAL_Driver\stm32h7xx_hal_eth_ex.o
#        C:\Users\LeeJaeHwa\Desktop\ToyProject\EWARM\ToyProject\Obj\Drivers\STM32H7xx_HAL_Driver\stm32h7xx_hal_exti.o
#        C:\Users\LeeJaeHwa\Desktop\ToyProject\EWARM\ToyProject\Obj\Drivers\STM32H7xx_HAL_Driver\stm32h7xx_hal_flash.o
#        C:\Users\LeeJaeHwa\Desktop\ToyProject\EWARM\ToyProject\Obj\Drivers\STM32H7xx_HAL_Driver\stm32h7xx_hal_flash_ex.o
#        C:\Users\LeeJaeHwa\Desktop\ToyProject\EWARM\ToyProject\Obj\Drivers\STM32H7xx_HAL_Driver\stm32h7xx_hal_gpio.o
#        C:\Users\LeeJaeHwa\Desktop\ToyProject\EWARM\ToyProject\Obj\Drivers\STM32H7xx_HAL_Driver\stm32h7xx_hal_hsem.o
#        C:\Users\LeeJaeHwa\Desktop\ToyProject\EWARM\ToyProject\Obj\Drivers\STM32H7xx_HAL_Driver\stm32h7xx_hal_i2c.o
#        C:\Users\LeeJaeHwa\Desktop\ToyProject\EWARM\ToyProject\Obj\Drivers\STM32H7xx_HAL_Driver\stm32h7xx_hal_i2c_ex.o
#        C:\Users\LeeJaeHwa\Desktop\ToyProject\EWARM\ToyProject\Obj\Drivers\STM32H7xx_HAL_Driver\stm32h7xx_hal_mdma.o
#        C:\Users\LeeJaeHwa\Desktop\ToyProject\EWARM\ToyProject\Obj\Application\User\Core\stm32h7xx_hal_msp.o
#        C:\Users\LeeJaeHwa\Desktop\ToyProject\EWARM\ToyProject\Obj\Drivers\STM32H7xx_HAL_Driver\stm32h7xx_hal_pcd.o
#        C:\Users\LeeJaeHwa\Desktop\ToyProject\EWARM\ToyProject\Obj\Drivers\STM32H7xx_HAL_Driver\stm32h7xx_hal_pcd_ex.o
#        C:\Users\LeeJaeHwa\Desktop\ToyProject\EWARM\ToyProject\Obj\Drivers\STM32H7xx_HAL_Driver\stm32h7xx_hal_pwr.o
#        C:\Users\LeeJaeHwa\Desktop\ToyProject\EWARM\ToyProject\Obj\Drivers\STM32H7xx_HAL_Driver\stm32h7xx_hal_pwr_ex.o
#        C:\Users\LeeJaeHwa\Desktop\ToyProject\EWARM\ToyProject\Obj\Drivers\STM32H7xx_HAL_Driver\stm32h7xx_hal_rcc.o
#        C:\Users\LeeJaeHwa\Desktop\ToyProject\EWARM\ToyProject\Obj\Drivers\STM32H7xx_HAL_Driver\stm32h7xx_hal_rcc_ex.o
#        C:\Users\LeeJaeHwa\Desktop\ToyProject\EWARM\ToyProject\Obj\Drivers\STM32H7xx_HAL_Driver\stm32h7xx_hal_rtc.o
#        C:\Users\LeeJaeHwa\Desktop\ToyProject\EWARM\ToyProject\Obj\Drivers\STM32H7xx_HAL_Driver\stm32h7xx_hal_rtc_ex.o
#        C:\Users\LeeJaeHwa\Desktop\ToyProject\EWARM\ToyProject\Obj\Drivers\STM32H7xx_HAL_Driver\stm32h7xx_hal_spi.o
#        C:\Users\LeeJaeHwa\Desktop\ToyProject\EWARM\ToyProject\Obj\Drivers\STM32H7xx_HAL_Driver\stm32h7xx_hal_spi_ex.o
#        C:\Users\LeeJaeHwa\Desktop\ToyProject\EWARM\ToyProject\Obj\Drivers\STM32H7xx_HAL_Driver\stm32h7xx_hal_tim.o
#        C:\Users\LeeJaeHwa\Desktop\ToyProject\EWARM\ToyProject\Obj\Drivers\STM32H7xx_HAL_Driver\stm32h7xx_hal_tim_ex.o
#        C:\Users\LeeJaeHwa\Desktop\ToyProject\EWARM\ToyProject\Obj\Application\User\Core\stm32h7xx_hal_timebase_tim.o
#        C:\Users\LeeJaeHwa\Desktop\ToyProject\EWARM\ToyProject\Obj\Drivers\STM32H7xx_HAL_Driver\stm32h7xx_hal_uart.o
#        C:\Users\LeeJaeHwa\Desktop\ToyProject\EWARM\ToyProject\Obj\Drivers\STM32H7xx_HAL_Driver\stm32h7xx_hal_uart_ex.o
#        C:\Users\LeeJaeHwa\Desktop\ToyProject\EWARM\ToyProject\Obj\Application\User\Core\stm32h7xx_it.o
#        C:\Users\LeeJaeHwa\Desktop\ToyProject\EWARM\ToyProject\Obj\Drivers\STM32H7xx_HAL_Driver\stm32h7xx_ll_usb.o
#        C:\Users\LeeJaeHwa\Desktop\ToyProject\EWARM\ToyProject\Obj\Middlewares\FreeRTOS\stream_buffer.o
#        C:\Users\LeeJaeHwa\Desktop\ToyProject\EWARM\ToyProject\Obj\Drivers\CMSIS\system_stm32h7xx.o
#        C:\Users\LeeJaeHwa\Desktop\ToyProject\EWARM\ToyProject\Obj\Middlewares\FreeRTOS\tasks.o
#        C:\Users\LeeJaeHwa\Desktop\ToyProject\EWARM\ToyProject\Obj\Application\User\Core\tim.o
#        C:\Users\LeeJaeHwa\Desktop\ToyProject\EWARM\ToyProject\Obj\Middlewares\FreeRTOS\timers.o
#        C:\Users\LeeJaeHwa\Desktop\ToyProject\EWARM\ToyProject\Obj\Application\User\Core\usart.o
#        C:\Users\LeeJaeHwa\Desktop\ToyProject\EWARM\ToyProject\Obj\Application\User\Core\usb_otg.o
#        C:\Users\LeeJaeHwa\Desktop\ToyProject\EWARM\ToyProject\Obj\System\User_Init.o
#        C:\Users\LeeJaeHwa\Desktop\ToyProject\EWARM\ToyProject\Obj\System\User_Interrupt.o
#        C:\Users\LeeJaeHwa\Desktop\ToyProject\EWARM\ToyProject\Obj\System\Peripheral\User_MSP2404.o
#        C:\Users\LeeJaeHwa\Desktop\ToyProject\EWARM\ToyProject\Obj\System\Peripheral\User_RTC.o
#        C:\Users\LeeJaeHwa\Desktop\ToyProject\EWARM\ToyProject\Obj\System\User_SuperLoop.o
#        C:\Users\LeeJaeHwa\Desktop\ToyProject\EWARM\ToyProject\Obj\System\Peripheral\User_TM1638.o
#        --no_out_extension -o
#        C:\Users\LeeJaeHwa\Desktop\ToyProject\EWARM\ToyProject\Exe\ToyProject.out
#        --redirect _Printf=_PrintfFullNoMb --redirect _Scanf=_ScanfFullNoMb
#        --map
#        C:\Users\LeeJaeHwa\Desktop\ToyProject\EWARM\ToyProject\List\ToyProject.map
#        --config
#        C:\Users\LeeJaeHwa\Desktop\ToyProject\EWARM\stm32h743xx_flash.icf
#        --semihosting --entry __iar_program_start --vfe --text_out locale
#        --cpu=Cortex-M7 --fpu=VFPv5_d16)
#
###############################################################################

*******************************************************************************
*** RUNTIME MODEL ATTRIBUTES
***

CppFlavor       = *
__CPP_Runtime   = 1
__SystemLibrary = DLib
__dlib_version  = 6


*******************************************************************************
*** HEAP SELECTION
***

The basic heap was selected because --advanced_heap
was not specified and the application did not appear to
be primarily optimized for speed.


*******************************************************************************
*** PLACEMENT SUMMARY
***

"A0":  place at address 0x800'0000 { ro section .intvec };
"P1":  place in [from 0x800'0000 to 0x81f'ffff] { ro };
define block CSTACK with size = 1K, alignment = 8 { };
define block HEAP with size = 512, alignment = 8 { };
"P2":  place in [from 0x2000'0000 to 0x2001'ffff] {
          rw, block CSTACK, block HEAP };
initialize by copy { rw };

  Section            Kind         Address    Size  Object
  -------            ----         -------    ----  ------
"A0":                                       0x298
  .intvec            ro code   0x800'0000   0x298  startup_stm32h743xx.o [1]
                             - 0x800'0298   0x298

"P1":                                      0x79c0
  .text              ro code   0x800'0298  0x12c0  stm32h7xx_hal_rcc_ex.o [4]
  .text              ro code   0x800'1558     0xc  stm32h7xx_hal.o [4]
  .text              ro code   0x800'1564   0x5b8  stm32h7xx_hal_rcc.o [4]
  .text              ro code   0x800'1b1c    0xb0  stm32h7xx_hal_timebase_tim.o [2]
  .text              ro code   0x800'1bcc   0x110  stm32h7xx_hal_cortex.o [4]
  .text              ro code   0x800'1cdc   0xc72  stm32h7xx_hal_tim.o [4]
  .text              ro code   0x800'294e    0x2a  copy_init3.o [10]
  .text              ro code   0x800'2978   0x234  tim.o [2]
  .text              ro code   0x800'2bac     0x2  stm32h7xx_hal_tim.o [4]
  .text              ro code   0x800'2bae     0x2  stm32h7xx_hal_tim.o [4]
  .text              ro code   0x800'2bb0     0x2  stm32h7xx_hal_tim.o [4]
  .text              ro code   0x800'2bb2     0x2  stm32h7xx_hal_tim.o [4]
  .text              ro code   0x800'2bb4   0x278  main.o [2]
  .text              ro code   0x800'2e2c     0x2  stm32h7xx_hal_tim_ex.o [4]
  .text              ro code   0x800'2e2e     0x2  stm32h7xx_hal_tim_ex.o [4]
  .text              ro code   0x800'2e30     0x2  stm32h7xx_hal_tim.o [4]
  .text              ro code   0x800'2e32     0x2  stm32h7xx_hal_tim_ex.o [4]
  .text              ro code   0x800'2e34    0x66  ABImemset.o [10]
  .text              ro code   0x800'2e9c    0xc4  stm32h7xx_hal_tim_ex.o [4]
  .text              ro code   0x800'2f60   0x264  stm32h7xx_hal_gpio.o [4]
  .text              ro code   0x800'31c4    0x88  stm32h7xx_hal.o [4]
  .text              ro code   0x800'324c   0x1b4  gpio.o [2]
  .text              ro code   0x800'3400    0xfc  usb_otg.o [2]
  .text              ro code   0x800'34fc    0xf8  rtc.o [2]
  .text              ro code   0x800'35f4   0x110  usart.o [2]
  .text              ro code   0x800'3704    0x58  crc.o [2]
  .text              ro code   0x800'375c   0x1a8  eth.o [2]
  .text              ro code   0x800'3904   0x1b8  spi.o [2]
  .text              ro code   0x800'3abc    0x1c  User_Init.o [6]
  .text              ro code   0x800'3ad8    0x20  User_SuperLoop.o [6]
  .text              ro code   0x800'3af8    0x48  freertos.o [2]
  .text              ro code   0x800'3b40    0x98  cmsis_os.o [5]
  .text              ro code   0x800'3bd8    0x64  stm32h7xx_hal_pwr_ex.o [4]
  .text              ro code   0x800'3c3c    0x10  stm32h7xx_hal_pwr.o [4]
  .text              ro code   0x800'3c4c   0x700  stm32h7xx_hal_rcc.o [4]
  .text              ro code   0x800'434c    0x18  stm32h7xx_hal.o [4]
  .text              ro code   0x800'4364    0x28  stm32h7xx_hal_msp.o [2]
  .text              ro code   0x800'438c    0x14  memset.o [10]
  .text              ro code   0x800'43a0   0x174  stm32h7xx_hal_pcd.o [4]
  .text              ro code   0x800'4514   0x45a  stm32h7xx_hal_rtc.o [4]
  .text              ro code   0x800'4970   0x8e4  stm32h7xx_hal_uart.o [4]
  .text              ro code   0x800'5254   0x170  stm32h7xx_hal_uart_ex.o [4]
  .text              ro code   0x800'53c4    0x90  stm32h7xx_hal_crc.o [4]
  .text              ro code   0x800'5454   0x62a  stm32h7xx_hal_eth.o [4]
  .text              ro code   0x800'5a80   0x58e  stm32h7xx_hal_spi.o [4]
  .text              ro code   0x800'6010   0x110  User_TM1638.o [7]
  .text              ro code   0x800'6120    0x78  User_RTC.o [7]
  .text              ro code   0x800'6198    0x28  stm32h7xx_hal.o [4]
  .text              ro code   0x800'61c0    0xa6  ABImemcpy.o [10]
  .text              ro code   0x800'6268   0x7f0  tasks.o [5]
  .text              ro code   0x800'6a58   0x43c  stm32h7xx_ll_usb.o [4]
  .text              ro code   0x800'6e94    0x28  stm32h7xx_hal_pcd_ex.o [4]
  .text              ro code   0x800'6ebc   0x230  I64DivMod.o [10]
  .text              ro code   0x800'70ec    0x7e  stm32h7xx_hal_crc_ex.o [4]
  .text              ro code   0x800'716c   0x288  heap_4.o [5]
  .text              ro code   0x800'73f4    0x9a  list.o [5]
  .text              ro code   0x800'7490   0x1d0  port.o [5]
  .text              ro code   0x800'7660     0x2  I64DivZer.o [10]
  .text              ro code   0x800'7664    0x34  port.o [5]
  CODE               ro code   0x800'7698    0xb0  portasm.o [5]
  .text              ro code   0x800'7748   0x114  system_stm32h7xx.o [3]
  .text              ro code   0x800'785c    0x38  zero_init3.o [10]
  .text              ro code   0x800'7894    0x28  data_init.o [10]
  .text              ro code   0x800'78bc    0x22  fpinit_M.o [9]
  .iar.init_table    const     0x800'78e0    0x34  - Linker created -
  .text              ro code   0x800'7914    0x1e  cmain.o [10]
  .text              ro code   0x800'7932     0x4  low_level_init.o [8]
  .text              ro code   0x800'7936     0x4  exit.o [8]
  .text              ro code   0x800'793c     0xa  cexit.o [10]
  .text              ro code   0x800'7948    0x14  exit.o [11]
  .rodata            const     0x800'795c    0x1c  freertos.o [2]
  .text              ro code   0x800'7978    0x1c  stm32h7xx_it.o [2]
  .text              ro code   0x800'7994    0x1c  cstartup_M.o [10]
  .rodata            const     0x800'79b0    0x18  stm32h7xx_hal_uart.o [4]
  Initializer bytes  const     0x800'79c8    0x14  <for P2-1>
  .rodata            const     0x800'79dc    0x10  system_stm32h7xx.o [3]
  .text              ro code   0x800'79ec    0x10  startup_stm32h743xx.o [1]
  .rodata            const     0x800'79fc     0xc  freertos.o [2]
  .rodata            const     0x800'7a08     0xc  User_TM1638.o [7]
  .rodata            const     0x800'7a14     0x8  stm32h7xx_hal_uart_ex.o [4]
  .rodata            const     0x800'7a1c     0x8  stm32h7xx_hal_uart_ex.o [4]
  .rodata            const     0x800'7a24     0x8  tasks.o [5]
  .rodata            const     0x800'7a2c     0x4  heap_4.o [5]
  .text              ro code   0x800'7a30     0x4  startup_stm32h743xx.o [1]
  .text              ro code   0x800'7a34     0x4  startup_stm32h743xx.o [1]
  .text              ro code   0x800'7a38     0x4  startup_stm32h743xx.o [1]
  .text              ro code   0x800'7a3c     0x4  startup_stm32h743xx.o [1]
  .text              ro code   0x800'7a40     0x4  startup_stm32h743xx.o [1]
  .text              ro code   0x800'7a44     0x4  startup_stm32h743xx.o [1]
  .text              ro code   0x800'7a48     0x4  startup_stm32h743xx.o [1]
  .text              ro code   0x800'7a4c     0x4  startup_stm32h743xx.o [1]
  .text              ro code   0x800'7a50     0x4  startup_stm32h743xx.o [1]
  .text              ro code   0x800'7a54     0x4  startup_stm32h743xx.o [1]
  .text              ro code   0x800'7a58     0x4  startup_stm32h743xx.o [1]
  .text              ro code   0x800'7a5c     0x4  startup_stm32h743xx.o [1]
  .text              ro code   0x800'7a60     0x4  startup_stm32h743xx.o [1]
  .text              ro code   0x800'7a64     0x4  startup_stm32h743xx.o [1]
  .text              ro code   0x800'7a68     0x4  startup_stm32h743xx.o [1]
  .text              ro code   0x800'7a6c     0x4  startup_stm32h743xx.o [1]
  .text              ro code   0x800'7a70     0x4  startup_stm32h743xx.o [1]
  .text              ro code   0x800'7a74     0x4  startup_stm32h743xx.o [1]
  .text              ro code   0x800'7a78     0x4  startup_stm32h743xx.o [1]
  .text              ro code   0x800'7a7c     0x4  startup_stm32h743xx.o [1]
  .text              ro code   0x800'7a80     0x4  startup_stm32h743xx.o [1]
  .text              ro code   0x800'7a84     0x4  startup_stm32h743xx.o [1]
  .text              ro code   0x800'7a88     0x4  startup_stm32h743xx.o [1]
  .text              ro code   0x800'7a8c     0x4  startup_stm32h743xx.o [1]
  .text              ro code   0x800'7a90     0x4  startup_stm32h743xx.o [1]
  .text              ro code   0x800'7a94     0x4  startup_stm32h743xx.o [1]
  .text              ro code   0x800'7a98     0x4  startup_stm32h743xx.o [1]
  .text              ro code   0x800'7a9c     0x4  startup_stm32h743xx.o [1]
  .text              ro code   0x800'7aa0     0x4  startup_stm32h743xx.o [1]
  .text              ro code   0x800'7aa4     0x4  startup_stm32h743xx.o [1]
  .text              ro code   0x800'7aa8     0x4  startup_stm32h743xx.o [1]
  .text              ro code   0x800'7aac     0x4  startup_stm32h743xx.o [1]
  .text              ro code   0x800'7ab0     0x4  startup_stm32h743xx.o [1]
  .text              ro code   0x800'7ab4     0x4  startup_stm32h743xx.o [1]
  .text              ro code   0x800'7ab8     0x4  startup_stm32h743xx.o [1]
  .text              ro code   0x800'7abc     0x4  startup_stm32h743xx.o [1]
  .text              ro code   0x800'7ac0     0x4  startup_stm32h743xx.o [1]
  .text              ro code   0x800'7ac4     0x4  startup_stm32h743xx.o [1]
  .text              ro code   0x800'7ac8     0x4  startup_stm32h743xx.o [1]
  .text              ro code   0x800'7acc     0x4  startup_stm32h743xx.o [1]
  .text              ro code   0x800'7ad0     0x4  startup_stm32h743xx.o [1]
  .text              ro code   0x800'7ad4     0x4  startup_stm32h743xx.o [1]
  .text              ro code   0x800'7ad8     0x4  startup_stm32h743xx.o [1]
  .text              ro code   0x800'7adc     0x4  startup_stm32h743xx.o [1]
  .text              ro code   0x800'7ae0     0x4  startup_stm32h743xx.o [1]
  .text              ro code   0x800'7ae4     0x4  startup_stm32h743xx.o [1]
  .text              ro code   0x800'7ae8     0x4  startup_stm32h743xx.o [1]
  .text              ro code   0x800'7aec     0x4  startup_stm32h743xx.o [1]
  .text              ro code   0x800'7af0     0x4  startup_stm32h743xx.o [1]
  .text              ro code   0x800'7af4     0x4  startup_stm32h743xx.o [1]
  .text              ro code   0x800'7af8     0x4  startup_stm32h743xx.o [1]
  .text              ro code   0x800'7afc     0x4  startup_stm32h743xx.o [1]
  .text              ro code   0x800'7b00     0x4  startup_stm32h743xx.o [1]
  .text              ro code   0x800'7b04     0x4  startup_stm32h743xx.o [1]
  .text              ro code   0x800'7b08     0x4  startup_stm32h743xx.o [1]
  .text              ro code   0x800'7b0c     0x4  startup_stm32h743xx.o [1]
  .text              ro code   0x800'7b10     0x4  startup_stm32h743xx.o [1]
  .text              ro code   0x800'7b14     0x4  startup_stm32h743xx.o [1]
  .text              ro code   0x800'7b18     0x4  startup_stm32h743xx.o [1]
  .text              ro code   0x800'7b1c     0x4  startup_stm32h743xx.o [1]
  .text              ro code   0x800'7b20     0x4  startup_stm32h743xx.o [1]
  .text              ro code   0x800'7b24     0x4  startup_stm32h743xx.o [1]
  .text              ro code   0x800'7b28     0x4  startup_stm32h743xx.o [1]
  .text              ro code   0x800'7b2c     0x4  startup_stm32h743xx.o [1]
  .text              ro code   0x800'7b30     0x4  startup_stm32h743xx.o [1]
  .text              ro code   0x800'7b34     0x4  startup_stm32h743xx.o [1]
  .text              ro code   0x800'7b38     0x4  startup_stm32h743xx.o [1]
  .text              ro code   0x800'7b3c     0x4  startup_stm32h743xx.o [1]
  .text              ro code   0x800'7b40     0x4  startup_stm32h743xx.o [1]
  .text              ro code   0x800'7b44     0x4  startup_stm32h743xx.o [1]
  .text              ro code   0x800'7b48     0x4  startup_stm32h743xx.o [1]
  .text              ro code   0x800'7b4c     0x4  startup_stm32h743xx.o [1]
  .text              ro code   0x800'7b50     0x4  startup_stm32h743xx.o [1]
  .text              ro code   0x800'7b54     0x4  startup_stm32h743xx.o [1]
  .text              ro code   0x800'7b58     0x4  startup_stm32h743xx.o [1]
  .text              ro code   0x800'7b5c     0x4  startup_stm32h743xx.o [1]
  .text              ro code   0x800'7b60     0x4  startup_stm32h743xx.o [1]
  .text              ro code   0x800'7b64     0x4  startup_stm32h743xx.o [1]
  .text              ro code   0x800'7b68     0x4  startup_stm32h743xx.o [1]
  .text              ro code   0x800'7b6c     0x4  startup_stm32h743xx.o [1]
  .text              ro code   0x800'7b70     0x4  startup_stm32h743xx.o [1]
  .text              ro code   0x800'7b74     0x4  startup_stm32h743xx.o [1]
  .text              ro code   0x800'7b78     0x4  startup_stm32h743xx.o [1]
  .text              ro code   0x800'7b7c     0x4  startup_stm32h743xx.o [1]
  .text              ro code   0x800'7b80     0x4  startup_stm32h743xx.o [1]
  .text              ro code   0x800'7b84     0x4  startup_stm32h743xx.o [1]
  .text              ro code   0x800'7b88     0x4  startup_stm32h743xx.o [1]
  .text              ro code   0x800'7b8c     0x4  startup_stm32h743xx.o [1]
  .text              ro code   0x800'7b90     0x4  startup_stm32h743xx.o [1]
  .text              ro code   0x800'7b94     0x4  startup_stm32h743xx.o [1]
  .text              ro code   0x800'7b98     0x4  startup_stm32h743xx.o [1]
  .text              ro code   0x800'7b9c     0x4  startup_stm32h743xx.o [1]
  .text              ro code   0x800'7ba0     0x4  startup_stm32h743xx.o [1]
  .text              ro code   0x800'7ba4     0x4  startup_stm32h743xx.o [1]
  .text              ro code   0x800'7ba8     0x4  startup_stm32h743xx.o [1]
  .text              ro code   0x800'7bac     0x4  startup_stm32h743xx.o [1]
  .text              ro code   0x800'7bb0     0x4  startup_stm32h743xx.o [1]
  .text              ro code   0x800'7bb4     0x4  startup_stm32h743xx.o [1]
  .text              ro code   0x800'7bb8     0x4  startup_stm32h743xx.o [1]
  .text              ro code   0x800'7bbc     0x4  startup_stm32h743xx.o [1]
  .text              ro code   0x800'7bc0     0x4  startup_stm32h743xx.o [1]
  .text              ro code   0x800'7bc4     0x4  startup_stm32h743xx.o [1]
  .text              ro code   0x800'7bc8     0x4  startup_stm32h743xx.o [1]
  .text              ro code   0x800'7bcc     0x4  startup_stm32h743xx.o [1]
  .text              ro code   0x800'7bd0     0x4  startup_stm32h743xx.o [1]
  .text              ro code   0x800'7bd4     0x4  startup_stm32h743xx.o [1]
  .text              ro code   0x800'7bd8     0x4  startup_stm32h743xx.o [1]
  .text              ro code   0x800'7bdc     0x4  startup_stm32h743xx.o [1]
  .text              ro code   0x800'7be0     0x4  startup_stm32h743xx.o [1]
  .text              ro code   0x800'7be4     0x4  startup_stm32h743xx.o [1]
  .text              ro code   0x800'7be8     0x4  startup_stm32h743xx.o [1]
  .text              ro code   0x800'7bec     0x4  startup_stm32h743xx.o [1]
  .text              ro code   0x800'7bf0     0x4  startup_stm32h743xx.o [1]
  .text              ro code   0x800'7bf4     0x4  startup_stm32h743xx.o [1]
  .text              ro code   0x800'7bf8     0x4  startup_stm32h743xx.o [1]
  .text              ro code   0x800'7bfc     0x4  startup_stm32h743xx.o [1]
  .text              ro code   0x800'7c00     0x4  startup_stm32h743xx.o [1]
  .text              ro code   0x800'7c04     0x4  startup_stm32h743xx.o [1]
  .text              ro code   0x800'7c08     0x4  startup_stm32h743xx.o [1]
  .text              ro code   0x800'7c0c     0x4  startup_stm32h743xx.o [1]
  .text              ro code   0x800'7c10     0x4  startup_stm32h743xx.o [1]
  .text              ro code   0x800'7c14     0x4  startup_stm32h743xx.o [1]
  .text              ro code   0x800'7c18     0x4  startup_stm32h743xx.o [1]
  .text              ro code   0x800'7c1c     0x4  startup_stm32h743xx.o [1]
  .text              ro code   0x800'7c20     0x4  startup_stm32h743xx.o [1]
  .text              ro code   0x800'7c24     0x4  startup_stm32h743xx.o [1]
  .text              ro code   0x800'7c28     0x4  startup_stm32h743xx.o [1]
  .text              ro code   0x800'7c2c     0x4  startup_stm32h743xx.o [1]
  .text              ro code   0x800'7c30     0x4  startup_stm32h743xx.o [1]
  .text              ro code   0x800'7c34     0x4  startup_stm32h743xx.o [1]
  .text              ro code   0x800'7c38     0x4  startup_stm32h743xx.o [1]
  .text              ro code   0x800'7c3c     0x4  startup_stm32h743xx.o [1]
  .text              ro code   0x800'7c40     0x4  startup_stm32h743xx.o [1]
  .text              ro code   0x800'7c44     0x4  startup_stm32h743xx.o [1]
  .text              ro code   0x800'7c48     0x4  startup_stm32h743xx.o [1]
  .text              ro code   0x800'7c4c     0x4  startup_stm32h743xx.o [1]
  .text              ro code   0x800'7c50     0x4  startup_stm32h743xx.o [1]
  .text              ro code   0x800'7c54     0x4  startup_stm32h743xx.o [1]
  .rodata            const     0x800'7c58     0x0  zero_init3.o [10]
  .rodata            const     0x800'7c58     0x0  copy_init3.o [10]
                             - 0x800'7c58  0x79c0

"P2", part 1 of 3:                           0x14
  P2-1                        0x2000'0000    0x11  <Init block>
    .data            inited   0x2000'0000     0x4  port.o [5]
    .data            inited   0x2000'0004     0x4  stm32h7xx_hal.o [4]
    .data            inited   0x2000'0008     0x4  system_stm32h7xx.o [3]
    .data            inited   0x2000'000c     0x4  system_stm32h7xx.o [3]
    .data            inited   0x2000'0010     0x1  stm32h7xx_hal.o [4]
                            - 0x2000'0011    0x11

"P2", part 2 of 3:                         0x486c
  .bss               zero     0x2000'0014  0x3c00  heap_4.o [5]
  .bss               zero     0x2000'3c14   0x4e4  usb_otg.o [2]
  .bss               zero     0x2000'40f8   0x200  freertos.o [2]
  .bss               zero     0x2000'42f8    0xb0  eth.o [2]
  .bss               zero     0x2000'43a8    0x94  usart.o [2]
  .bss               zero     0x2000'443c    0x8c  tasks.o [5]
  .bss               zero     0x2000'44c8    0x88  spi.o [2]
  .bss               zero     0x2000'4550    0x88  spi.o [2]
  .bss               zero     0x2000'45d8    0x54  freertos.o [2]
  .bss               zero     0x2000'462c    0x4c  stm32h7xx_hal_timebase_tim.o [2]
  .bss               zero     0x2000'4678    0x4c  tim.o [2]
  .bss               zero     0x2000'46c4    0x4c  tim.o [2]
  .bss               zero     0x2000'4710    0x38  eth.o [2]
  .bss               zero     0x2000'4748    0x24  crc.o [2]
  .bss               zero     0x2000'476c    0x24  rtc.o [2]
  .bss               zero     0x2000'4790    0x14  tasks.o [5]
  .bss               zero     0x2000'47a4    0x14  tasks.o [5]
  .bss               zero     0x2000'47b8    0x14  tasks.o [5]
  .bss               zero     0x2000'47cc    0x14  tasks.o [5]
  .bss               zero     0x2000'47e0    0x14  tasks.o [5]
  .bss               zero     0x2000'47f4    0x14  User_RTC.o [7]
  .bss               zero     0x2000'4808     0x8  eth.o [2]
  .bss               zero     0x2000'4810     0x8  heap_4.o [5]
  .bss               zero     0x2000'4818     0x4  freertos.o [2]
  .bss               zero     0x2000'481c     0x4  heap_4.o [5]
  .bss               zero     0x2000'4820     0x4  heap_4.o [5]
  .bss               zero     0x2000'4824     0x4  heap_4.o [5]
  .bss               zero     0x2000'4828     0x4  heap_4.o [5]
  .bss               zero     0x2000'482c     0x4  heap_4.o [5]
  .bss               zero     0x2000'4830     0x4  heap_4.o [5]
  .bss               zero     0x2000'4834     0x4  port.o [5]
  .bss               zero     0x2000'4838     0x4  stm32h7xx_hal.o [4]
  .bss               zero     0x2000'483c     0x4  tasks.o [5]
  .bss               zero     0x2000'4840     0x4  tasks.o [5]
  .bss               zero     0x2000'4844     0x4  tasks.o [5]
  .bss               zero     0x2000'4848     0x4  tasks.o [5]
  .bss               zero     0x2000'484c     0x4  tasks.o [5]
  .bss               zero     0x2000'4850     0x4  tasks.o [5]
  .bss               zero     0x2000'4854     0x4  tasks.o [5]
  .bss               zero     0x2000'4858     0x4  tasks.o [5]
  .bss               zero     0x2000'485c     0x4  tasks.o [5]
  .bss               zero     0x2000'4860     0x4  tasks.o [5]
  .bss               zero     0x2000'4864     0x4  tasks.o [5]
  .bss               zero     0x2000'4868     0x4  tasks.o [5]
  .bss               zero     0x2000'486c     0x4  tasks.o [5]
  .bss               zero     0x2000'4870     0x4  tasks.o [5]
  .bss               zero     0x2000'4874     0x4  tasks.o [5]
  .bss               zero     0x2000'4878     0x4  User_RTC.o [7]
  .bss               zero     0x2000'487c     0x1  port.o [5]
  .bss               zero     0x2000'487d     0x1  User_TM1638.o [7]
                            - 0x2000'487e  0x486a

"P2", part 3 of 3:                          0x400
  CSTACK                      0x2000'4880   0x400  <Block>
    CSTACK           uninit   0x2000'4880   0x400  <Block tail>
                            - 0x2000'4c80   0x400

Absolute sections, part 1 of 2:              0x60
  .bss               zero     0x3000'0000    0x60  eth.o [2]
                            - 0x3000'0060    0x60

Absolute sections, part 2 of 2:              0x60
  .bss               zero     0x3000'0200    0x60  eth.o [2]
                            - 0x3000'0260    0x60

Unused ranges:

         From           To       Size
         ----           --       ----
   0x800'7c58   0x81f'ffff  0x1f'83a8
  0x2000'4c80  0x2001'ffff   0x1'b380


*******************************************************************************
*** INIT TABLE
***

          Address      Size
          -------      ----
Zero (__iar_zero_init3)
    3 destination ranges, total size 0x492a:
          0x2000'0014  0x486a
          0x3000'0000    0x60
          0x3000'0200    0x60

Copy (__iar_copy_init3)
    1 source range, total size 0x14 (117% of destination):
           0x800'79c8    0x14
    1 destination range, total size 0x11:
          0x2000'0000    0x11



*******************************************************************************
*** MODULE SUMMARY
***

    Module                        ro code  ro data  rw data  rw data
                                                              (abs)
    ------                        -------  -------  -------  -------
command line/config:
    ----------------------------------------------------------------
    Total:

C:\Users\LeeJaeHwa\Desktop\ToyProject\EWARM\ToyProject\Obj\Application\EWARM: [1]
    startup_stm32h743xx.o           1'232
    ----------------------------------------------------------------
    Total:                          1'232

C:\Users\LeeJaeHwa\Desktop\ToyProject\EWARM\ToyProject\Obj\Application\User\Core: [2]
    crc.o                              88                36
    eth.o                             424               240      192
    freertos.o                         72       40      600
    gpio.o                            436
    main.o                            632
    rtc.o                             248                36
    spi.o                             440               272
    stm32h7xx_hal_msp.o                40
    stm32h7xx_hal_timebase_tim.o      176                76
    stm32h7xx_it.o                     28
    tim.o                             564               152
    usart.o                           272               148
    usb_otg.o                         252             1'252
    ----------------------------------------------------------------
    Total:                          3'672       40    2'812      192

C:\Users\LeeJaeHwa\Desktop\ToyProject\EWARM\ToyProject\Obj\Drivers\CMSIS: [3]
    system_stm32h7xx.o                276       24        8
    ----------------------------------------------------------------
    Total:                            276       24        8

C:\Users\LeeJaeHwa\Desktop\ToyProject\EWARM\ToyProject\Obj\Drivers\STM32H7xx_HAL_Driver: [4]
    stm32h7xx_hal.o                   212        5        9
    stm32h7xx_hal_cortex.o            272
    stm32h7xx_hal_crc.o               144
    stm32h7xx_hal_crc_ex.o            126
    stm32h7xx_hal_eth.o             1'578
    stm32h7xx_hal_gpio.o              612
    stm32h7xx_hal_pcd.o               372
    stm32h7xx_hal_pcd_ex.o             40
    stm32h7xx_hal_pwr.o                16
    stm32h7xx_hal_pwr_ex.o            100
    stm32h7xx_hal_rcc.o             3'256
    stm32h7xx_hal_rcc_ex.o          4'800
    stm32h7xx_hal_rtc.o             1'114
    stm32h7xx_hal_spi.o             1'422
    stm32h7xx_hal_tim.o             3'196
    stm32h7xx_hal_tim_ex.o            202
    stm32h7xx_hal_uart.o            2'276       24
    stm32h7xx_hal_uart_ex.o           368       16
    stm32h7xx_ll_usb.o              1'084
    ----------------------------------------------------------------
    Total:                         21'190       45        9

C:\Users\LeeJaeHwa\Desktop\ToyProject\EWARM\ToyProject\Obj\Middlewares\FreeRTOS: [5]
    cmsis_os.o                        152
    heap_4.o                          648        4   15'392
    list.o                            154
    port.o                            516        4        9
    portasm.o                         176
    tasks.o                         2'032        8      300
    ----------------------------------------------------------------
    Total:                          3'678       16   15'701

C:\Users\LeeJaeHwa\Desktop\ToyProject\EWARM\ToyProject\Obj\System: [6]
    User_Init.o                        28
    User_SuperLoop.o                   32
    ----------------------------------------------------------------
    Total:                             60

C:\Users\LeeJaeHwa\Desktop\ToyProject\EWARM\ToyProject\Obj\System\Peripheral: [7]
    User_RTC.o                        120                24
    User_TM1638.o                     272       12        1
    ----------------------------------------------------------------
    Total:                            392       12       25

dl7M_tlf.a: [8]
    exit.o                              4
    low_level_init.o                    4
    ----------------------------------------------------------------
    Total:                              8

m7M_tlv.a: [9]
    fpinit_M.o                         34
    ----------------------------------------------------------------
    Total:                             34

rt7M_tl.a: [10]
    ABImemcpy.o                       166
    ABImemset.o                       102
    I64DivMod.o                       560
    I64DivZer.o                         2
    cexit.o                            10
    cmain.o                            30
    copy_init3.o                       42
    cstartup_M.o                       28
    data_init.o                        40
    memset.o                           20
    zero_init3.o                       56
    ----------------------------------------------------------------
    Total:                          1'056

shb_l.a: [11]
    exit.o                             20
    ----------------------------------------------------------------
    Total:                             20

    Gaps                               20        2
    Linker created                              55    1'024
--------------------------------------------------------------------
    Grand Total:                   31'638      194   19'579      192


*******************************************************************************
*** ENTRY LIST
***

Entry                       Address    Size  Type      Object
-----                       -------    ----  ----      ------
.iar.init_table$$Base    0x800'78e0           --   Gb  - Linker created -
.iar.init_table$$Limit   0x800'7914           --   Gb  - Linker created -
?main                    0x800'7915          Code  Gb  cmain.o [10]
ADC3_IRQHandler          0x800'7c09          Code  Wk  startup_stm32h743xx.o [1]
ADC_IRQHandler           0x800'7a79          Code  Wk  startup_stm32h743xx.o [1]
BDMA_Channel0_IRQHandler
                         0x800'7c11          Code  Wk  startup_stm32h743xx.o [1]
BDMA_Channel1_IRQHandler
                         0x800'7c15          Code  Wk  startup_stm32h743xx.o [1]
BDMA_Channel2_IRQHandler
                         0x800'7c19          Code  Wk  startup_stm32h743xx.o [1]
BDMA_Channel3_IRQHandler
                         0x800'7c1d          Code  Wk  startup_stm32h743xx.o [1]
BDMA_Channel4_IRQHandler
                         0x800'7c21          Code  Wk  startup_stm32h743xx.o [1]
BDMA_Channel5_IRQHandler
                         0x800'7c25          Code  Wk  startup_stm32h743xx.o [1]
BDMA_Channel6_IRQHandler
                         0x800'7c29          Code  Wk  startup_stm32h743xx.o [1]
BDMA_Channel7_IRQHandler
                         0x800'7c2d          Code  Wk  startup_stm32h743xx.o [1]
BusFault_Handler         0x800'797f     0x2  Code  Gb  stm32h7xx_it.o [2]
CEC_IRQHandler           0x800'7b8d          Code  Wk  startup_stm32h743xx.o [1]
COMP1_IRQHandler         0x800'7c31          Code  Wk  startup_stm32h743xx.o [1]
CRS_IRQHandler           0x800'7c49          Code  Wk  startup_stm32h743xx.o [1]
CSTACK$$Base            0x2000'4880           --   Gb  - Linker created -
CSTACK$$Limit           0x2000'4c80           --   Gb  - Linker created -
D1CorePrescTable         0x800'79dc    0x10  Data  Gb  system_stm32h7xx.o [3]
DCMI_IRQHandler          0x800'7b51          Code  Wk  startup_stm32h743xx.o [1]
DFSDM1_FLT0_IRQHandler   0x800'7bcd          Code  Wk  startup_stm32h743xx.o [1]
DFSDM1_FLT1_IRQHandler   0x800'7bd1          Code  Wk  startup_stm32h743xx.o [1]
DFSDM1_FLT2_IRQHandler   0x800'7bd5          Code  Wk  startup_stm32h743xx.o [1]
DFSDM1_FLT3_IRQHandler   0x800'7bd9          Code  Wk  startup_stm32h743xx.o [1]
DMA1_Stream0_IRQHandler
                         0x800'7a5d          Code  Wk  startup_stm32h743xx.o [1]
DMA1_Stream1_IRQHandler
                         0x800'7a61          Code  Wk  startup_stm32h743xx.o [1]
DMA1_Stream2_IRQHandler
                         0x800'7a65          Code  Wk  startup_stm32h743xx.o [1]
DMA1_Stream3_IRQHandler
                         0x800'7a69          Code  Wk  startup_stm32h743xx.o [1]
DMA1_Stream4_IRQHandler
                         0x800'7a6d          Code  Wk  startup_stm32h743xx.o [1]
DMA1_Stream5_IRQHandler
                         0x800'7a71          Code  Wk  startup_stm32h743xx.o [1]
DMA1_Stream6_IRQHandler
                         0x800'7a75          Code  Wk  startup_stm32h743xx.o [1]
DMA1_Stream7_IRQHandler
                         0x800'7ae9          Code  Wk  startup_stm32h743xx.o [1]
DMA2D_IRQHandler         0x800'7b7d          Code  Wk  startup_stm32h743xx.o [1]
DMA2_Stream0_IRQHandler
                         0x800'7b09          Code  Wk  startup_stm32h743xx.o [1]
DMA2_Stream1_IRQHandler
                         0x800'7b0d          Code  Wk  startup_stm32h743xx.o [1]
DMA2_Stream2_IRQHandler
                         0x800'7b11          Code  Wk  startup_stm32h743xx.o [1]
DMA2_Stream3_IRQHandler
                         0x800'7b15          Code  Wk  startup_stm32h743xx.o [1]
DMA2_Stream4_IRQHandler
                         0x800'7b19          Code  Wk  startup_stm32h743xx.o [1]
DMA2_Stream5_IRQHandler
                         0x800'7b29          Code  Wk  startup_stm32h743xx.o [1]
DMA2_Stream6_IRQHandler
                         0x800'7b2d          Code  Wk  startup_stm32h743xx.o [1]
DMA2_Stream7_IRQHandler
                         0x800'7b31          Code  Wk  startup_stm32h743xx.o [1]
DMAMUX1_OVR_IRQHandler   0x800'7bad          Code  Wk  startup_stm32h743xx.o [1]
DMAMUX2_OVR_IRQHandler   0x800'7c0d          Code  Wk  startup_stm32h743xx.o [1]
DMARxDscrTab            0x3000'0000    0x60  Data  Gb  eth.o [2]
DMATxDscrTab            0x3000'0200    0x60  Data  Gb  eth.o [2]
DebugMon_Handler         0x800'7983     0x2  Code  Gb  stm32h7xx_it.o [2]
DisplayRTC               0x800'613b    0x52  Code  Gb  User_RTC.o [7]
ECC_IRQHandler           0x800'7c4d          Code  Wk  startup_stm32h743xx.o [1]
ETH_DMARxDescListInit    0x800'5a11    0x6e  Code  Lc  stm32h7xx_hal_eth.o [4]
ETH_DMATxDescListInit    0x800'59bd    0x54  Code  Lc  stm32h7xx_hal_eth.o [4]
ETH_IRQHandler           0x800'7b1d          Code  Wk  startup_stm32h743xx.o [1]
ETH_MACDMAConfig         0x800'5891   0x12c  Code  Lc  stm32h7xx_hal_eth.o [4]
ETH_SetDMAConfig         0x800'57c7    0x96  Code  Lc  stm32h7xx_hal_eth.o [4]
ETH_SetMACConfig         0x800'5629   0x19e  Code  Lc  stm32h7xx_hal_eth.o [4]
ETH_WKUP_IRQHandler      0x800'7b21          Code  Wk  startup_stm32h743xx.o [1]
EXTI0_IRQHandler         0x800'7a49          Code  Wk  startup_stm32h743xx.o [1]
EXTI15_10_IRQHandler     0x800'7ad1          Code  Wk  startup_stm32h743xx.o [1]
EXTI1_IRQHandler         0x800'7a4d          Code  Wk  startup_stm32h743xx.o [1]
EXTI2_IRQHandler         0x800'7a51          Code  Wk  startup_stm32h743xx.o [1]
EXTI3_IRQHandler         0x800'7a55          Code  Wk  startup_stm32h743xx.o [1]
EXTI4_IRQHandler         0x800'7a59          Code  Wk  startup_stm32h743xx.o [1]
EXTI9_5_IRQHandler       0x800'7a8d          Code  Wk  startup_stm32h743xx.o [1]
Error_Handler            0x800'2e29     0x4  Code  Gb  main.o [2]
FDCAN1_IT0_IRQHandler    0x800'7a7d          Code  Wk  startup_stm32h743xx.o [1]
FDCAN1_IT1_IRQHandler    0x800'7a85          Code  Wk  startup_stm32h743xx.o [1]
FDCAN2_IT0_IRQHandler    0x800'7a81          Code  Wk  startup_stm32h743xx.o [1]
FDCAN2_IT1_IRQHandler    0x800'7a89          Code  Wk  startup_stm32h743xx.o [1]
FDCAN_CAL_IRQHandler     0x800'7b25          Code  Wk  startup_stm32h743xx.o [1]
FLASH_IRQHandler         0x800'7a41          Code  Wk  startup_stm32h743xx.o [1]
FMC_IRQHandler           0x800'7aed          Code  Wk  startup_stm32h743xx.o [1]
FPU_IRQHandler           0x800'7b59          Code  Wk  startup_stm32h743xx.o [1]
GetRTC                   0x800'6121    0x1a  Code  Gb  User_RTC.o [7]
HAL_CRCEx_Polynomial_Set
                         0x800'70ed    0x7e  Code  Gb  stm32h7xx_hal_crc_ex.o [4]
HAL_CRC_Init             0x800'53c5    0x8a  Code  Gb  stm32h7xx_hal_crc.o [4]
HAL_CRC_MspInit          0x800'372f    0x22  Code  Gb  crc.o [2]
HAL_Delay                0x800'6199    0x28  Code  Wk  stm32h7xx_hal.o [4]
HAL_ETH_Init             0x800'5455   0x164  Code  Gb  stm32h7xx_hal_eth.o [4]
HAL_ETH_MspInit          0x800'37c3   0x114  Code  Gb  eth.o [2]
HAL_ETH_SetMDIOClockRange
                         0x800'55b9    0x5e  Code  Gb  stm32h7xx_hal_eth.o [4]
HAL_GPIO_Init            0x800'2f61   0x212  Code  Gb  stm32h7xx_hal_gpio.o [4]
HAL_GPIO_WritePin        0x800'3173    0x1a  Code  Gb  stm32h7xx_hal_gpio.o [4]
HAL_GetREVID             0x800'321b     0xa  Code  Gb  stm32h7xx_hal.o [4]
HAL_GetTick              0x800'1559     0xc  Code  Wk  stm32h7xx_hal.o [4]
HAL_IncTick              0x800'434d    0x18  Code  Wk  stm32h7xx_hal.o [4]
HAL_Init                 0x800'31c5    0x56  Code  Gb  stm32h7xx_hal.o [4]
HAL_InitTick             0x800'1b1d    0x9c  Code  Gb  stm32h7xx_hal_timebase_tim.o [2]
HAL_MspInit              0x800'4365    0x28  Code  Gb  stm32h7xx_hal_msp.o [2]
HAL_NVIC_EnableIRQ       0x800'1cb9     0xe  Code  Gb  stm32h7xx_hal_cortex.o [4]
HAL_NVIC_SetPriority     0x800'1c95    0x24  Code  Gb  stm32h7xx_hal_cortex.o [4]
HAL_NVIC_SetPriorityGrouping
                         0x800'1c89     0xc  Code  Gb  stm32h7xx_hal_cortex.o [4]
HAL_PCDEx_ActivateLPM    0x800'6e95    0x28  Code  Gb  stm32h7xx_hal_pcd_ex.o [4]
HAL_PCD_Init             0x800'43a1   0x174  Code  Gb  stm32h7xx_hal_pcd.o [4]
HAL_PCD_MspInit          0x800'343f    0xaa  Code  Gb  usb_otg.o [2]
HAL_PWREx_ConfigSupply   0x800'3bd9    0x50  Code  Gb  stm32h7xx_hal_pwr_ex.o [4]
HAL_PWREx_EnableUSBVoltageDetector
                         0x800'3c29     0xc  Code  Gb  stm32h7xx_hal_pwr_ex.o [4]
HAL_PWR_EnableBkUpAccess
                         0x800'3c3d     0xc  Code  Gb  stm32h7xx_hal_pwr.o [4]
HAL_RCCEx_GetD3PCLK1Freq
                         0x800'0e7d    0x1e  Code  Gb  stm32h7xx_hal_rcc_ex.o [4]
HAL_RCCEx_GetPLL2ClockFreq
                         0x800'0e9d   0x218  Code  Gb  stm32h7xx_hal_rcc_ex.o [4]
HAL_RCCEx_GetPLL3ClockFreq
                         0x800'10cd   0x218  Code  Gb  stm32h7xx_hal_rcc_ex.o [4]
HAL_RCCEx_PeriphCLKConfig
                         0x800'0299   0xbc4  Code  Gb  stm32h7xx_hal_rcc_ex.o [4]
HAL_RCC_ClockConfig      0x800'1565   0x290  Code  Gb  stm32h7xx_hal_rcc.o [4]
HAL_RCC_GetClockConfig   0x800'1a89    0x50  Code  Gb  stm32h7xx_hal_rcc.o [4]
HAL_RCC_GetHCLKFreq      0x800'1a0d    0x36  Code  Gb  stm32h7xx_hal_rcc.o [4]
HAL_RCC_GetPCLK1Freq     0x800'1a43    0x1a  Code  Gb  stm32h7xx_hal_rcc.o [4]
HAL_RCC_GetPCLK2Freq     0x800'1a5d    0x1a  Code  Gb  stm32h7xx_hal_rcc.o [4]
HAL_RCC_GetSysClockFreq
                         0x800'17f5   0x218  Code  Gb  stm32h7xx_hal_rcc.o [4]
HAL_RCC_OscConfig        0x800'3c4d   0x700  Code  Wk  stm32h7xx_hal_rcc.o [4]
HAL_RTC_GetDate          0x800'47ff    0x52  Code  Gb  stm32h7xx_hal_rtc.o [4]
HAL_RTC_GetTime          0x800'46cd    0x66  Code  Gb  stm32h7xx_hal_rtc.o [4]
HAL_RTC_Init             0x800'4515    0xc2  Code  Gb  stm32h7xx_hal_rtc.o [4]
HAL_RTC_MspInit          0x800'35a3    0x46  Code  Gb  rtc.o [2]
HAL_RTC_SetDate          0x800'4733    0xcc  Code  Gb  stm32h7xx_hal_rtc.o [4]
HAL_RTC_SetTime          0x800'45d7    0xf6  Code  Gb  stm32h7xx_hal_rtc.o [4]
HAL_RTC_WaitForSynchro   0x800'4851    0x2e  Code  Gb  stm32h7xx_hal_rtc.o [4]
HAL_SPI_Init             0x800'5a81   0x19e  Code  Gb  stm32h7xx_hal_spi.o [4]
HAL_SPI_MspInit          0x800'39eb    0xb2  Code  Gb  spi.o [2]
HAL_SPI_Transmit         0x800'5c29   0x2b2  Code  Gb  stm32h7xx_hal_spi.o [4]
HAL_SYSCFG_ETHInterfaceSelect
                         0x800'3225     0xe  Code  Gb  stm32h7xx_hal.o [4]
HAL_TIMEx_Break2Callback
                         0x800'2e2f     0x2  Code  Wk  stm32h7xx_hal_tim_ex.o [4]
HAL_TIMEx_BreakCallback
                         0x800'2e2d     0x2  Code  Wk  stm32h7xx_hal_tim_ex.o [4]
HAL_TIMEx_CommutCallback
                         0x800'2e33     0x2  Code  Wk  stm32h7xx_hal_tim_ex.o [4]
HAL_TIMEx_MasterConfigSynchronization
                         0x800'2e9d    0xa4  Code  Gb  stm32h7xx_hal_tim_ex.o [4]
HAL_TIM_Base_Init        0x800'1cdd    0x7a  Code  Gb  stm32h7xx_hal_tim.o [4]
HAL_TIM_Base_MspInit     0x800'2abb    0x22  Code  Gb  tim.o [2]
HAL_TIM_Base_Start_IT    0x800'1d57    0xa2  Code  Gb  stm32h7xx_hal_tim.o [4]
HAL_TIM_ConfigClockSource
                         0x800'23b9   0x11a  Code  Gb  stm32h7xx_hal_tim.o [4]
HAL_TIM_Encoder_Init     0x800'2021    0xce  Code  Gb  stm32h7xx_hal_tim.o [4]
HAL_TIM_Encoder_MspInit
                         0x800'2add    0x62  Code  Gb  tim.o [2]
HAL_TIM_IC_CaptureCallback
                         0x800'2baf     0x2  Code  Wk  stm32h7xx_hal_tim.o [4]
HAL_TIM_IRQHandler       0x800'2101   0x156  Code  Gb  stm32h7xx_hal_tim.o [4]
HAL_TIM_MspPostInit      0x800'2b3f    0x4e  Code  Gb  tim.o [2]
HAL_TIM_OC_DelayElapsedCallback
                         0x800'2bb1     0x2  Code  Wk  stm32h7xx_hal_tim.o [4]
HAL_TIM_PWM_ConfigChannel
                         0x800'2257   0x162  Code  Gb  stm32h7xx_hal_tim.o [4]
HAL_TIM_PWM_Init         0x800'1e19    0x7a  Code  Gb  stm32h7xx_hal_tim.o [4]
HAL_TIM_PWM_MspInit      0x800'2bad     0x2  Code  Wk  stm32h7xx_hal_tim.o [4]
HAL_TIM_PWM_PulseFinishedCallback
                         0x800'2bb3     0x2  Code  Wk  stm32h7xx_hal_tim.o [4]
HAL_TIM_PWM_Start        0x800'1e93   0x164  Code  Gb  stm32h7xx_hal_tim.o [4]
HAL_TIM_PeriodElapsedCallback
                         0x800'2ded    0x12  Code  Gb  main.o [2]
HAL_TIM_TriggerCallback
                         0x800'2e31     0x2  Code  Wk  stm32h7xx_hal_tim.o [4]
HAL_UARTEx_DisableFifoMode
                         0x800'5255    0x46  Code  Gb  stm32h7xx_hal_uart_ex.o [4]
HAL_UARTEx_SetRxFifoThreshold
                         0x800'52f1    0x56  Code  Gb  stm32h7xx_hal_uart_ex.o [4]
HAL_UARTEx_SetTxFifoThreshold
                         0x800'529b    0x56  Code  Gb  stm32h7xx_hal_uart_ex.o [4]
HAL_UART_Init            0x800'4971    0x7e  Code  Gb  stm32h7xx_hal_uart.o [4]
HAL_UART_MspInit         0x800'3665    0x8a  Code  Gb  usart.o [2]
HRTIM1_FLT_IRQHandler    0x800'7bc9          Code  Wk  startup_stm32h743xx.o [1]
HRTIM1_Master_IRQHandler
                         0x800'7bb1          Code  Wk  startup_stm32h743xx.o [1]
HRTIM1_TIMA_IRQHandler   0x800'7bb5          Code  Wk  startup_stm32h743xx.o [1]
HRTIM1_TIMB_IRQHandler   0x800'7bb9          Code  Wk  startup_stm32h743xx.o [1]
HRTIM1_TIMC_IRQHandler   0x800'7bbd          Code  Wk  startup_stm32h743xx.o [1]
HRTIM1_TIMD_IRQHandler   0x800'7bc1          Code  Wk  startup_stm32h743xx.o [1]
HRTIM1_TIME_IRQHandler   0x800'7bc5          Code  Wk  startup_stm32h743xx.o [1]
HSEM1_IRQHandler         0x800'7c05          Code  Wk  startup_stm32h743xx.o [1]
HardFault_Handler        0x800'797b     0x2  Code  Gb  stm32h7xx_it.o [2]
I2C1_ER_IRQHandler       0x800'7ab1          Code  Wk  startup_stm32h743xx.o [1]
I2C1_EV_IRQHandler       0x800'7aad          Code  Wk  startup_stm32h743xx.o [1]
I2C2_ER_IRQHandler       0x800'7ab9          Code  Wk  startup_stm32h743xx.o [1]
I2C2_EV_IRQHandler       0x800'7ab5          Code  Wk  startup_stm32h743xx.o [1]
I2C3_ER_IRQHandler       0x800'7b3d          Code  Wk  startup_stm32h743xx.o [1]
I2C3_EV_IRQHandler       0x800'7b39          Code  Wk  startup_stm32h743xx.o [1]
I2C4_ER_IRQHandler       0x800'7b95          Code  Wk  startup_stm32h743xx.o [1]
I2C4_EV_IRQHandler       0x800'7b91          Code  Wk  startup_stm32h743xx.o [1]
IsSended_SPI            0x2000'487d     0x1  Data  Lc  User_TM1638.o [7]
JPEG_IRQHandler          0x800'7bf9          Code  Wk  startup_stm32h743xx.o [1]
LPTIM1_IRQHandler        0x800'7b89          Code  Wk  startup_stm32h743xx.o [1]
LPTIM2_IRQHandler        0x800'7c35          Code  Wk  startup_stm32h743xx.o [1]
LPTIM3_IRQHandler        0x800'7c39          Code  Wk  startup_stm32h743xx.o [1]
LPTIM4_IRQHandler        0x800'7c3d          Code  Wk  startup_stm32h743xx.o [1]
LPTIM5_IRQHandler        0x800'7c41          Code  Wk  startup_stm32h743xx.o [1]
LPUART1_IRQHandler       0x800'7c45          Code  Wk  startup_stm32h743xx.o [1]
LTDC_ER_IRQHandler       0x800'7b79          Code  Wk  startup_stm32h743xx.o [1]
LTDC_IRQHandler          0x800'7b75          Code  Wk  startup_stm32h743xx.o [1]
MDIOS_IRQHandler         0x800'7bf5          Code  Wk  startup_stm32h743xx.o [1]
MDIOS_WKUP_IRQHandler    0x800'7bf1          Code  Wk  startup_stm32h743xx.o [1]
MDMA_IRQHandler          0x800'7bfd          Code  Wk  startup_stm32h743xx.o [1]
MX_CRC_Init              0x800'3705    0x2a  Code  Gb  crc.o [2]
MX_ETH_Init              0x800'375d    0x66  Code  Gb  eth.o [2]
MX_ETH_Init::MACAddr    0x2000'4808     0x8  Data  Lc  eth.o [2]
MX_FREERTOS_Init         0x800'3b07    0x1e  Code  Gb  freertos.o [2]
MX_GPIO_Init             0x800'324d   0x1b4  Code  Gb  gpio.o [2]
MX_RTC_Init              0x800'34fd    0xa6  Code  Gb  rtc.o [2]
MX_SPI4_Init             0x800'3905    0x70  Code  Gb  spi.o [2]
MX_SPI5_Init             0x800'3975    0x76  Code  Gb  spi.o [2]
MX_TIM2_Init             0x800'2979    0xba  Code  Gb  tim.o [2]
MX_TIM3_Init             0x800'2a33    0x88  Code  Gb  tim.o [2]
MX_USART3_UART_Init      0x800'35f5    0x70  Code  Gb  usart.o [2]
MX_USB_OTG_FS_PCD_Init   0x800'3401    0x3e  Code  Gb  usb_otg.o [2]
MemManage_Handler        0x800'797d     0x2  Code  Gb  stm32h7xx_it.o [2]
NMI_Handler              0x800'7979     0x2  Code  Gb  stm32h7xx_it.o [2]
NVIC_EncodePriority      0x800'1c49    0x40  Code  Lc  stm32h7xx_hal_cortex.o [4]
OTG_FS_EP1_IN_IRQHandler
                         0x800'7ba1          Code  Wk  startup_stm32h743xx.o [1]
OTG_FS_EP1_OUT_IRQHandler
                         0x800'7b9d          Code  Wk  startup_stm32h743xx.o [1]
OTG_FS_IRQHandler        0x800'7ba9          Code  Wk  startup_stm32h743xx.o [1]
OTG_FS_WKUP_IRQHandler   0x800'7ba5          Code  Wk  startup_stm32h743xx.o [1]
OTG_HS_EP1_IN_IRQHandler
                         0x800'7b45          Code  Wk  startup_stm32h743xx.o [1]
OTG_HS_EP1_OUT_IRQHandler
                         0x800'7b41          Code  Wk  startup_stm32h743xx.o [1]
OTG_HS_IRQHandler        0x800'7b4d          Code  Wk  startup_stm32h743xx.o [1]
OTG_HS_WKUP_IRQHandler   0x800'7b49          Code  Wk  startup_stm32h743xx.o [1]
PVD_AVD_IRQHandler       0x800'7a35          Code  Wk  startup_stm32h743xx.o [1]
PendSV_Handler           0x800'7699          Code  Gb  portasm.o [5]
PeriphCommonClock_Config
                         0x800'2d9b    0x52  Code  Gb  main.o [2]
QUADSPI_IRQHandler       0x800'7b85          Code  Wk  startup_stm32h743xx.o [1]
RCCEx_PLL2_Config        0x800'12fd   0x11c  Code  Lc  stm32h7xx_hal_rcc_ex.o [4]
RCCEx_PLL3_Config        0x800'1419   0x11c  Code  Lc  stm32h7xx_hal_rcc_ex.o [4]
RCC_IRQHandler           0x800'7a45          Code  Wk  startup_stm32h743xx.o [1]
RNG_IRQHandler           0x800'7b55          Code  Wk  startup_stm32h743xx.o [1]
RTC_Alarm_IRQHandler     0x800'7ad5          Code  Wk  startup_stm32h743xx.o [1]
RTC_Bcd2ToByte           0x800'4959    0x16  Code  Gb  stm32h7xx_hal_rtc.o [4]
RTC_ByteToBcd2           0x800'493d    0x1c  Code  Gb  stm32h7xx_hal_rtc.o [4]
RTC_EnterInitMode        0x800'487f    0x4c  Code  Gb  stm32h7xx_hal_rtc.o [4]
RTC_ExitInitMode         0x800'48cb    0x58  Code  Gb  stm32h7xx_hal_rtc.o [4]
RTC_WKUP_IRQHandler      0x800'7a3d          Code  Wk  startup_stm32h743xx.o [1]
Region$$Table$$Base      0x800'78e0           --   Gb  - Linker created -
Region$$Table$$Limit     0x800'7914           --   Gb  - Linker created -
Reset_Handler            0x800'79ed          Code  Wk  startup_stm32h743xx.o [1]
SAI1_IRQHandler          0x800'7b71          Code  Wk  startup_stm32h743xx.o [1]
SAI2_IRQHandler          0x800'7b81          Code  Wk  startup_stm32h743xx.o [1]
SAI3_IRQHandler          0x800'7bdd          Code  Wk  startup_stm32h743xx.o [1]
SAI4_IRQHandler          0x800'7c51          Code  Wk  startup_stm32h743xx.o [1]
SDMMC1_IRQHandler        0x800'7af1          Code  Wk  startup_stm32h743xx.o [1]
SDMMC2_IRQHandler        0x800'7c01          Code  Wk  startup_stm32h743xx.o [1]
SPDIF_RX_IRQHandler      0x800'7b99          Code  Wk  startup_stm32h743xx.o [1]
SPI1_IRQHandler          0x800'7abd          Code  Wk  startup_stm32h743xx.o [1]
SPI2_IRQHandler          0x800'7ac1          Code  Wk  startup_stm32h743xx.o [1]
SPI3_IRQHandler          0x800'7af9          Code  Wk  startup_stm32h743xx.o [1]
SPI4_IRQHandler          0x800'7b65          Code  Wk  startup_stm32h743xx.o [1]
SPI5_IRQHandler          0x800'7b69          Code  Wk  startup_stm32h743xx.o [1]
SPI6_IRQHandler          0x800'7b6d          Code  Wk  startup_stm32h743xx.o [1]
SPI_CloseTransfer        0x800'5ee1    0xce  Code  Lc  stm32h7xx_hal_spi.o [4]
SPI_GetPacketSize        0x800'5ff9    0x16  Code  Lc  stm32h7xx_hal_spi.o [4]
SPI_WaitOnFlagUntilTimeout
                         0x800'5fb5    0x44  Code  Lc  stm32h7xx_hal_spi.o [4]
SVC_Handler              0x800'76f1          Code  Gb  portasm.o [5]
SWPMI1_IRQHandler        0x800'7be1          Code  Wk  startup_stm32h743xx.o [1]
StartDefaultTask         0x800'3b35     0xc  Code  Gb  freertos.o [2]
SysTick_Handler          0x800'7611    0x28  Code  Gb  port.o [5]
SystemClock_Config       0x800'2c7d   0x11e  Code  Gb  main.o [2]
SystemCoreClock         0x2000'0008     0x4  Data  Gb  system_stm32h7xx.o [3]
SystemD2Clock           0x2000'000c     0x4  Data  Gb  system_stm32h7xx.o [3]
SystemInit               0x800'7749    0xb6  Code  Gb  system_stm32h7xx.o [3]
TAMP_STAMP_IRQHandler    0x800'7a39          Code  Wk  startup_stm32h743xx.o [1]
TIM15_IRQHandler         0x800'7be5          Code  Wk  startup_stm32h743xx.o [1]
TIM16_IRQHandler         0x800'7be9          Code  Wk  startup_stm32h743xx.o [1]
TIM17_IRQHandler         0x800'7bed          Code  Wk  startup_stm32h743xx.o [1]
TIM1_BRK_IRQHandler      0x800'7a91          Code  Wk  startup_stm32h743xx.o [1]
TIM1_CC_IRQHandler       0x800'7a9d          Code  Wk  startup_stm32h743xx.o [1]
TIM1_TRG_COM_IRQHandler
                         0x800'7a99          Code  Wk  startup_stm32h743xx.o [1]
TIM1_UP_IRQHandler       0x800'7a95          Code  Wk  startup_stm32h743xx.o [1]
TIM2_IRQHandler          0x800'7aa1          Code  Wk  startup_stm32h743xx.o [1]
TIM3_IRQHandler          0x800'7aa5          Code  Wk  startup_stm32h743xx.o [1]
TIM4_IRQHandler          0x800'7aa9          Code  Wk  startup_stm32h743xx.o [1]
TIM5_IRQHandler          0x800'7af5          Code  Wk  startup_stm32h743xx.o [1]
TIM6_DAC_IRQHandler      0x800'7b05          Code  Wk  startup_stm32h743xx.o [1]
TIM7_IRQHandler          0x800'7985     0xa  Code  Gb  stm32h7xx_it.o [2]
TIM8_BRK_TIM12_IRQHandler
                         0x800'7ad9          Code  Wk  startup_stm32h743xx.o [1]
TIM8_CC_IRQHandler       0x800'7ae5          Code  Wk  startup_stm32h743xx.o [1]
TIM8_TRG_COM_TIM14_IRQHandler
                         0x800'7ae1          Code  Wk  startup_stm32h743xx.o [1]
TIM8_UP_TIM13_IRQHandler
                         0x800'7add          Code  Wk  startup_stm32h743xx.o [1]
TIM_Base_SetConfig       0x800'24d3    0xd4  Code  Gb  stm32h7xx_hal_tim.o [4]
TIM_CCxChannelCmd        0x800'292b    0x24  Code  Gb  stm32h7xx_hal_tim.o [4]
TIM_ETR_SetConfig        0x800'2915    0x16  Code  Gb  stm32h7xx_hal_tim.o [4]
TIM_ITRx_SetConfig       0x800'28cb    0x10  Code  Lc  stm32h7xx_hal_tim.o [4]
TIM_OC1_SetConfig        0x800'25a9    0x9c  Code  Lc  stm32h7xx_hal_tim.o [4]
TIM_OC2_SetConfig        0x800'2645    0x8e  Code  Gb  stm32h7xx_hal_tim.o [4]
TIM_OC3_SetConfig        0x800'26d3    0x8c  Code  Lc  stm32h7xx_hal_tim.o [4]
TIM_OC4_SetConfig        0x800'275f    0x6a  Code  Lc  stm32h7xx_hal_tim.o [4]
TIM_OC5_SetConfig        0x800'27c9    0x5a  Code  Lc  stm32h7xx_hal_tim.o [4]
TIM_OC6_SetConfig        0x800'2823    0x5a  Code  Lc  stm32h7xx_hal_tim.o [4]
TIM_TI1_ConfigInputStage
                         0x800'2881    0x24  Code  Lc  stm32h7xx_hal_tim.o [4]
TIM_TI2_ConfigInputStage
                         0x800'28a5    0x26  Code  Lc  stm32h7xx_hal_tim.o [4]
TM1636_7Seg              0x800'7a08     0xc  Data  Gb  User_TM1638.o [7]
TM1638_DisplayNumber     0x800'6085    0x30  Code  Gb  User_TM1638.o [7]
TM1638_Init              0x800'60c5    0x5c  Code  Gb  User_TM1638.o [7]
TM1638_SendByte          0x800'6045    0x40  Code  Gb  User_TM1638.o [7]
TM1638_SendByte_Single   0x800'6011    0x34  Code  Gb  User_TM1638.o [7]
TxConfig                0x2000'4710    0x38  Data  Gb  eth.o [2]
UART4_IRQHandler         0x800'7afd          Code  Wk  startup_stm32h743xx.o [1]
UART5_IRQHandler         0x800'7b01          Code  Wk  startup_stm32h743xx.o [1]
UART7_IRQHandler         0x800'7b5d          Code  Wk  startup_stm32h743xx.o [1]
UART8_IRQHandler         0x800'7b61          Code  Wk  startup_stm32h743xx.o [1]
UARTEx_SetNbDataToProcess
                         0x800'5347    0x76  Code  Lc  stm32h7xx_hal_uart_ex.o [4]
UARTEx_SetNbDataToProcess::denominator
                         0x800'7a1c     0x8  Data  Lc  stm32h7xx_hal_uart_ex.o [4]
UARTEx_SetNbDataToProcess::numerator
                         0x800'7a14     0x8  Data  Lc  stm32h7xx_hal_uart_ex.o [4]
UARTPrescTable           0x800'79b0    0x18  Data  Gb  stm32h7xx_hal_uart.o [4]
UART_AdvFeatureConfig    0x800'4f61    0xda  Code  Gb  stm32h7xx_hal_uart.o [4]
UART_CheckIdleState      0x800'503b    0xd6  Code  Gb  stm32h7xx_hal_uart.o [4]
UART_EndRxTransfer       0x800'51af    0x60  Code  Lc  stm32h7xx_hal_uart.o [4]
UART_SetConfig           0x800'49ef   0x56c  Code  Gb  stm32h7xx_hal_uart.o [4]
UART_WaitOnFlagUntilTimeout
                         0x800'5111    0x9e  Code  Gb  stm32h7xx_hal_uart.o [4]
USART1_IRQHandler        0x800'7ac5          Code  Wk  startup_stm32h743xx.o [1]
USART2_IRQHandler        0x800'7ac9          Code  Wk  startup_stm32h743xx.o [1]
USART3_IRQHandler        0x800'7acd          Code  Wk  startup_stm32h743xx.o [1]
USART6_IRQHandler        0x800'7b35          Code  Wk  startup_stm32h743xx.o [1]
USB_CoreInit             0x800'6a59    0x98  Code  Gb  stm32h7xx_ll_usb.o [4]
USB_CoreReset            0x800'6e49    0x48  Code  Lc  stm32h7xx_ll_usb.o [4]
USB_DevDisconnect        0x800'6e15    0x28  Code  Gb  stm32h7xx_ll_usb.o [4]
USB_DevInit              0x800'6b6f   0x1f0  Code  Gb  stm32h7xx_ll_usb.o [4]
USB_DisableGlobalInt     0x800'6af1     0xe  Code  Gb  stm32h7xx_ll_usb.o [4]
USB_FlushRxFifo          0x800'6da9    0x46  Code  Gb  stm32h7xx_ll_usb.o [4]
USB_FlushTxFifo          0x800'6d5f    0x4a  Code  Gb  stm32h7xx_ll_usb.o [4]
USB_GetMode              0x800'6e3d     0x8  Code  Gb  stm32h7xx_ll_usb.o [4]
USB_SetCurrentMode       0x800'6aff    0x70  Code  Gb  stm32h7xx_ll_usb.o [4]
USB_SetDevSpeed          0x800'6def    0x1e  Code  Gb  stm32h7xx_ll_usb.o [4]
UsageFault_Handler       0x800'7981     0x2  Code  Gb  stm32h7xx_it.o [2]
User_RunSystem           0x800'3ad9    0x20  Code  Gb  User_SuperLoop.o [6]
User_SystemInit          0x800'3abd    0x1c  Code  Gb  User_Init.o [6]
WAKEUP_PIN_IRQHandler    0x800'7c55          Code  Wk  startup_stm32h743xx.o [1]
WWDG_IRQHandler          0x800'7a31          Code  Wk  startup_stm32h743xx.o [1]
__NVIC_EnableIRQ         0x800'1bfd    0x20  Code  Lc  stm32h7xx_hal_cortex.o [4]
__NVIC_GetPriorityGrouping
                         0x800'1bef     0xc  Code  Lc  stm32h7xx_hal_cortex.o [4]
__NVIC_SetPriority       0x800'1c1d    0x2c  Code  Lc  stm32h7xx_hal_cortex.o [4]
__NVIC_SetPriorityGrouping
                         0x800'1bcd    0x22  Code  Lc  stm32h7xx_hal_cortex.o [4]
__aeabi_ldiv0            0x800'7661          Code  Gb  I64DivZer.o [10]
__aeabi_memcpy           0x800'61c1          Code  Gb  ABImemcpy.o [10]
__aeabi_memcpy4          0x800'61e1          Code  Gb  ABImemcpy.o [10]
__aeabi_memcpy8          0x800'61e1          Code  Gb  ABImemcpy.o [10]
__aeabi_memset           0x800'2e35          Code  Gb  ABImemset.o [10]
__aeabi_uldivmod         0x800'6ebd          Code  Gb  I64DivMod.o [10]
__cmain                  0x800'7915          Code  Gb  cmain.o [10]
__exit                   0x800'7949    0x14  Code  Gb  exit.o [11]
__iar_Memset             0x800'2e35          Code  Gb  ABImemset.o [10]
__iar_Memset_word        0x800'2e3d          Code  Gb  ABImemset.o [10]
__iar_copy_init3         0x800'294f    0x2a  Code  Gb  copy_init3.o [10]
__iar_data_init3         0x800'7895    0x28  Code  Gb  data_init.o [10]
__iar_init_vfp           0x800'78bd          Code  Gb  fpinit_M.o [9]
__iar_program_start      0x800'7995          Code  Gb  cstartup_M.o [10]
__iar_zero_init3         0x800'785d    0x38  Code  Gb  zero_init3.o [10]
__low_level_init         0x800'7933     0x4  Code  Gb  low_level_init.o [8]
__vector_table           0x800'0000          Data  Gb  startup_stm32h743xx.o [1]
_call_main               0x800'7921          Code  Gb  cmain.o [10]
_exit                    0x800'793d          Code  Gb  cexit.o [10]
defaultTaskHandle       0x2000'4818     0x4  Data  Gb  freertos.o [2]
exit                     0x800'7937     0x4  Code  Gb  exit.o [8]
g_Date                  0x2000'4878     0x4  Data  Gb  User_RTC.o [7]
g_Time                  0x2000'47f4    0x14  Data  Gb  User_RTC.o [7]
hcrc                    0x2000'4748    0x24  Data  Gb  crc.o [2]
heth                    0x2000'42f8    0xb0  Data  Gb  eth.o [2]
hpcd_USB_OTG_FS         0x2000'3c14   0x4e4  Data  Gb  usb_otg.o [2]
hrtc                    0x2000'476c    0x24  Data  Gb  rtc.o [2]
hspi4                   0x2000'44c8    0x88  Data  Gb  spi.o [2]
hspi5                   0x2000'4550    0x88  Data  Gb  spi.o [2]
htim2                   0x2000'4678    0x4c  Data  Gb  tim.o [2]
htim3                   0x2000'46c4    0x4c  Data  Gb  tim.o [2]
htim7                   0x2000'462c    0x4c  Data  Gb  stm32h7xx_hal_timebase_tim.o [2]
huart3                  0x2000'43a8    0x94  Data  Gb  usart.o [2]
main                     0x800'2bb5    0xc8  Code  Gb  main.o [2]
makeFreeRtosPriority     0x800'3b41    0x16  Code  Lc  cmsis_os.o [5]
memset                   0x800'438d    0x14  Code  Gb  memset.o [10]
osDelay                  0x800'3bc1    0x18  Code  Gb  cmsis_os.o [5]
osKernelStart            0x800'3b57     0xa  Code  Gb  cmsis_os.o [5]
osThreadCreate           0x800'3b61    0x60  Code  Gb  cmsis_os.o [5]
prvAddCurrentTaskToDelayedList
                         0x800'69a1    0x82  Code  Lc  tasks.o [5]
prvAddNewTaskToReadyList
                         0x800'6447    0x9a  Code  Lc  tasks.o [5]
prvCheckTasksWaitingTermination
                         0x800'68c1    0x3e  Code  Lc  tasks.o [5]
prvDeleteTCB             0x800'68ff    0x44  Code  Lc  tasks.o [5]
prvHeapInit              0x800'7311    0x62  Code  Lc  heap_4.o [5]
prvIdleTask              0x800'6845    0x24  Code  Lc  tasks.o [5]
prvInitialiseNewTask     0x800'6375    0xd2  Code  Lc  tasks.o [5]
prvInitialiseTaskLists   0x800'6869    0x54  Code  Lc  tasks.o [5]
prvInsertBlockIntoFreeList
                         0x800'7373    0x5e  Code  Lc  heap_4.o [5]
prvResetNextTaskUnblockTime
                         0x800'6943    0x2a  Code  Lc  tasks.o [5]
prvTaskExitError         0x800'74b9    0x2a  Code  Lc  port.o [5]
pvPortMalloc             0x800'716d   0x128  Code  Gb  heap_4.o [5]
pxCurrentTCB            0x2000'483c     0x4  Data  Gb  tasks.o [5]
pxDelayedTaskList       0x2000'4840     0x4  Data  Lc  tasks.o [5]
pxEnd                   0x2000'481c     0x4  Data  Lc  heap_4.o [5]
pxOverflowDelayedTaskList
                        0x2000'4844     0x4  Data  Lc  tasks.o [5]
pxPortInitialiseStack    0x800'7491    0x28  Code  Gb  port.o [5]
pxReadyTasksLists       0x2000'443c    0x8c  Data  Lc  tasks.o [5]
ucHeap                  0x2000'0014  0x3c00  Data  Lc  heap_4.o [5]
ucMaxSysCallPriority    0x2000'487c     0x1  Data  Lc  port.o [5]
ulMaxPRIGROUPValue      0x2000'4834     0x4  Data  Lc  port.o [5]
uwTick                  0x2000'4838     0x4  Data  Gb  stm32h7xx_hal.o [4]
uwTickFreq              0x2000'0010     0x1  Data  Gb  stm32h7xx_hal.o [4]
uwTickPrio              0x2000'0004     0x4  Data  Gb  stm32h7xx_hal.o [4]
uxCriticalNesting       0x2000'0000     0x4  Data  Lc  port.o [5]
uxCurrentNumberOfTasks  0x2000'484c     0x4  Data  Lc  tasks.o [5]
uxDeletedTasksWaitingCleanUp
                        0x2000'4848     0x4  Data  Lc  tasks.o [5]
uxListRemove             0x800'7467    0x28  Code  Gb  list.o [5]
uxSchedulerSuspended    0x2000'4874     0x4  Data  Lc  tasks.o [5]
uxTaskNumber            0x2000'4868     0x4  Data  Lc  tasks.o [5]
uxTopReadyPriority      0x2000'4854     0x4  Data  Lc  tasks.o [5]
vApplicationGetIdleTaskMemory
                         0x800'3af9     0xe  Code  Gb  freertos.o [2]
vListInitialise          0x800'73f5    0x1e  Code  Gb  list.o [5]
vListInitialiseItem      0x800'7413     0x6  Code  Gb  list.o [5]
vListInsert              0x800'7431    0x36  Code  Gb  list.o [5]
vListInsertEnd           0x800'7419    0x18  Code  Gb  list.o [5]
vPortEnableVFP           0x800'772d          Code  Gb  portasm.o [5]
vPortEnterCritical       0x800'75b1    0x34  Code  Gb  port.o [5]
vPortExitCritical        0x800'75e5    0x2c  Code  Gb  port.o [5]
vPortFree                0x800'7295    0x7c  Code  Gb  heap_4.o [5]
vPortSetupTimerInterrupt
                         0x800'7665    0x34  Code  Wk  port.o [5]
vPortStartFirstTask      0x800'770d          Code  Gb  portasm.o [5]
vTaskDelay               0x800'64e1    0x4e  Code  Gb  tasks.o [5]
vTaskStartScheduler      0x800'652f    0x90  Code  Gb  tasks.o [5]
vTaskSuspendAll          0x800'65bf     0xc  Code  Gb  tasks.o [5]
vTaskSwitchContext       0x800'67bf    0x6e  Code  Gb  tasks.o [5]
xBlockAllocatedBit      0x2000'4830     0x4  Data  Lc  heap_4.o [5]
xDelayedTaskList1       0x2000'4790    0x14  Data  Lc  tasks.o [5]
xDelayedTaskList2       0x2000'47a4    0x14  Data  Lc  tasks.o [5]
xFreeBytesRemaining     0x2000'4820     0x4  Data  Lc  heap_4.o [5]
xHeapStructSize          0x800'7a2c     0x4  Data  Lc  heap_4.o [5]
xIdleStack              0x2000'40f8   0x200  Data  Lc  freertos.o [2]
xIdleTaskHandle         0x2000'4870     0x4  Data  Lc  tasks.o [5]
xIdleTaskTCBBuffer      0x2000'45d8    0x54  Data  Lc  freertos.o [2]
xMinimumEverFreeBytesRemaining
                        0x2000'4824     0x4  Data  Lc  heap_4.o [5]
xNextTaskUnblockTime    0x2000'486c     0x4  Data  Lc  tasks.o [5]
xNumOfOverflows         0x2000'4864     0x4  Data  Lc  tasks.o [5]
xNumberOfSuccessfulAllocations
                        0x2000'4828     0x4  Data  Lc  heap_4.o [5]
xNumberOfSuccessfulFrees
                        0x2000'482c     0x4  Data  Lc  heap_4.o [5]
xPendedTicks            0x2000'485c     0x4  Data  Lc  tasks.o [5]
xPendingReadyList       0x2000'47b8    0x14  Data  Lc  tasks.o [5]
xPortStartScheduler      0x800'74e3    0xce  Code  Gb  port.o [5]
xSchedulerRunning       0x2000'4858     0x4  Data  Lc  tasks.o [5]
xStart                  0x2000'4810     0x8  Data  Lc  heap_4.o [5]
xSuspendedTaskList      0x2000'47e0    0x14  Data  Lc  tasks.o [5]
xTaskCreate              0x800'6303    0x72  Code  Gb  tasks.o [5]
xTaskCreateStatic        0x800'6269    0x9a  Code  Gb  tasks.o [5]
xTaskIncrementTick       0x800'66b3   0x10c  Code  Gb  tasks.o [5]
xTaskResumeAll           0x800'65cb    0xe8  Code  Gb  tasks.o [5]
xTasksWaitingTermination
                        0x2000'47cc    0x14  Data  Lc  tasks.o [5]
xTickCount              0x2000'4850     0x4  Data  Lc  tasks.o [5]
xYieldPending           0x2000'4860     0x4  Data  Lc  tasks.o [5]


[1] = C:\Users\LeeJaeHwa\Desktop\ToyProject\EWARM\ToyProject\Obj\Application\EWARM
[2] = C:\Users\LeeJaeHwa\Desktop\ToyProject\EWARM\ToyProject\Obj\Application\User\Core
[3] = C:\Users\LeeJaeHwa\Desktop\ToyProject\EWARM\ToyProject\Obj\Drivers\CMSIS
[4] = C:\Users\LeeJaeHwa\Desktop\ToyProject\EWARM\ToyProject\Obj\Drivers\STM32H7xx_HAL_Driver
[5] = C:\Users\LeeJaeHwa\Desktop\ToyProject\EWARM\ToyProject\Obj\Middlewares\FreeRTOS
[6] = C:\Users\LeeJaeHwa\Desktop\ToyProject\EWARM\ToyProject\Obj\System
[7] = C:\Users\LeeJaeHwa\Desktop\ToyProject\EWARM\ToyProject\Obj\System\Peripheral
[8] = dl7M_tlf.a
[9] = m7M_tlv.a
[10] = rt7M_tl.a
[11] = shb_l.a

  31'638 bytes of readonly  code memory
     194 bytes of readonly  data memory
  19'579 bytes of readwrite data memory (+ 192 absolute)

Errors: none
Warnings: none
